Archive member included to satisfy reference by file (symbol)

/home/neo/development/uefi/UDK-uefi-development-kit/MyWorkSpace/Build/MdeModule/DEBUG_GCC44/X64/MdePkg/Library/UefiDriverEntryPoint/UefiDriverEntryPoint/OUTPUT/UefiDriverEntryPoint.lib(DriverEntryPoint.obj)
                              (_ModuleEntryPoint)
/home/neo/development/uefi/UDK-uefi-development-kit/MyWorkSpace/Build/MdeModule/DEBUG_GCC44/X64/MdeModulePkg/Universal/DisplayEngineDxe/DisplayEngineDxe/OUTPUT/DisplayEngine.lib(AutoGen.obj)
                              /home/neo/development/uefi/UDK-uefi-development-kit/MyWorkSpace/Build/MdeModule/DEBUG_GCC44/X64/MdePkg/Library/UefiDriverEntryPoint/UefiDriverEntryPoint/OUTPUT/UefiDriverEntryPoint.lib(DriverEntryPoint.obj) (ProcessLibraryConstructorList)
/home/neo/development/uefi/UDK-uefi-development-kit/MyWorkSpace/Build/MdeModule/DEBUG_GCC44/X64/MdeModulePkg/Universal/DisplayEngineDxe/DisplayEngineDxe/OUTPUT/DisplayEngine.lib(FormDisplay.obj)
                              /home/neo/development/uefi/UDK-uefi-development-kit/MyWorkSpace/Build/MdeModule/DEBUG_GCC44/X64/MdeModulePkg/Universal/DisplayEngineDxe/DisplayEngineDxe/OUTPUT/DisplayEngine.lib(AutoGen.obj) (InitializeDisplayEngine)
/home/neo/development/uefi/UDK-uefi-development-kit/MyWorkSpace/Build/MdeModule/DEBUG_GCC44/X64/MdeModulePkg/Universal/DisplayEngineDxe/DisplayEngineDxe/OUTPUT/DisplayEngine.lib(ProcessOptions.obj)
                              /home/neo/development/uefi/UDK-uefi-development-kit/MyWorkSpace/Build/MdeModule/DEBUG_GCC44/X64/MdeModulePkg/Universal/DisplayEngineDxe/DisplayEngineDxe/OUTPUT/DisplayEngine.lib(FormDisplay.obj) (EmptyEventProcess)
/home/neo/development/uefi/UDK-uefi-development-kit/MyWorkSpace/Build/MdeModule/DEBUG_GCC44/X64/MdeModulePkg/Universal/DisplayEngineDxe/DisplayEngineDxe/OUTPUT/DisplayEngine.lib(InputHandler.obj)
                              /home/neo/development/uefi/UDK-uefi-development-kit/MyWorkSpace/Build/MdeModule/DEBUG_GCC44/X64/MdeModulePkg/Universal/DisplayEngineDxe/DisplayEngineDxe/OUTPUT/DisplayEngine.lib(ProcessOptions.obj) (ReadString)
/home/neo/development/uefi/UDK-uefi-development-kit/MyWorkSpace/Build/MdeModule/DEBUG_GCC44/X64/MdePkg/Library/BaseLib/BaseLib/OUTPUT/BaseLib.lib(MultU64x32.obj)
                              /home/neo/development/uefi/UDK-uefi-development-kit/MyWorkSpace/Build/MdeModule/DEBUG_GCC44/X64/MdeModulePkg/Universal/DisplayEngineDxe/DisplayEngineDxe/OUTPUT/DisplayEngine.lib(InputHandler.obj) (MultU64x32)
/home/neo/development/uefi/UDK-uefi-development-kit/MyWorkSpace/Build/MdeModule/DEBUG_GCC44/X64/MdePkg/Library/BaseLib/BaseLib/OUTPUT/BaseLib.lib(LShiftU64.obj)
                              /home/neo/development/uefi/UDK-uefi-development-kit/MyWorkSpace/Build/MdeModule/DEBUG_GCC44/X64/MdeModulePkg/Universal/DisplayEngineDxe/DisplayEngineDxe/OUTPUT/DisplayEngine.lib(InputHandler.obj) (LShiftU64)
/home/neo/development/uefi/UDK-uefi-development-kit/MyWorkSpace/Build/MdeModule/DEBUG_GCC44/X64/MdePkg/Library/BaseLib/BaseLib/OUTPUT/BaseLib.lib(LinkedList.obj)
                              /home/neo/development/uefi/UDK-uefi-development-kit/MyWorkSpace/Build/MdeModule/DEBUG_GCC44/X64/MdeModulePkg/Universal/DisplayEngineDxe/DisplayEngineDxe/OUTPUT/DisplayEngine.lib(FormDisplay.obj) (InitializeListHead)
/home/neo/development/uefi/UDK-uefi-development-kit/MyWorkSpace/Build/MdeModule/DEBUG_GCC44/X64/MdePkg/Library/BaseLib/BaseLib/OUTPUT/BaseLib.lib(SafeString.obj)
                              /home/neo/development/uefi/UDK-uefi-development-kit/MyWorkSpace/Build/MdeModule/DEBUG_GCC44/X64/MdeModulePkg/Universal/DisplayEngineDxe/DisplayEngineDxe/OUTPUT/DisplayEngine.lib(FormDisplay.obj) (StrCpyS)
/home/neo/development/uefi/UDK-uefi-development-kit/MyWorkSpace/Build/MdeModule/DEBUG_GCC44/X64/MdePkg/Library/BaseLib/BaseLib/OUTPUT/BaseLib.lib(String.obj)
                              /home/neo/development/uefi/UDK-uefi-development-kit/MyWorkSpace/Build/MdeModule/DEBUG_GCC44/X64/MdeModulePkg/Universal/DisplayEngineDxe/DisplayEngineDxe/OUTPUT/DisplayEngine.lib(FormDisplay.obj) (StrLen)
/home/neo/development/uefi/UDK-uefi-development-kit/MyWorkSpace/Build/MdeModule/DEBUG_GCC44/X64/MdePkg/Library/BaseLib/BaseLib/OUTPUT/BaseLib.lib(Math64.obj)
                              /home/neo/development/uefi/UDK-uefi-development-kit/MyWorkSpace/Build/MdeModule/DEBUG_GCC44/X64/MdePkg/Library/BaseLib/BaseLib/OUTPUT/BaseLib.lib(LShiftU64.obj) (InternalMathLShiftU64)
/home/neo/development/uefi/UDK-uefi-development-kit/MyWorkSpace/Build/MdeModule/DEBUG_GCC44/X64/MdePkg/Library/BaseLib/BaseLib/OUTPUT/BaseLib.lib(SwapBytes32.obj)
                              /home/neo/development/uefi/UDK-uefi-development-kit/MyWorkSpace/Build/MdeModule/DEBUG_GCC44/X64/MdePkg/Library/BaseLib/BaseLib/OUTPUT/BaseLib.lib(Math64.obj) (SwapBytes32)
/home/neo/development/uefi/UDK-uefi-development-kit/MyWorkSpace/Build/MdeModule/DEBUG_GCC44/X64/MdePkg/Library/BaseLib/BaseLib/OUTPUT/BaseLib.lib(SwapBytes16.obj)
[...]
Memory Configuration

Name             Origin             Length             Attributes
*default*        0x0000000000000000 0xffffffffffffffff

Linker script and memory map

START GROUP
LOAD /home/neo/development/uefi/UDK-uefi-development-kit/MyWorkSpace/Build/MdeModule/DEBUG_GCC44/X64/MdePkg/Library/BasePcdLibNull/BasePcdLibNull/OUTPUT/BasePcdLibNull.lib
LOAD /home/neo/development/uefi/UDK-uefi-development-kit/MyWorkSpace/Build/MdeModule/DEBUG_GCC44/X64/MdePkg/Library/BaseLib/BaseLib/OUTPUT/BaseLib.lib
LOAD /home/neo/development/uefi/UDK-uefi-development-kit/MyWorkSpace/Build/MdeModule/DEBUG_GCC44/X64/MdePkg/Library/BaseMemoryLib/BaseMemoryLib/OUTPUT/BaseMemoryLib.lib
LOAD /home/neo/development/uefi/UDK-uefi-development-kit/MyWorkSpace/Build/MdeModule/DEBUG_GCC44/X64/MdePkg/Library/BaseDebugLibNull/BaseDebugLibNull/OUTPUT/BaseDebugLibNull.lib
LOAD /home/neo/development/uefi/UDK-uefi-development-kit/MyWorkSpace/Build/MdeModule/DEBUG_GCC44/X64/MdePkg/Library/UefiBootServicesTableLib/UefiBootServicesTableLib/OUTPUT/UefiBootServicesTableLib.lib
LOAD /home/neo/development/uefi/UDK-uefi-development-kit/MyWorkSpace/Build/MdeModule/DEBUG_GCC44/X64/MdePkg/Library/UefiMemoryAllocationLib/UefiMemoryAllocationLib/OUTPUT/UefiMemoryAllocationLib.lib
LOAD /home/neo/development/uefi/UDK-uefi-development-kit/MyWorkSpace/Build/MdeModule/DEBUG_GCC44/X64/MdePkg/Library/BasePrintLib/BasePrintLib/OUTPUT/BasePrintLib.lib
LOAD /home/neo/development/uefi/UDK-uefi-development-kit/MyWorkSpace/Build/MdeModule/DEBUG_GCC44/X64/MdePkg/Library/UefiDevicePathLib/UefiDevicePathLib/OUTPUT/UefiDevicePathLib.lib
LOAD /home/neo/development/uefi/UDK-uefi-development-kit/MyWorkSpace/Build/MdeModule/DEBUG_GCC44/X64/MdePkg/Library/UefiRuntimeServicesTableLib/UefiRuntimeServicesTableLib/OUTPUT/UefiRuntimeServicesTableLib.lib
LOAD /home/neo/development/uefi/UDK-uefi-development-kit/MyWorkSpace/Build/MdeModule/DEBUG_GCC44/X64/MdeModulePkg/Library/UefiHiiServicesLib/UefiHiiServicesLib/OUTPUT/UefiHiiServicesLib.lib
LOAD /home/neo/development/uefi/UDK-uefi-development-kit/MyWorkSpace/Build/MdeModule/DEBUG_GCC44/X64/MdePkg/Library/UefiLib/UefiLib/OUTPUT/UefiLib.lib
LOAD /home/neo/development/uefi/UDK-uefi-development-kit/MyWorkSpace/Build/MdeModule/DEBUG_GCC44/X64/MdeModulePkg/Library/UefiHiiLib/UefiHiiLib/OUTPUT/UefiHiiLib.lib
LOAD /home/neo/development/uefi/UDK-uefi-development-kit/MyWorkSpace/Build/MdeModule/DEBUG_GCC44/X64/MdePkg/Library/UefiDriverEntryPoint/UefiDriverEntryPoint/OUTPUT/UefiDriverEntryPoint.lib
LOAD /home/neo/development/uefi/UDK-uefi-development-kit/MyWorkSpace/Build/MdeModule/DEBUG_GCC44/X64/MdeModulePkg/Library/CustomizedDisplayLib/CustomizedDisplayLib/OUTPUT/CustomizedDisplayLib.lib
LOAD /home/neo/development/uefi/UDK-uefi-development-kit/MyWorkSpace/Build/MdeModule/DEBUG_GCC44/X64/MdeModulePkg/Universal/DisplayEngineDxe/DisplayEngineDxe/OUTPUT/DisplayEngine.lib
END GROUP
                0x0000000000000228                PECOFF_HEADER_SIZE = 0x228
                0x0000000000000228                . = PECOFF_HEADER_SIZE

.text           0x0000000000000240    0x148ca
 *(.text .text.* .stub .gnu.linkonce.t.*)
 .text._DriverUnloadHandler
                0x0000000000000240       0x31 /home/neo/development/uefi/UDK-uefi-development-kit/MyWorkSpace/Build/MdeModule/DEBUG_GCC44/X64/MdePkg/Library/UefiDriverEntryPoint/UefiDriverEntryPoint/OUTPUT/UefiDriverEntryPoint.lib(DriverEntryPoint.obj)
                0x0000000000000240                _DriverUnloadHandler
 .text._ModuleEntryPoint
                0x0000000000000271       0xe8 /home/neo/development/uefi/UDK-uefi-development-kit/MyWorkSpace/Build/MdeModule/DEBUG_GCC44/X64/MdePkg/Library/UefiDriverEntryPoint/UefiDriverEntryPoint/OUTPUT/UefiDriverEntryPoint.lib(DriverEntryPoint.obj)
                0x0000000000000271                _ModuleEntryPoint
 .text.ProcessLibraryConstructorList
                0x0000000000000359      0x1f1 /home/neo/development/uefi/UDK-uefi-development-kit/MyWorkSpace/Build/MdeModule/DEBUG_GCC44/X64/MdeModulePkg/Universal/DisplayEngineDxe/DisplayEngineDxe/OUTPUT/DisplayEngine.lib(AutoGen.obj)
                0x0000000000000359                ProcessLibraryConstructorList
 .text.ProcessLibraryDestructorList
                0x000000000000054a       0x69 /home/neo/development/uefi/UDK-uefi-development-kit/MyWorkSpace/Build/MdeModule/DEBUG_GCC44/X64/MdeModulePkg/Universal/DisplayEngineDxe/DisplayEngineDxe/OUTPUT/DisplayEngine.lib(AutoGen.obj)
                0x000000000000054a                ProcessLibraryDestructorList
 .text.ProcessModuleEntryPointList
                0x00000000000005b3        0x5 /home/neo/development/uefi/UDK-uefi-development-kit/MyWorkSpace/Build/MdeModule/DEBUG_GCC44/X64/MdeModulePkg/Universal/DisplayEngineDxe/DisplayEngineDxe/OUTPUT/DisplayEngine.lib(AutoGen.obj)
                0x00000000000005b3                ProcessModuleEntryPointList
 .text.ProcessModuleUnloadList
                0x00000000000005b8        0x5 /home/neo/development/uefi/UDK-uefi-development-kit/MyWorkSpace/Build/MdeModule/DEBUG_GCC44/X64/MdeModulePkg/Universal/DisplayEngineDxe/DisplayEngineDxe/OUTPUT/DisplayEngine.lib(AutoGen.obj)
                0x00000000000005b8                ProcessModuleUnloadList
 .text.DriverClearDisplayPage
                0x00000000000005bd       0x15 /home/neo/development/uefi/UDK-uefi-development-kit/MyWorkSpace/Build/MdeModule/DEBUG_GCC44/X64/MdeModulePkg/Universal/DisplayEngineDxe/DisplayEngineDxe/OUTPUT/DisplayEngine.lib(FormDisplay.obj)
                0x00000000000005bd                DriverClearDisplayPage
 .text.GetToken
                0x00000000000005d2       0x77 /home/neo/development/uefi/UDK-uefi-development-kit/MyWorkSpace/Build/MdeModule/DEBUG_GCC44/X64/MdeModulePkg/Universal/DisplayEngineDxe/DisplayEngineDxe/OUTPUT/DisplayEngine.lib(FormDisplay.obj)
                0x00000000000005d2                GetToken
 .text.InitializeDisplayStrings
                0x0000000000000649      0x3db /home/neo/development/uefi/UDK-uefi-development-kit/MyWorkSpace/Build/MdeModule/DEBUG_GCC44/X64/MdeModulePkg/Universal/DisplayEngineDxe/DisplayEngineDxe/OUTPUT/DisplayEngine.lib(FormDisplay.obj)
                0x0000000000000649                InitializeDisplayStrings
 .text.FreeDisplayStrings
                0x0000000000000a24      0x1f5 /home/neo/development/uefi/UDK-uefi-development-kit/MyWorkSpace/Build/MdeModule/DEBUG_GCC44/X64/MdeModulePkg/Universal/DisplayEngineDxe/DisplayEngineDxe/OUTPUT/DisplayEngine.lib(FormDisplay.obj)
                0x0000000000000a24                FreeDisplayStrings
 .text.GetWidth
                0x0000000000000c19       0xe6 /home/neo/development/uefi/UDK-uefi-development-kit/MyWorkSpace/Build/MdeModule/DEBUG_GCC44/X64/MdeModulePkg/Universal/DisplayEngineDxe/DisplayEngineDxe/OUTPUT/DisplayEngine.lib(FormDisplay.obj)
                0x0000000000000c19                GetWidth
 .text.GetLineByWidth
                0x0000000000000cff      0x1c3 /home/neo/development/uefi/UDK-uefi-development-kit/MyWorkSpace/Build/MdeModule/DEBUG_GCC44/X64/MdeModulePkg/Universal/DisplayEngineDxe/DisplayEngineDxe/OUTPUT/DisplayEngine.lib(FormDisplay.obj)
                0x0000000000000cff                GetLineByWidth
 .text.UiAddMenuOption
                0x0000000000000ec2      0x28f /home/neo/development/uefi/UDK-uefi-development-kit/MyWorkSpace/Build/MdeModule/DEBUG_GCC44/X64/MdeModulePkg/Universal/DisplayEngineDxe/DisplayEngineDxe/OUTPUT/DisplayEngine.lib(FormDisplay.obj)
                0x0000000000000ec2                UiAddMenuOption
 .text.ConvertStatementToMenu
                0x0000000000001151      0x193 /home/neo/development/uefi/UDK-uefi-development-kit/MyWorkSpace/Build/MdeModule/DEBUG_GCC44/X64/MdeModulePkg/Universal/DisplayEngineDxe/DisplayEngineDxe/OUTPUT/DisplayEngine.lib(FormDisplay.obj)
                0x0000000000001151                ConvertStatementToMenu
 .text.GetStringWidth
                0x00000000000012e4       0x8b /home/neo/development/uefi/UDK-uefi-development-kit/MyWorkSpace/Build/MdeModule/DEBUG_GCC44/X64/MdeModulePkg/Universal/DisplayEngineDxe/DisplayEngineDxe/OUTPUT/DisplayEngine.lib(FormDisplay.obj)
                0x00000000000012e4                GetStringWidth
 .text.UpdateSkipInfoForMenu
                0x000000000000136f       0xba /home/neo/development/uefi/UDK-uefi-development-kit/MyWorkSpace/Build/MdeModule/DEBUG_GCC44/X64/MdeModulePkg/Universal/DisplayEngineDxe/DisplayEngineDxe/OUTPUT/DisplayEngine.lib(FormDisplay.obj)
                0x000000000000136f                UpdateSkipInfoForMenu
 .text.UpdateOptionSkipLines
                0x0000000000001429       0x99 /home/neo/development/uefi/UDK-uefi-development-kit/MyWorkSpace/Build/MdeModule/DEBUG_GCC44/X64/MdeModulePkg/Universal/DisplayEngineDxe/DisplayEngineDxe/OUTPUT/DisplayEngine.lib(FormDisplay.obj)
                0x0000000000001429                UpdateOptionSkipLines
 .text.PrintableMenu
                0x00000000000014c2       0xec /home/neo/development/uefi/UDK-uefi-development-kit/MyWorkSpace/Build/MdeModule/DEBUG_GCC44/X64/MdeModulePkg/Universal/DisplayEngineDxe/DisplayEngineDxe/OUTPUT/DisplayEngine.lib(FormDisplay.obj)
                0x00000000000014c2                PrintableMenu
 .text.IsSelectable
                0x00000000000015ae       0x23 /home/neo/development/uefi/UDK-uefi-development-kit/MyWorkSpace/Build/MdeModule/DEBUG_GCC44/X64/MdeModulePkg/Universal/DisplayEngineDxe/DisplayEngineDxe/OUTPUT/DisplayEngine.lib(FormDisplay.obj)
                0x00000000000015ae                IsSelectable
 .text.MoveToNextStatement
                0x00000000000015d1      0x147 /home/neo/development/uefi/UDK-uefi-development-kit/MyWorkSpace/Build/MdeModule/DEBUG_GCC44/X64/MdeModulePkg/Universal/DisplayEngineDxe/DisplayEngineDxe/OUTPUT/DisplayEngine.lib(FormDisplay.obj)
                0x00000000000015d1                MoveToNextStatement
 .text.AdjustDateAndTimePosition
                0x0000000000001718       0xf8 /home/neo/development/uefi/UDK-uefi-development-kit/MyWorkSpace/Build/MdeModule/DEBUG_GCC44/X64/MdeModulePkg/Universal/DisplayEngineDxe/DisplayEngineDxe/OUTPUT/DisplayEngine.lib(FormDisplay.obj)
                0x0000000000001718                AdjustDateAndTimePosition
 .text.GetFieldFromNum
                0x0000000000001810       0x25 /home/neo/development/uefi/UDK-uefi-development-kit/MyWorkSpace/Build/MdeModule/DEBUG_GCC44/X64/MdeModulePkg/Universal/DisplayEngineDxe/DisplayEngineDxe/OUTPUT/DisplayEngine.lib(FormDisplay.obj)
                0x0000000000001810                GetFieldFromNum
 .text.GetHotKeyFromRegisterList
                0x0000000000001835       0xb2 /home/neo/development/uefi/UDK-uefi-development-kit/MyWorkSpace/Build/MdeModule/DEBUG_GCC44/X64/MdeModulePkg/Universal/DisplayEngineDxe/DisplayEngineDxe/OUTPUT/DisplayEngine.lib(FormDisplay.obj)
                0x0000000000001835                GetHotKeyFromRegisterList
 .text.UiWaitForEvent
                0x00000000000018e7      0x1ff /home/neo/development/uefi/UDK-uefi-development-kit/MyWorkSpace/Build/MdeModule/DEBUG_GCC44/X64/MdeModulePkg/Universal/DisplayEngineDxe/DisplayEngineDxe/OUTPUT/DisplayEngine.lib(FormDisplay.obj)
                0x00000000000018e7                UiWaitForEvent
 .text.FindTopOfScreenMenu
                0x0000000000001ae6       0xcc /home/neo/development/uefi/UDK-uefi-development-kit/MyWorkSpace/Build/MdeModule/DEBUG_GCC44/X64/MdeModulePkg/Universal/DisplayEngineDxe/DisplayEngineDxe/OUTPUT/DisplayEngine.lib(FormDisplay.obj)
                0x0000000000001ae6                FindTopOfScreenMenu
 .text.GetIndexInfoForOpcode
                0x0000000000001bb2       0xab /home/neo/development/uefi/UDK-uefi-development-kit/MyWorkSpace/Build/MdeModule/DEBUG_GCC44/X64/MdeModulePkg/Universal/DisplayEngineDxe/DisplayEngineDxe/OUTPUT/DisplayEngine.lib(FormDisplay.obj)
                0x0000000000001bb2                GetIndexInfoForOpcode
 .text.IsSavedHighlightStatement
                0x0000000000001c5d       0x91 /home/neo/development/uefi/UDK-uefi-development-kit/MyWorkSpace/Build/MdeModule/DEBUG_GCC44/X64/MdeModulePkg/Universal/DisplayEngineDxe/DisplayEngineDxe/OUTPUT/DisplayEngine.lib(FormDisplay.obj)
                0x0000000000001c5d                IsSavedHighlightStatement
 .text.IsHighLightMenuOption
                0x0000000000001cee       0x98 /home/neo/development/uefi/UDK-uefi-development-kit/MyWorkSpace/Build/MdeModule/DEBUG_GCC44/X64/MdeModulePkg/Universal/DisplayEngineDxe/DisplayEngineDxe/OUTPUT/DisplayEngine.lib(FormDisplay.obj)
                0x0000000000001cee                IsHighLightMenuOption
 .text.FindHighLightMenuOption
                0x0000000000001d86      0x165 /home/neo/development/uefi/UDK-uefi-development-kit/MyWorkSpace/Build/MdeModule/DEBUG_GCC44/X64/MdeModulePkg/Universal/DisplayEngineDxe/DisplayEngineDxe/OUTPUT/DisplayEngine.lib(FormDisplay.obj)
                0x0000000000001d86                FindHighLightMenuOption
 .text.IsTopOfScreeMenuOption
                0x0000000000001eeb       0x7f /home/neo/development/uefi/UDK-uefi-development-kit/MyWorkSpace/Build/MdeModule/DEBUG_GCC44/X64/MdeModulePkg/Universal/DisplayEngineDxe/DisplayEngineDxe/OUTPUT/DisplayEngine.lib(FormDisplay.obj)
                0x0000000000001eeb                IsTopOfScreeMenuOption
 .text.FindTopOfScreenMenuOption
                0x0000000000001f6a       0xcb /home/neo/development/uefi/UDK-uefi-development-kit/MyWorkSpace/Build/MdeModule/DEBUG_GCC44/X64/MdeModulePkg/Universal/DisplayEngineDxe/DisplayEngineDxe/OUTPUT/DisplayEngine.lib(FormDisplay.obj)
                0x0000000000001f6a                FindTopOfScreenMenuOption
 .text.UpdateHighlightMenuInfo
                0x0000000000002035      0x2b8 /home/neo/development/uefi/UDK-uefi-development-kit/MyWorkSpace/Build/MdeModule/DEBUG_GCC44/X64/MdeModulePkg/Universal/DisplayEngineDxe/DisplayEngineDxe/OUTPUT/DisplayEngine.lib(FormDisplay.obj)
                0x0000000000002035                UpdateHighlightMenuInfo
 .text.FindTopMenu
                0x00000000000022ed      0x45a /home/neo/development/uefi/UDK-uefi-development-kit/MyWorkSpace/Build/MdeModule/DEBUG_GCC44/X64/MdeModulePkg/Universal/DisplayEngineDxe/DisplayEngineDxe/OUTPUT/DisplayEngine.lib(FormDisplay.obj)
                0x00000000000022ed                FindTopMenu
 .text.SetDisplayAttribute
                0x0000000000002747       0x78 /home/neo/development/uefi/UDK-uefi-development-kit/MyWorkSpace/Build/MdeModule/DEBUG_GCC44/X64/MdeModulePkg/Universal/DisplayEngineDxe/DisplayEngineDxe/OUTPUT/DisplayEngine.lib(FormDisplay.obj)
                0x0000000000002747                SetDisplayAttribute
 .text.DisplayMenuString
                0x00000000000027bf       0x82 /home/neo/development/uefi/UDK-uefi-development-kit/MyWorkSpace/Build/MdeModule/DEBUG_GCC44/X64/MdeModulePkg/Universal/DisplayEngineDxe/DisplayEngineDxe/OUTPUT/DisplayEngine.lib(FormDisplay.obj)
                0x00000000000027bf                DisplayMenuString
 .text.HasOptionString
                0x0000000000002841       0x78 /home/neo/development/uefi/UDK-uefi-development-kit/MyWorkSpace/Build/MdeModule/DEBUG_GCC44/X64/MdeModulePkg/Universal/DisplayEngineDxe/DisplayEngineDxe/OUTPUT/DisplayEngine.lib(FormDisplay.obj)
                0x0000000000002841                HasOptionString
 .text.FxConfirmPopup
                0x00000000000028b9      0x34a /home/neo/development/uefi/UDK-uefi-development-kit/MyWorkSpace/Build/MdeModule/DEBUG_GCC44/X64/MdeModulePkg/Universal/DisplayEngineDxe/DisplayEngineDxe/OUTPUT/DisplayEngine.lib(FormDisplay.obj)
                0x00000000000028b9                FxConfirmPopup
 .text.FreeMenuOptionData
                0x0000000000002c03       0xa2 /home/neo/development/uefi/UDK-uefi-development-kit/MyWorkSpace/Build/MdeModule/DEBUG_GCC44/X64/MdeModulePkg/Universal/DisplayEngineDxe/DisplayEngineDxe/OUTPUT/DisplayEngine.lib(FormDisplay.obj)
                0x0000000000002c03                FreeMenuOptionData
 .text.BrowserStatusProcess
                0x0000000000002ca5      0x61e /home/neo/development/uefi/UDK-uefi-development-kit/MyWorkSpace/Build/MdeModule/DEBUG_GCC44/X64/MdeModulePkg/Universal/DisplayEngineDxe/DisplayEngineDxe/OUTPUT/DisplayEngine.lib(FormDisplay.obj)
                0x0000000000002ca5                BrowserStatusProcess
 .text.SetUnicodeMem
                0x00000000000032c3       0x11 /home/neo/development/uefi/UDK-uefi-development-kit/MyWorkSpace/Build/MdeModule/DEBUG_GCC44/X64/MdeModulePkg/Universal/DisplayEngineDxe/DisplayEngineDxe/OUTPUT/DisplayEngine.lib(FormDisplay.obj)
                0x00000000000032c3                SetUnicodeMem
 .text.ProcessStringForDateTime
                0x00000000000032d4      0x12d /home/neo/development/uefi/UDK-uefi-development-kit/MyWorkSpace/Build/MdeModule/DEBUG_GCC44/X64/MdeModulePkg/Universal/DisplayEngineDxe/DisplayEngineDxe/OUTPUT/DisplayEngine.lib(FormDisplay.obj)
                0x00000000000032d4                ProcessStringForDateTime
 .text.DisplayOneMenu
                0x0000000000003401      0x565 /home/neo/development/uefi/UDK-uefi-development-kit/MyWorkSpace/Build/MdeModule/DEBUG_GCC44/X64/MdeModulePkg/Universal/DisplayEngineDxe/DisplayEngineDxe/OUTPUT/DisplayEngine.lib(FormDisplay.obj)
                0x0000000000003401                DisplayOneMenu
 .text.UiDisplayMenu
                0x0000000000003966     0x2312 /home/neo/development/uefi/UDK-uefi-development-kit/MyWorkSpace/Build/MdeModule/DEBUG_GCC44/X64/MdeModulePkg/Universal/DisplayEngineDxe/DisplayEngineDxe/OUTPUT/DisplayEngine.lib(FormDisplay.obj)
                0x0000000000003966                UiDisplayMenu
 .text.FormDisplay
                0x0000000000005c78      0x214 /home/neo/development/uefi/UDK-uefi-development-kit/MyWorkSpace/Build/MdeModule/DEBUG_GCC44/X64/MdeModulePkg/Universal/DisplayEngineDxe/DisplayEngineDxe/OUTPUT/DisplayEngine.lib(FormDisplay.obj)
                0x0000000000005c78                FormDisplay
 .text.InitializeDisplayEngine
                0x0000000000005e8c      0x278 /home/neo/development/uefi/UDK-uefi-development-kit/MyWorkSpace/Build/MdeModule/DEBUG_GCC44/X64/MdeModulePkg/Universal/DisplayEngineDxe/DisplayEngineDxe/OUTPUT/DisplayEngine.lib(FormDisplay.obj)
                0x0000000000005e8c                InitializeDisplayEngine
 .text.UnloadDisplayEngine
                0x0000000000006104       0xd4 /home/neo/development/uefi/UDK-uefi-development-kit/MyWorkSpace/Build/MdeModule/DEBUG_GCC44/X64/MdeModulePkg/Universal/DisplayEngineDxe/DisplayEngineDxe/OUTPUT/DisplayEngine.lib(FormDisplay.obj)
                0x0000000000006104                UnloadDisplayEngine
 .text.NewStrCat
                0x00000000000061d8       0x3b /home/neo/development/uefi/UDK-uefi-development-kit/MyWorkSpace/Build/MdeModule/DEBUG_GCC44/X64/MdeModulePkg/Universal/DisplayEngineDxe/DisplayEngineDxe/OUTPUT/DisplayEngine.lib(ProcessOptions.obj)
                0x00000000000061d8                NewStrCat
 .text.HiiValueToUINT64
                0x0000000000006213       0x35 /home/neo/development/uefi/UDK-uefi-development-kit/MyWorkSpace/Build/MdeModule/DEBUG_GCC44/X64/MdeModulePkg/Universal/DisplayEngineDxe/DisplayEngineDxe/OUTPUT/DisplayEngine.lib(ProcessOptions.obj)
                0x0000000000006213                HiiValueToUINT64
 .text.IsTypeInBuffer
                0x0000000000006248       0x1a /home/neo/development/uefi/UDK-uefi-development-kit/MyWorkSpace/Build/MdeModule/DEBUG_GCC44/X64/MdeModulePkg/Universal/DisplayEngineDxe/DisplayEngineDxe/OUTPUT/DisplayEngine.lib(ProcessOptions.obj)
                0x0000000000006248                IsTypeInBuffer
 .text.IsTypeInUINT64
                0x0000000000006262        0x7 /home/neo/development/uefi/UDK-uefi-development-kit/MyWorkSpace/Build/MdeModule/DEBUG_GCC44/X64/MdeModulePkg/Universal/DisplayEngineDxe/DisplayEngineDxe/OUTPUT/DisplayEngine.lib(ProcessOptions.obj)
                0x0000000000006262                IsTypeInUINT64
 .text.GetBufAndLenForValue
                0x0000000000006269       0x56 /home/neo/development/uefi/UDK-uefi-development-kit/MyWorkSpace/Build/MdeModule/DEBUG_GCC44/X64/MdeModulePkg/Universal/DisplayEngineDxe/DisplayEngineDxe/OUTPUT/DisplayEngine.lib(ProcessOptions.obj)
                0x0000000000006269                GetBufAndLenForValue
 .text.CompareHiiValue
                0x00000000000062bf      0x1d4 /home/neo/development/uefi/UDK-uefi-development-kit/MyWorkSpace/Build/MdeModule/DEBUG_GCC44/X64/MdeModulePkg/Universal/DisplayEngineDxe/DisplayEngineDxe/OUTPUT/DisplayEngine.lib(ProcessOptions.obj)
                0x00000000000062bf                CompareHiiValue
 .text.ValueToOption
                0x0000000000006493      0x11a /home/neo/development/uefi/UDK-uefi-development-kit/MyWorkSpace/Build/MdeModule/DEBUG_GCC44/X64/MdeModulePkg/Universal/DisplayEngineDxe/DisplayEngineDxe/OUTPUT/DisplayEngine.lib(ProcessOptions.obj)
                0x0000000000006493                ValueToOption
 .text.GetArrayData
                0x00000000000065ad       0x75 /home/neo/development/uefi/UDK-uefi-development-kit/MyWorkSpace/Build/MdeModule/DEBUG_GCC44/X64/MdeModulePkg/Universal/DisplayEngineDxe/DisplayEngineDxe/OUTPUT/DisplayEngine.lib(ProcessOptions.obj)
                0x00000000000065ad                GetArrayData
 .text.SetArrayData
                0x0000000000006622       0x7b /home/neo/development/uefi/UDK-uefi-development-kit/MyWorkSpace/Build/MdeModule/DEBUG_GCC44/X64/MdeModulePkg/Universal/DisplayEngineDxe/DisplayEngineDxe/OUTPUT/DisplayEngine.lib(ProcessOptions.obj)
                0x0000000000006622                SetArrayData
 .text.FindArrayData
                0x000000000000669d       0xab /home/neo/development/uefi/UDK-uefi-development-kit/MyWorkSpace/Build/MdeModule/DEBUG_GCC44/X64/MdeModulePkg/Universal/DisplayEngineDxe/DisplayEngineDxe/OUTPUT/DisplayEngine.lib(ProcessOptions.obj)
                0x000000000000669d                FindArrayData
 .text.PrintFormattedNumber
                0x0000000000006748       0x98 /home/neo/development/uefi/UDK-uefi-development-kit/MyWorkSpace/Build/MdeModule/DEBUG_GCC44/X64/MdeModulePkg/Universal/DisplayEngineDxe/DisplayEngineDxe/OUTPUT/DisplayEngine.lib(ProcessOptions.obj)
                0x0000000000006748                PrintFormattedNumber
 .text.CreateSharedPopUp
                0x00000000000067e0      0x2c7 /home/neo/development/uefi/UDK-uefi-development-kit/MyWorkSpace/Build/MdeModule/DEBUG_GCC44/X64/MdeModulePkg/Universal/DisplayEngineDxe/DisplayEngineDxe/OUTPUT/DisplayEngine.lib(ProcessOptions.obj)
                0x00000000000067e0                CreateSharedPopUp
 .text.CreateMultiStringPopUp
                0x0000000000006aa7       0xc1 /home/neo/development/uefi/UDK-uefi-development-kit/MyWorkSpace/Build/MdeModule/DEBUG_GCC44/X64/MdeModulePkg/Universal/DisplayEngineDxe/DisplayEngineDxe/OUTPUT/DisplayEngine.lib(ProcessOptions.obj)
                0x0000000000006aa7                CreateMultiStringPopUp
 .text.EmptyEventProcess
                0x0000000000006b68        0x1 /home/neo/development/uefi/UDK-uefi-development-kit/MyWorkSpace/Build/MdeModule/DEBUG_GCC44/X64/MdeModulePkg/Universal/DisplayEngineDxe/DisplayEngineDxe/OUTPUT/DisplayEngine.lib(ProcessOptions.obj)
                0x0000000000006b68                EmptyEventProcess
 .text.RefreshTimeOutProcess
                0x0000000000006b69       0x81 /home/neo/development/uefi/UDK-uefi-development-kit/MyWorkSpace/Build/MdeModule/DEBUG_GCC44/X64/MdeModulePkg/Universal/DisplayEngineDxe/DisplayEngineDxe/OUTPUT/DisplayEngine.lib(ProcessOptions.obj)
                0x0000000000006b69                RefreshTimeOutProcess
 .text.PasswordInvalid
                0x0000000000006bea       0x40 /home/neo/development/uefi/UDK-uefi-development-kit/MyWorkSpace/Build/MdeModule/DEBUG_GCC44/X64/MdeModulePkg/Universal/DisplayEngineDxe/DisplayEngineDxe/OUTPUT/DisplayEngine.lib(ProcessOptions.obj)
                0x0000000000006bea                PasswordInvalid
 .text.PasswordProcess
                0x0000000000006c2a      0x2e1 /home/neo/development/uefi/UDK-uefi-development-kit/MyWorkSpace/Build/MdeModule/DEBUG_GCC44/X64/MdeModulePkg/Universal/DisplayEngineDxe/DisplayEngineDxe/OUTPUT/DisplayEngine.lib(ProcessOptions.obj)
                0x0000000000006c2a                PasswordProcess
 .text.ProcessOptions
                0x0000000000006f0b      0xfb6 /home/neo/development/uefi/UDK-uefi-development-kit/MyWorkSpace/Build/MdeModule/DEBUG_GCC44/X64/MdeModulePkg/Universal/DisplayEngineDxe/DisplayEngineDxe/OUTPUT/DisplayEngine.lib(ProcessOptions.obj)
                0x0000000000006f0b                ProcessOptions
 .text.ProcessHelpString
                0x0000000000007ec1      0x161 /home/neo/development/uefi/UDK-uefi-development-kit/MyWorkSpace/Build/MdeModule/DEBUG_GCC44/X64/MdeModulePkg/Universal/DisplayEngineDxe/DisplayEngineDxe/OUTPUT/DisplayEngine.lib(ProcessOptions.obj)
                0x0000000000007ec1                ProcessHelpString
 .text.GetFieldFromOp
                0x0000000000008022       0x35 /home/neo/development/uefi/UDK-uefi-development-kit/MyWorkSpace/Build/MdeModule/DEBUG_GCC44/X64/MdeModulePkg/Universal/DisplayEngineDxe/DisplayEngineDxe/OUTPUT/DisplayEngine.lib(InputHandler.obj)
                0x0000000000008022                GetFieldFromOp
 .text.ReadString
                0x0000000000008057      0x88a /home/neo/development/uefi/UDK-uefi-development-kit/MyWorkSpace/Build/MdeModule/DEBUG_GCC44/X64/MdeModulePkg/Universal/DisplayEngineDxe/DisplayEngineDxe/OUTPUT/DisplayEngine.lib(InputHandler.obj)
                0x0000000000008057                ReadString
 .text.AdjustQuestionValue
                0x00000000000088e1       0x83 /home/neo/development/uefi/UDK-uefi-development-kit/MyWorkSpace/Build/MdeModule/DEBUG_GCC44/X64/MdeModulePkg/Universal/DisplayEngineDxe/DisplayEngineDxe/OUTPUT/DisplayEngine.lib(InputHandler.obj)
                0x00000000000088e1                AdjustQuestionValue
 .text.GetValueFromNum
                0x0000000000008964      0x110 /home/neo/development/uefi/UDK-uefi-development-kit/MyWorkSpace/Build/MdeModule/DEBUG_GCC44/X64/MdeModulePkg/Universal/DisplayEngineDxe/DisplayEngineDxe/OUTPUT/DisplayEngine.lib(InputHandler.obj)
                0x0000000000008964                GetValueFromNum
 .text.GetNumericInput
                0x0000000000008a74      0xdb9 /home/neo/development/uefi/UDK-uefi-development-kit/MyWorkSpace/Build/MdeModule/DEBUG_GCC44/X64/MdeModulePkg/Universal/DisplayEngineDxe/DisplayEngineDxe/OUTPUT/DisplayEngine.lib(InputHandler.obj)
                0x0000000000008a74                GetNumericInput
 .text.AdjustOptionOrder
                0x000000000000982d      0x19e /home/neo/development/uefi/UDK-uefi-development-kit/MyWorkSpace/Build/MdeModule/DEBUG_GCC44/X64/MdeModulePkg/Universal/DisplayEngineDxe/DisplayEngineDxe/OUTPUT/DisplayEngine.lib(InputHandler.obj)
                0x000000000000982d                AdjustOptionOrder
 .text.IsValuesEqual
                0x00000000000099cb       0x6b /home/neo/development/uefi/UDK-uefi-development-kit/MyWorkSpace/Build/MdeModule/DEBUG_GCC44/X64/MdeModulePkg/Universal/DisplayEngineDxe/DisplayEngineDxe/OUTPUT/DisplayEngine.lib(InputHandler.obj)
                0x00000000000099cb                IsValuesEqual
 .text.SetValuesByType
                0x0000000000009a36       0x63 /home/neo/development/uefi/UDK-uefi-development-kit/MyWorkSpace/Build/MdeModule/DEBUG_GCC44/X64/MdeModulePkg/Universal/DisplayEngineDxe/DisplayEngineDxe/OUTPUT/DisplayEngine.lib(InputHandler.obj)
                0x0000000000009a36                SetValuesByType
 .text.GetSelectionInputPopUp
                0x0000000000009a99      0xde0 /home/neo/development/uefi/UDK-uefi-development-kit/MyWorkSpace/Build/MdeModule/DEBUG_GCC44/X64/MdeModulePkg/Universal/DisplayEngineDxe/DisplayEngineDxe/OUTPUT/DisplayEngine.lib(InputHandler.obj)
                0x0000000000009a99                GetSelectionInputPopUp
 .text.MultU64x32
                0x000000000000a879        0x5 /home/neo/development/uefi/UDK-uefi-development-kit/MyWorkSpace/Build/MdeModule/DEBUG_GCC44/X64/MdePkg/Library/BaseLib/BaseLib/OUTPUT/BaseLib.lib(MultU64x32.obj)
                0x000000000000a879                MultU64x32
 .text.LShiftU64
                0x000000000000a87e       0x44 /home/neo/development/uefi/UDK-uefi-development-kit/MyWorkSpace/Build/MdeModule/DEBUG_GCC44/X64/MdePkg/Library/BaseLib/BaseLib/OUTPUT/BaseLib.lib(LShiftU64.obj)
                0x000000000000a87e                LShiftU64
 .text.InternalBaseLibIsNodeInList
                0x000000000000a8c2      0x170 /home/neo/development/uefi/UDK-uefi-development-kit/MyWorkSpace/Build/MdeModule/DEBUG_GCC44/X64/MdePkg/Library/BaseLib/BaseLib/OUTPUT/BaseLib.lib(LinkedList.obj)
                0x000000000000a8c2                InternalBaseLibIsNodeInList
 .text.InitializeListHead
                0x000000000000aa32       0x3e /home/neo/development/uefi/UDK-uefi-development-kit/MyWorkSpace/Build/MdeModule/DEBUG_GCC44/X64/MdePkg/Library/BaseLib/BaseLib/OUTPUT/BaseLib.lib(LinkedList.obj)
                0x000000000000aa32                InitializeListHead
 .text.InsertHeadList
                0x000000000000aa70       0x5a /home/neo/development/uefi/UDK-uefi-development-kit/MyWorkSpace/Build/MdeModule/DEBUG_GCC44/X64/MdePkg/Library/BaseLib/BaseLib/OUTPUT/BaseLib.lib(LinkedList.obj)
                0x000000000000aa70                InsertHeadList
 .text.InsertTailList
                0x000000000000aaca       0x5b /home/neo/development/uefi/UDK-uefi-development-kit/MyWorkSpace/Build/MdeModule/DEBUG_GCC44/X64/MdePkg/Library/BaseLib/BaseLib/OUTPUT/BaseLib.lib(LinkedList.obj)
                0x000000000000aaca                InsertTailList
 .text.GetFirstNode
                0x000000000000ab25       0x44 /home/neo/development/uefi/UDK-uefi-development-kit/MyWorkSpace/Build/MdeModule/DEBUG_GCC44/X64/MdePkg/Library/BaseLib/BaseLib/OUTPUT/BaseLib.lib(LinkedList.obj)
                0x000000000000ab25                GetFirstNode
 .text.GetNextNode
                0x000000000000ab69       0x4e /home/neo/development/uefi/UDK-uefi-development-kit/MyWorkSpace/Build/MdeModule/DEBUG_GCC44/X64/MdePkg/Library/BaseLib/BaseLib/OUTPUT/BaseLib.lib(LinkedList.obj)
                0x000000000000ab69                GetNextNode
 .text.IsListEmpty
                0x000000000000abb7       0x47 /home/neo/development/uefi/UDK-uefi-development-kit/MyWorkSpace/Build/MdeModule/DEBUG_GCC44/X64/MdePkg/Library/BaseLib/BaseLib/OUTPUT/BaseLib.lib(LinkedList.obj)
                0x000000000000abb7                IsListEmpty
 .text.IsNull   0x000000000000abfe       0x4f /home/neo/development/uefi/UDK-uefi-development-kit/MyWorkSpace/Build/MdeModule/DEBUG_GCC44/X64/MdePkg/Library/BaseLib/BaseLib/OUTPUT/BaseLib.lib(LinkedList.obj)
                0x000000000000abfe                IsNull
 .text.RemoveEntryList
                0x000000000000ac4d       0x53 /home/neo/development/uefi/UDK-uefi-development-kit/MyWorkSpace/Build/MdeModule/DEBUG_GCC44/X64/MdePkg/Library/BaseLib/BaseLib/OUTPUT/BaseLib.lib(LinkedList.obj)
                0x000000000000ac4d                RemoveEntryList
 .text.SwapListEntries
                0x000000000000aca0       0x9d /home/neo/development/uefi/UDK-uefi-development-kit/MyWorkSpace/Build/MdeModule/DEBUG_GCC44/X64/MdePkg/Library/BaseLib/BaseLib/OUTPUT/BaseLib.lib(LinkedList.obj)
                0x000000000000aca0                SwapListEntries
 .text.InternalSafeStringIsOverlap
                0x000000000000ad3d       0x20 /home/neo/development/uefi/UDK-uefi-development-kit/MyWorkSpace/Build/MdeModule/DEBUG_GCC44/X64/MdePkg/Library/BaseLib/BaseLib/OUTPUT/BaseLib.lib(SafeString.obj)
                0x000000000000ad3d                InternalSafeStringIsOverlap
 .text.InternalSafeStringNoStrOverlap
                0x000000000000ad5d       0x11 /home/neo/development/uefi/UDK-uefi-development-kit/MyWorkSpace/Build/MdeModule/DEBUG_GCC44/X64/MdePkg/Library/BaseLib/BaseLib/OUTPUT/BaseLib.lib(SafeString.obj)
                0x000000000000ad5d                InternalSafeStringNoStrOverlap
 .text.StrnLenS
                0x000000000000ad6e       0x51 /home/neo/development/uefi/UDK-uefi-development-kit/MyWorkSpace/Build/MdeModule/DEBUG_GCC44/X64/MdePkg/Library/BaseLib/BaseLib/OUTPUT/BaseLib.lib(SafeString.obj)
                0x000000000000ad6e                StrnLenS
 .text.StrCpyS  0x000000000000adbf      0x286 /home/neo/development/uefi/UDK-uefi-development-kit/MyWorkSpace/Build/MdeModule/DEBUG_GCC44/X64/MdePkg/Library/BaseLib/BaseLib/OUTPUT/BaseLib.lib(SafeString.obj)
                0x000000000000adbf                StrCpyS
 .text.StrnCpyS
                0x000000000000b045      0x2cc /home/neo/development/uefi/UDK-uefi-development-kit/MyWorkSpace/Build/MdeModule/DEBUG_GCC44/X64/MdePkg/Library/BaseLib/BaseLib/OUTPUT/BaseLib.lib(SafeString.obj)
                0x000000000000b045                StrnCpyS
 .text.StrCatS  0x000000000000b311      0x2ef /home/neo/development/uefi/UDK-uefi-development-kit/MyWorkSpace/Build/MdeModule/DEBUG_GCC44/X64/MdePkg/Library/BaseLib/BaseLib/OUTPUT/BaseLib.lib(SafeString.obj)
                0x000000000000b311                StrCatS
 .text.StrLen   0x000000000000b600       0xa5 /home/neo/development/uefi/UDK-uefi-development-kit/MyWorkSpace/Build/MdeModule/DEBUG_GCC44/X64/MdePkg/Library/BaseLib/BaseLib/OUTPUT/BaseLib.lib(String.obj)
                0x000000000000b600                StrLen
 .text.StrSize  0x000000000000b6a5       0x13 /home/neo/development/uefi/UDK-uefi-development-kit/MyWorkSpace/Build/MdeModule/DEBUG_GCC44/X64/MdePkg/Library/BaseLib/BaseLib/OUTPUT/BaseLib.lib(String.obj)
                0x000000000000b6a5                StrSize
 .text.StrCmp   0x000000000000b6b8       0x8d /home/neo/development/uefi/UDK-uefi-development-kit/MyWorkSpace/Build/MdeModule/DEBUG_GCC44/X64/MdePkg/Library/BaseLib/BaseLib/OUTPUT/BaseLib.lib(String.obj)
                0x000000000000b6b8                StrCmp
 .text.AsciiStrLen
                0x000000000000b745       0x7d /home/neo/development/uefi/UDK-uefi-development-kit/MyWorkSpace/Build/MdeModule/DEBUG_GCC44/X64/MdePkg/Library/BaseLib/BaseLib/OUTPUT/BaseLib.lib(String.obj)
                0x000000000000b745                AsciiStrLen
 .text.AsciiStrSize
                0x000000000000b7c2       0x11 /home/neo/development/uefi/UDK-uefi-development-kit/MyWorkSpace/Build/MdeModule/DEBUG_GCC44/X64/MdePkg/Library/BaseLib/BaseLib/OUTPUT/BaseLib.lib(String.obj)
                0x000000000000b7c2                AsciiStrSize
 .text.AsciiStrnCmp
                0x000000000000b7d3       0xe6 /home/neo/development/uefi/UDK-uefi-development-kit/MyWorkSpace/Build/MdeModule/DEBUG_GCC44/X64/MdePkg/Library/BaseLib/BaseLib/OUTPUT/BaseLib.lib(String.obj)
                0x000000000000b7d3                AsciiStrnCmp
 .text.InternalMathLShiftU64
                0x000000000000b8b9        0x9 /home/neo/development/uefi/UDK-uefi-development-kit/MyWorkSpace/Build/MdeModule/DEBUG_GCC44/X64/MdePkg/Library/BaseLib/BaseLib/OUTPUT/BaseLib.lib(Math64.obj)
                0x000000000000b8b9                InternalMathLShiftU64
 .text.InternalMathMultU64x32
                0x000000000000b8c2        0x7 /home/neo/development/uefi/UDK-uefi-development-kit/MyWorkSpace/Build/MdeModule/DEBUG_GCC44/X64/MdePkg/Library/BaseLib/BaseLib/OUTPUT/BaseLib.lib(Math64.obj)
                0x000000000000b8c2                InternalMathMultU64x32
 .text.InternalMathDivRemU64x32
                0x000000000000b8c9       0x1c /home/neo/development/uefi/UDK-uefi-development-kit/MyWorkSpace/Build/MdeModule/DEBUG_GCC44/X64/MdePkg/Library/BaseLib/BaseLib/OUTPUT/BaseLib.lib(Math64.obj)
                0x000000000000b8c9                InternalMathDivRemU64x32
 .text.ZeroMem  0x000000000000b8e5       0x74 /home/neo/development/uefi/UDK-uefi-development-kit/MyWorkSpace/Build/MdeModule/DEBUG_GCC44/X64/MdePkg/Library/BaseMemoryLib/BaseMemoryLib/OUTPUT/BaseMemoryLib.lib(ZeroMemWrapper.obj)
                0x000000000000b8e5                ZeroMem
 .text.CompareMem
                0x000000000000b959       0xe6 /home/neo/development/uefi/UDK-uefi-development-kit/MyWorkSpace/Build/MdeModule/DEBUG_GCC44/X64/MdePkg/Library/BaseMemoryLib/BaseMemoryLib/OUTPUT/BaseMemoryLib.lib(CompareMemWrapper.obj)
                0x000000000000b959                CompareMem
 .text.CopyMem  0x000000000000ba3f       0x9e /home/neo/development/uefi/UDK-uefi-development-kit/MyWorkSpace/Build/MdeModule/DEBUG_GCC44/X64/MdePkg/Library/BaseMemoryLib/BaseMemoryLib/OUTPUT/BaseMemoryLib.lib(CopyMemWrapper.obj)
                0x000000000000ba3f                CopyMem
 .text.InternalMemZeroMem
                0x000000000000badd        0x8 /home/neo/development/uefi/UDK-uefi-development-kit/MyWorkSpace/Build/MdeModule/DEBUG_GCC44/X64/MdePkg/Library/BaseMemoryLib/BaseMemoryLib/OUTPUT/BaseMemoryLib.lib(MemLibGeneric.obj)
                0x000000000000badd                InternalMemZeroMem
 .text.InternalMemCompareMem
                0x000000000000bae5       0x24 /home/neo/development/uefi/UDK-uefi-development-kit/MyWorkSpace/Build/MdeModule/DEBUG_GCC44/X64/MdePkg/Library/BaseMemoryLib/BaseMemoryLib/OUTPUT/BaseMemoryLib.lib(MemLibGeneric.obj)
                0x000000000000bae5                InternalMemCompareMem
 .text.CopyGuid
                0x000000000000bb09       0x3e /home/neo/development/uefi/UDK-uefi-development-kit/MyWorkSpace/Build/MdeModule/DEBUG_GCC44/X64/MdePkg/Library/BaseMemoryLib/BaseMemoryLib/OUTPUT/BaseMemoryLib.lib(MemLibGuid.obj)
                0x000000000000bb09                CopyGuid
 .text.CompareGuid
                0x000000000000bb47       0x4d /home/neo/development/uefi/UDK-uefi-development-kit/MyWorkSpace/Build/MdeModule/DEBUG_GCC44/X64/MdePkg/Library/BaseMemoryLib/BaseMemoryLib/OUTPUT/BaseMemoryLib.lib(MemLibGuid.obj)
                0x000000000000bb47                CompareGuid
 .text.InternalMemCopyMem
                0x000000000000bb94       0x3a /home/neo/development/uefi/UDK-uefi-development-kit/MyWorkSpace/Build/MdeModule/DEBUG_GCC44/X64/MdePkg/Library/BaseMemoryLib/BaseMemoryLib/OUTPUT/BaseMemoryLib.lib(CopyMem.obj)
                0x000000000000bb94                InternalMemCopyMem
 .text.InternalMemSetMem
                0x000000000000bbce       0x17 /home/neo/development/uefi/UDK-uefi-development-kit/MyWorkSpace/Build/MdeModule/DEBUG_GCC44/X64/MdePkg/Library/BaseMemoryLib/BaseMemoryLib/OUTPUT/BaseMemoryLib.lib(SetMem.obj)
                0x000000000000bbce                InternalMemSetMem
 .text.DebugPrint
                0x000000000000bbe5        0xb /home/neo/development/uefi/UDK-uefi-development-kit/MyWorkSpace/Build/MdeModule/DEBUG_GCC44/X64/MdePkg/Library/BaseDebugLibNull/BaseDebugLibNull/OUTPUT/BaseDebugLibNull.lib(DebugLib.obj)
                0x000000000000bbe5                DebugPrint
 .text.DebugAssert
                0x000000000000bbf0        0x1 /home/neo/development/uefi/UDK-uefi-development-kit/MyWorkSpace/Build/MdeModule/DEBUG_GCC44/X64/MdePkg/Library/BaseDebugLibNull/BaseDebugLibNull/OUTPUT/BaseDebugLibNull.lib(DebugLib.obj)
                0x000000000000bbf0                DebugAssert
 .text.DebugAssertEnabled
                0x000000000000bbf1        0x3 /home/neo/development/uefi/UDK-uefi-development-kit/MyWorkSpace/Build/MdeModule/DEBUG_GCC44/X64/MdePkg/Library/BaseDebugLibNull/BaseDebugLibNull/OUTPUT/BaseDebugLibNull.lib(DebugLib.obj)
                0x000000000000bbf1                DebugAssertEnabled
 .text.DebugPrintEnabled
                0x000000000000bbf4        0x3 /home/neo/development/uefi/UDK-uefi-development-kit/MyWorkSpace/Build/MdeModule/DEBUG_GCC44/X64/MdePkg/Library/BaseDebugLibNull/BaseDebugLibNull/OUTPUT/BaseDebugLibNull.lib(DebugLib.obj)
                0x000000000000bbf4                DebugPrintEnabled
 .text.DebugPrintLevelEnabled
                0x000000000000bbf7        0x3 /home/neo/development/uefi/UDK-uefi-development-kit/MyWorkSpace/Build/MdeModule/DEBUG_GCC44/X64/MdePkg/Library/BaseDebugLibNull/BaseDebugLibNull/OUTPUT/BaseDebugLibNull.lib(DebugLib.obj)
                0x000000000000bbf7                DebugPrintLevelEnabled
 .text.UefiBootServicesTableLibConstructor
                0x000000000000bbfa       0xaa /home/neo/development/uefi/UDK-uefi-development-kit/MyWorkSpace/Build/MdeModule/DEBUG_GCC44/X64/MdePkg/Library/UefiBootServicesTableLib/UefiBootServicesTableLib/OUTPUT/UefiBootServicesTableLib.lib(UefiBootServicesTableLib.obj)
                0x000000000000bbfa                UefiBootServicesTableLibConstructor
 .text.InternalAllocatePool
                0x000000000000bca4       0x34 /home/neo/development/uefi/UDK-uefi-development-kit/MyWorkSpace/Build/MdeModule/DEBUG_GCC44/X64/MdePkg/Library/UefiMemoryAllocationLib/UefiMemoryAllocationLib/OUTPUT/UefiMemoryAllocationLib.lib(MemoryAllocationLib.obj)
                0x000000000000bca4                InternalAllocatePool
 .text.AllocatePool
                0x000000000000bcd8       0x9e /home/neo/development/uefi/UDK-uefi-development-kit/MyWorkSpace/Build/MdeModule/DEBUG_GCC44/X64/MdePkg/Library/UefiMemoryAllocationLib/UefiMemoryAllocationLib/OUTPUT/UefiMemoryAllocationLib.lib(MemoryAllocationLib.obj)
                0x000000000000bcd8                AllocatePool
 .text.InternalAllocateZeroPool
                0x000000000000bd76       0x23 /home/neo/development/uefi/UDK-uefi-development-kit/MyWorkSpace/Build/MdeModule/DEBUG_GCC44/X64/MdePkg/Library/UefiMemoryAllocationLib/UefiMemoryAllocationLib/OUTPUT/UefiMemoryAllocationLib.lib(MemoryAllocationLib.obj)
                0x000000000000bd76                InternalAllocateZeroPool
 .text.AllocateZeroPool
                0x000000000000bd99       0x9e /home/neo/development/uefi/UDK-uefi-development-kit/MyWorkSpace/Build/MdeModule/DEBUG_GCC44/X64/MdePkg/Library/UefiMemoryAllocationLib/UefiMemoryAllocationLib/OUTPUT/UefiMemoryAllocationLib.lib(MemoryAllocationLib.obj)
                0x000000000000bd99                AllocateZeroPool
 .text.InternalAllocateCopyPool
                0x000000000000be37       0xaa /home/neo/development/uefi/UDK-uefi-development-kit/MyWorkSpace/Build/MdeModule/DEBUG_GCC44/X64/MdePkg/Library/UefiMemoryAllocationLib/UefiMemoryAllocationLib/OUTPUT/UefiMemoryAllocationLib.lib(MemoryAllocationLib.obj)
                0x000000000000be37                InternalAllocateCopyPool
 .text.AllocateCopyPool
                0x000000000000bee1       0x9e /home/neo/development/uefi/UDK-uefi-development-kit/MyWorkSpace/Build/MdeModule/DEBUG_GCC44/X64/MdePkg/Library/UefiMemoryAllocationLib/UefiMemoryAllocationLib/OUTPUT/UefiMemoryAllocationLib.lib(MemoryAllocationLib.obj)
                0x000000000000bee1                AllocateCopyPool
 .text.FreePool
                0x000000000000bf7f       0x6e /home/neo/development/uefi/UDK-uefi-development-kit/MyWorkSpace/Build/MdeModule/DEBUG_GCC44/X64/MdePkg/Library/UefiMemoryAllocationLib/UefiMemoryAllocationLib/OUTPUT/UefiMemoryAllocationLib.lib(MemoryAllocationLib.obj)
                0x000000000000bf7f                FreePool
 .text.UnicodeVSPrint
                0x000000000000bfed      0x112 /home/neo/development/uefi/UDK-uefi-development-kit/MyWorkSpace/Build/MdeModule/DEBUG_GCC44/X64/MdePkg/Library/BasePrintLib/BasePrintLib/OUTPUT/BasePrintLib.lib(PrintLib.obj)
                0x000000000000bfed                UnicodeVSPrint
 .text.UnicodeSPrint
                0x000000000000c0ff       0x1d /home/neo/development/uefi/UDK-uefi-development-kit/MyWorkSpace/Build/MdeModule/DEBUG_GCC44/X64/MdePkg/Library/BasePrintLib/BasePrintLib/OUTPUT/BasePrintLib.lib(PrintLib.obj)
                0x000000000000c0ff                UnicodeSPrint
 .text.BasePrintLibFillBuffer
                0x000000000000c11c       0x2e /home/neo/development/uefi/UDK-uefi-development-kit/MyWorkSpace/Build/MdeModule/DEBUG_GCC44/X64/MdePkg/Library/BasePrintLib/BasePrintLib/OUTPUT/BasePrintLib.lib(PrintLibInternal.obj)
                0x000000000000c11c                BasePrintLibFillBuffer
 .text.BasePrintLibValueToString
                0x000000000000c14a       0x52 /home/neo/development/uefi/UDK-uefi-development-kit/MyWorkSpace/Build/MdeModule/DEBUG_GCC44/X64/MdePkg/Library/BasePrintLib/BasePrintLib/OUTPUT/BasePrintLib.lib(PrintLibInternal.obj)
                0x000000000000c14a                BasePrintLibValueToString
 .text.BasePrintLibSPrint
                0x000000000000c19c       0xba /home/neo/development/uefi/UDK-uefi-development-kit/MyWorkSpace/Build/MdeModule/DEBUG_GCC44/X64/MdePkg/Library/BasePrintLib/BasePrintLib/OUTPUT/BasePrintLib.lib(PrintLibInternal.obj)
                0x000000000000c19c                BasePrintLibSPrint
 .text.BasePrintLibSPrintMarker
                0x000000000000c256      0xfcc /home/neo/development/uefi/UDK-uefi-development-kit/MyWorkSpace/Build/MdeModule/DEBUG_GCC44/X64/MdePkg/Library/BasePrintLib/BasePrintLib/OUTPUT/BasePrintLib.lib(PrintLibInternal.obj)
                0x000000000000c256                BasePrintLibSPrintMarker
 .text.UefiRuntimeServicesTableLibConstructor
                0x000000000000d222       0x41 /home/neo/development/uefi/UDK-uefi-development-kit/MyWorkSpace/Build/MdeModule/DEBUG_GCC44/X64/MdePkg/Library/UefiRuntimeServicesTableLib/UefiRuntimeServicesTableLib/OUTPUT/UefiRuntimeServicesTableLib.lib(UefiRuntimeServicesTableLib.obj)
                0x000000000000d222                UefiRuntimeServicesTableLibConstructor
 .text.UefiHiiServicesLibConstructor
                0x000000000000d263      0x19a /home/neo/development/uefi/UDK-uefi-development-kit/MyWorkSpace/Build/MdeModule/DEBUG_GCC44/X64/MdeModulePkg/Library/UefiHiiServicesLib/UefiHiiServicesLib/OUTPUT/UefiHiiServicesLib.lib(UefiHiiServicesLib.obj)
                0x000000000000d263                UefiHiiServicesLibConstructor
 .text.UefiLibConstructor
                0x000000000000d3fd        0x3 /home/neo/development/uefi/UDK-uefi-development-kit/MyWorkSpace/Build/MdeModule/DEBUG_GCC44/X64/MdePkg/Library/UefiLib/UefiLib/OUTPUT/UefiLib.lib(UefiLib.obj)
                0x000000000000d3fd                UefiLibConstructor
 .text.GetVariable2
                0x000000000000d400      0x134 /home/neo/development/uefi/UDK-uefi-development-kit/MyWorkSpace/Build/MdeModule/DEBUG_GCC44/X64/MdePkg/Library/UefiLib/UefiLib/OUTPUT/UefiLib.lib(UefiLib.obj)
                0x000000000000d400                GetVariable2
 .text.GetEfiGlobalVariable2
                0x000000000000d534       0x12 /home/neo/development/uefi/UDK-uefi-development-kit/MyWorkSpace/Build/MdeModule/DEBUG_GCC44/X64/MdePkg/Library/UefiLib/UefiLib/OUTPUT/UefiLib.lib(UefiLib.obj)
                0x000000000000d534                GetEfiGlobalVariable2
 .text.GetBestLanguage
                0x000000000000d546      0x13e /home/neo/development/uefi/UDK-uefi-development-kit/MyWorkSpace/Build/MdeModule/DEBUG_GCC44/X64/MdePkg/Library/UefiLib/UefiLib/OUTPUT/UefiLib.lib(UefiLib.obj)
                0x000000000000d546                GetBestLanguage
 .text.HiiAddPackages
                0x000000000000d684      0x12a /home/neo/development/uefi/UDK-uefi-development-kit/MyWorkSpace/Build/MdeModule/DEBUG_GCC44/X64/MdeModulePkg/Library/UefiHiiLib/UefiHiiLib/OUTPUT/UefiHiiLib.lib(HiiLib.obj)
                0x000000000000d684                HiiAddPackages
 .text.HiiRemovePackages
                0x000000000000d7ae       0x9d /home/neo/development/uefi/UDK-uefi-development-kit/MyWorkSpace/Build/MdeModule/DEBUG_GCC44/X64/MdeModulePkg/Library/UefiHiiLib/UefiHiiLib/OUTPUT/UefiHiiLib.lib(HiiLib.obj)
                0x000000000000d7ae                HiiRemovePackages
 .text.HiiSetString
                0x000000000000d84b      0x194 /home/neo/development/uefi/UDK-uefi-development-kit/MyWorkSpace/Build/MdeModule/DEBUG_GCC44/X64/MdeModulePkg/Library/UefiHiiLib/UefiHiiLib/OUTPUT/UefiHiiLib.lib(HiiString.obj)
                0x000000000000d84b                HiiSetString
 .text.HiiGetString
                0x000000000000d9df      0x1aa /home/neo/development/uefi/UDK-uefi-development-kit/MyWorkSpace/Build/MdeModule/DEBUG_GCC44/X64/MdeModulePkg/Library/UefiHiiLib/UefiHiiLib/OUTPUT/UefiHiiLib.lib(HiiString.obj)
                0x000000000000d9df                HiiGetString
 .text.HiiGetSupportedLanguages
                0x000000000000db89       0xa7 /home/neo/development/uefi/UDK-uefi-development-kit/MyWorkSpace/Build/MdeModule/DEBUG_GCC44/X64/MdeModulePkg/Library/UefiHiiLib/UefiHiiLib/OUTPUT/UefiHiiLib.lib(HiiLanguage.obj)
                0x000000000000db89                HiiGetSupportedLanguages
 .text.FormExitPolicy
                0x000000000000dc30        0xc /home/neo/development/uefi/UDK-uefi-development-kit/MyWorkSpace/Build/MdeModule/DEBUG_GCC44/X64/MdeModulePkg/Library/CustomizedDisplayLib/CustomizedDisplayLib/OUTPUT/CustomizedDisplayLib.lib(CustomizedDisplayLib.obj)
                0x000000000000dc30                FormExitPolicy
 .text.FormExitTimeout
                0x000000000000dc3c        0x3 /home/neo/development/uefi/UDK-uefi-development-kit/MyWorkSpace/Build/MdeModule/DEBUG_GCC44/X64/MdeModulePkg/Library/CustomizedDisplayLib/CustomizedDisplayLib/OUTPUT/CustomizedDisplayLib.lib(CustomizedDisplayLib.obj)
                0x000000000000dc3c                FormExitTimeout
 .text.PrintStringAt
                0x000000000000dc3f       0x22 /home/neo/development/uefi/UDK-uefi-development-kit/MyWorkSpace/Build/MdeModule/DEBUG_GCC44/X64/MdeModulePkg/Library/CustomizedDisplayLib/CustomizedDisplayLib/OUTPUT/CustomizedDisplayLib.lib(CustomizedDisplayLib.obj)
                0x000000000000dc3f                PrintStringAt
 .text.UpdateStatusBar
                0x000000000000dc61      0x249 /home/neo/development/uefi/UDK-uefi-development-kit/MyWorkSpace/Build/MdeModule/DEBUG_GCC44/X64/MdeModulePkg/Library/CustomizedDisplayLib/CustomizedDisplayLib/OUTPUT/CustomizedDisplayLib.lib(CustomizedDisplayLib.obj)
                0x000000000000dc61                UpdateStatusBar
 .text.PrintStringAtWithWidth
                0x000000000000deaa       0x26 /home/neo/development/uefi/UDK-uefi-development-kit/MyWorkSpace/Build/MdeModule/DEBUG_GCC44/X64/MdeModulePkg/Library/CustomizedDisplayLib/CustomizedDisplayLib/OUTPUT/CustomizedDisplayLib.lib(CustomizedDisplayLib.obj)
                0x000000000000deaa                PrintStringAtWithWidth
 .text.RefreshKeyHelp
                0x000000000000ded0      0x762 /home/neo/development/uefi/UDK-uefi-development-kit/MyWorkSpace/Build/MdeModule/DEBUG_GCC44/X64/MdeModulePkg/Library/CustomizedDisplayLib/CustomizedDisplayLib/OUTPUT/CustomizedDisplayLib.lib(CustomizedDisplayLib.obj)
                0x000000000000ded0                RefreshKeyHelp
 .text.PrintCharAt
                0x000000000000e632       0x26 /home/neo/development/uefi/UDK-uefi-development-kit/MyWorkSpace/Build/MdeModule/DEBUG_GCC44/X64/MdeModulePkg/Library/CustomizedDisplayLib/CustomizedDisplayLib/OUTPUT/CustomizedDisplayLib.lib(CustomizedDisplayLib.obj)
                0x000000000000e632                PrintCharAt
 .text.ClearLines
                0x000000000000e658      0x14f /home/neo/development/uefi/UDK-uefi-development-kit/MyWorkSpace/Build/MdeModule/DEBUG_GCC44/X64/MdeModulePkg/Library/CustomizedDisplayLib/CustomizedDisplayLib/OUTPUT/CustomizedDisplayLib.lib(CustomizedDisplayLib.obj)
                0x000000000000e658                ClearLines
 .text.DisplayPageFrame
                0x000000000000e7a7      0x1e9 /home/neo/development/uefi/UDK-uefi-development-kit/MyWorkSpace/Build/MdeModule/DEBUG_GCC44/X64/MdeModulePkg/Library/CustomizedDisplayLib/CustomizedDisplayLib/OUTPUT/CustomizedDisplayLib.lib(CustomizedDisplayLib.obj)
                0x000000000000e7a7                DisplayPageFrame
 .text.CreateDialog
                0x000000000000e990      0x4ac /home/neo/development/uefi/UDK-uefi-development-kit/MyWorkSpace/Build/MdeModule/DEBUG_GCC44/X64/MdeModulePkg/Library/CustomizedDisplayLib/CustomizedDisplayLib/OUTPUT/CustomizedDisplayLib.lib(CustomizedDisplayLib.obj)
                0x000000000000e990                CreateDialog
 .text.ConfirmDataChange
                0x000000000000ee3c       0xa8 /home/neo/development/uefi/UDK-uefi-development-kit/MyWorkSpace/Build/MdeModule/DEBUG_GCC44/X64/MdeModulePkg/Library/CustomizedDisplayLib/CustomizedDisplayLib/OUTPUT/CustomizedDisplayLib.lib(CustomizedDisplayLib.obj)
                0x000000000000ee3c                ConfirmDataChange
 .text.GetPopupColor
                0x000000000000eee4        0x3 /home/neo/development/uefi/UDK-uefi-development-kit/MyWorkSpace/Build/MdeModule/DEBUG_GCC44/X64/MdeModulePkg/Library/CustomizedDisplayLib/CustomizedDisplayLib/OUTPUT/CustomizedDisplayLib.lib(CustomizedDisplayLib.obj)
                0x000000000000eee4                GetPopupColor
 .text.GetPopupInverseColor
                0x000000000000eee7        0x3 /home/neo/development/uefi/UDK-uefi-development-kit/MyWorkSpace/Build/MdeModule/DEBUG_GCC44/X64/MdeModulePkg/Library/CustomizedDisplayLib/CustomizedDisplayLib/OUTPUT/CustomizedDisplayLib.lib(CustomizedDisplayLib.obj)
                0x000000000000eee7                GetPopupInverseColor
 .text.GetPickListColor
                0x000000000000eeea        0x3 /home/neo/development/uefi/UDK-uefi-development-kit/MyWorkSpace/Build/MdeModule/DEBUG_GCC44/X64/MdeModulePkg/Library/CustomizedDisplayLib/CustomizedDisplayLib/OUTPUT/CustomizedDisplayLib.lib(CustomizedDisplayLib.obj)
                0x000000000000eeea                GetPickListColor
 .text.GetArrowColor
                0x000000000000eeed        0x3 /home/neo/development/uefi/UDK-uefi-development-kit/MyWorkSpace/Build/MdeModule/DEBUG_GCC44/X64/MdeModulePkg/Library/CustomizedDisplayLib/CustomizedDisplayLib/OUTPUT/CustomizedDisplayLib.lib(CustomizedDisplayLib.obj)
                0x000000000000eeed                GetArrowColor
 .text.GetInfoTextColor
                0x000000000000eef0        0x3 /home/neo/development/uefi/UDK-uefi-development-kit/MyWorkSpace/Build/MdeModule/DEBUG_GCC44/X64/MdeModulePkg/Library/CustomizedDisplayLib/CustomizedDisplayLib/OUTPUT/CustomizedDisplayLib.lib(CustomizedDisplayLib.obj)
                0x000000000000eef0                GetInfoTextColor
 .text.GetHelpTextColor
                0x000000000000eef3        0x3 /home/neo/development/uefi/UDK-uefi-development-kit/MyWorkSpace/Build/MdeModule/DEBUG_GCC44/X64/MdeModulePkg/Library/CustomizedDisplayLib/CustomizedDisplayLib/OUTPUT/CustomizedDisplayLib.lib(CustomizedDisplayLib.obj)
                0x000000000000eef3                GetHelpTextColor
 .text.GetGrayedTextColor
                0x000000000000eef6        0x3 /home/neo/development/uefi/UDK-uefi-development-kit/MyWorkSpace/Build/MdeModule/DEBUG_GCC44/X64/MdeModulePkg/Library/CustomizedDisplayLib/CustomizedDisplayLib/OUTPUT/CustomizedDisplayLib.lib(CustomizedDisplayLib.obj)
                0x000000000000eef6                GetGrayedTextColor
 .text.GetHighlightTextColor
                0x000000000000eef9        0xd /home/neo/development/uefi/UDK-uefi-development-kit/MyWorkSpace/Build/MdeModule/DEBUG_GCC44/X64/MdeModulePkg/Library/CustomizedDisplayLib/CustomizedDisplayLib/OUTPUT/CustomizedDisplayLib.lib(CustomizedDisplayLib.obj)
                0x000000000000eef9                GetHighlightTextColor
 .text.GetFieldTextColor
                0x000000000000ef06        0xa /home/neo/development/uefi/UDK-uefi-development-kit/MyWorkSpace/Build/MdeModule/DEBUG_GCC44/X64/MdeModulePkg/Library/CustomizedDisplayLib/CustomizedDisplayLib/OUTPUT/CustomizedDisplayLib.lib(CustomizedDisplayLib.obj)
                0x000000000000ef06                GetFieldTextColor
 .text.GetSubTitleTextColor
                0x000000000000ef10        0xa /home/neo/development/uefi/UDK-uefi-development-kit/MyWorkSpace/Build/MdeModule/DEBUG_GCC44/X64/MdeModulePkg/Library/CustomizedDisplayLib/CustomizedDisplayLib/OUTPUT/CustomizedDisplayLib.lib(CustomizedDisplayLib.obj)
                0x000000000000ef10                GetSubTitleTextColor
 .text.ClearDisplayPage
                0x000000000000ef1a       0x37 /home/neo/development/uefi/UDK-uefi-development-kit/MyWorkSpace/Build/MdeModule/DEBUG_GCC44/X64/MdeModulePkg/Library/CustomizedDisplayLib/CustomizedDisplayLib/OUTPUT/CustomizedDisplayLib.lib(CustomizedDisplayLib.obj)
                0x000000000000ef1a                ClearDisplayPage
 .text.CustomizedDisplayLibConstructor
                0x000000000000ef51       0xf1 /home/neo/development/uefi/UDK-uefi-development-kit/MyWorkSpace/Build/MdeModule/DEBUG_GCC44/X64/MdeModulePkg/Library/CustomizedDisplayLib/CustomizedDisplayLib/OUTPUT/CustomizedDisplayLib.lib(CustomizedDisplayLib.obj)
                0x000000000000ef51                CustomizedDisplayLibConstructor
 .text.CustomizedDisplayLibDestructor
                0x000000000000f042       0xb2 /home/neo/development/uefi/UDK-uefi-development-kit/MyWorkSpace/Build/MdeModule/DEBUG_GCC44/X64/MdeModulePkg/Library/CustomizedDisplayLib/CustomizedDisplayLib/OUTPUT/CustomizedDisplayLib.lib(CustomizedDisplayLib.obj)
                0x000000000000f042                CustomizedDisplayLibDestructor
 .text.ProcessUserOpcode
                0x000000000000f0f4      0x157 /home/neo/development/uefi/UDK-uefi-development-kit/MyWorkSpace/Build/MdeModule/DEBUG_GCC44/X64/MdeModulePkg/Library/CustomizedDisplayLib/CustomizedDisplayLib/OUTPUT/CustomizedDisplayLib.lib(CustomizedDisplayLibInternal.obj)
                0x000000000000f0f4                ProcessUserOpcode
 .text.ProcessExternedOpcode
                0x000000000000f24b      0x1d8 /home/neo/development/uefi/UDK-uefi-development-kit/MyWorkSpace/Build/MdeModule/DEBUG_GCC44/X64/MdeModulePkg/Library/CustomizedDisplayLib/CustomizedDisplayLib/OUTPUT/CustomizedDisplayLib.lib(CustomizedDisplayLibInternal.obj)
                0x000000000000f24b                ProcessExternedOpcode
 .text.ScreenDiemensionInfoValidate
                0x000000000000f423      0x13d /home/neo/development/uefi/UDK-uefi-development-kit/MyWorkSpace/Build/MdeModule/DEBUG_GCC44/X64/MdeModulePkg/Library/CustomizedDisplayLib/CustomizedDisplayLib/OUTPUT/CustomizedDisplayLib.lib(CustomizedDisplayLibInternal.obj)
                0x000000000000f423                ScreenDiemensionInfoValidate
 .text.LibGetToken
                0x000000000000f560       0x77 /home/neo/development/uefi/UDK-uefi-development-kit/MyWorkSpace/Build/MdeModule/DEBUG_GCC44/X64/MdeModulePkg/Library/CustomizedDisplayLib/CustomizedDisplayLib/OUTPUT/CustomizedDisplayLib.lib(CustomizedDisplayLibInternal.obj)
                0x000000000000f560                LibGetToken
 .text.PrintBannerInfo
                0x000000000000f5d7      0x188 /home/neo/development/uefi/UDK-uefi-development-kit/MyWorkSpace/Build/MdeModule/DEBUG_GCC44/X64/MdeModulePkg/Library/CustomizedDisplayLib/CustomizedDisplayLib/OUTPUT/CustomizedDisplayLib.lib(CustomizedDisplayLibInternal.obj)
                0x000000000000f5d7                PrintBannerInfo
 .text.LibGetStringWidth
                0x000000000000f75f       0x8b /home/neo/development/uefi/UDK-uefi-development-kit/MyWorkSpace/Build/MdeModule/DEBUG_GCC44/X64/MdeModulePkg/Library/CustomizedDisplayLib/CustomizedDisplayLib/OUTPUT/CustomizedDisplayLib.lib(CustomizedDisplayLibInternal.obj)
                0x000000000000f75f                LibGetStringWidth
 .text.PrintFramework
                0x000000000000f7ea      0x348 /home/neo/development/uefi/UDK-uefi-development-kit/MyWorkSpace/Build/MdeModule/DEBUG_GCC44/X64/MdeModulePkg/Library/CustomizedDisplayLib/CustomizedDisplayLib/OUTPUT/CustomizedDisplayLib.lib(CustomizedDisplayLibInternal.obj)
                0x000000000000f7ea                PrintFramework
 .text.PrintHotKeyHelpString
                0x000000000000fb32      0x282 /home/neo/development/uefi/UDK-uefi-development-kit/MyWorkSpace/Build/MdeModule/DEBUG_GCC44/X64/MdeModulePkg/Library/CustomizedDisplayLib/CustomizedDisplayLib/OUTPUT/CustomizedDisplayLib.lib(CustomizedDisplayLibInternal.obj)
                0x000000000000fb32                PrintHotKeyHelpString
 .text.LibGetFieldFromNum
                0x000000000000fdb4       0x25 /home/neo/development/uefi/UDK-uefi-development-kit/MyWorkSpace/Build/MdeModule/DEBUG_GCC44/X64/MdeModulePkg/Library/CustomizedDisplayLib/CustomizedDisplayLib/OUTPUT/CustomizedDisplayLib.lib(CustomizedDisplayLibInternal.obj)
                0x000000000000fdb4                LibGetFieldFromNum
 .text.FreeLibStrings
                0x000000000000fdd9       0xed /home/neo/development/uefi/UDK-uefi-development-kit/MyWorkSpace/Build/MdeModule/DEBUG_GCC44/X64/MdeModulePkg/Library/CustomizedDisplayLib/CustomizedDisplayLib/OUTPUT/CustomizedDisplayLib.lib(CustomizedDisplayLibInternal.obj)
                0x000000000000fdd9                FreeLibStrings
 .text.WaitForKeyStroke
                0x000000000000fec6       0x70 /home/neo/development/uefi/UDK-uefi-development-kit/MyWorkSpace/Build/MdeModule/DEBUG_GCC44/X64/MdeModulePkg/Library/CustomizedDisplayLib/CustomizedDisplayLib/OUTPUT/CustomizedDisplayLib.lib(CustomizedDisplayLibInternal.obj)
                0x000000000000fec6                WaitForKeyStroke
 .text.LibSetUnicodeMem
                0x000000000000ff36       0x11 /home/neo/development/uefi/UDK-uefi-development-kit/MyWorkSpace/Build/MdeModule/DEBUG_GCC44/X64/MdeModulePkg/Library/CustomizedDisplayLib/CustomizedDisplayLib/OUTPUT/CustomizedDisplayLib.lib(CustomizedDisplayLibInternal.obj)
                0x000000000000ff36                LibSetUnicodeMem
 .text.InitializeLibStrings
                0x000000000000ff47      0x233 /home/neo/development/uefi/UDK-uefi-development-kit/MyWorkSpace/Build/MdeModule/DEBUG_GCC44/X64/MdeModulePkg/Library/CustomizedDisplayLib/CustomizedDisplayLib/OUTPUT/CustomizedDisplayLib.lib(CustomizedDisplayLibInternal.obj)
                0x000000000000ff47                InitializeLibStrings
 .text.PrintInternal
                0x000000000001017a      0x27f /home/neo/development/uefi/UDK-uefi-development-kit/MyWorkSpace/Build/MdeModule/DEBUG_GCC44/X64/MdeModulePkg/Library/CustomizedDisplayLib/CustomizedDisplayLib/OUTPUT/CustomizedDisplayLib.lib(CustomizedDisplayLibInternal.obj)
                0x000000000001017a                PrintInternal
 .text.PrintAt  0x00000000000103f9       0xc2 /home/neo/development/uefi/UDK-uefi-development-kit/MyWorkSpace/Build/MdeModule/DEBUG_GCC44/X64/MdeModulePkg/Library/CustomizedDisplayLib/CustomizedDisplayLib/OUTPUT/CustomizedDisplayLib.lib(CustomizedDisplayLibInternal.obj)
                0x00000000000103f9                PrintAt
 .text.DivU64x32Remainder
                0x00000000000104bb       0x48 /home/neo/development/uefi/UDK-uefi-development-kit/MyWorkSpace/Build/MdeModule/DEBUG_GCC44/X64/MdePkg/Library/BaseLib/BaseLib/OUTPUT/BaseLib.lib(DivU64x32Remainder.obj)
                0x00000000000104bb                DivU64x32Remainder
 .text.ReadUnaligned16
                0x0000000000010503       0x37 /home/neo/development/uefi/UDK-uefi-development-kit/MyWorkSpace/Build/MdeModule/DEBUG_GCC44/X64/MdePkg/Library/BaseLib/BaseLib/OUTPUT/BaseLib.lib(Unaligned.obj)
                0x0000000000010503                ReadUnaligned16
 .text.ReadUnaligned32
                0x000000000001053a       0x36 /home/neo/development/uefi/UDK-uefi-development-kit/MyWorkSpace/Build/MdeModule/DEBUG_GCC44/X64/MdePkg/Library/BaseLib/BaseLib/OUTPUT/BaseLib.lib(Unaligned.obj)
                0x000000000001053a                ReadUnaligned32
 .text.ReadUnaligned64
                0x0000000000010570       0x37 /home/neo/development/uefi/UDK-uefi-development-kit/MyWorkSpace/Build/MdeModule/DEBUG_GCC44/X64/MdePkg/Library/BaseLib/BaseLib/OUTPUT/BaseLib.lib(Unaligned.obj)
                0x0000000000010570                ReadUnaligned64
 .text.WriteUnaligned64
                0x00000000000105a7       0x3f /home/neo/development/uefi/UDK-uefi-development-kit/MyWorkSpace/Build/MdeModule/DEBUG_GCC44/X64/MdePkg/Library/BaseLib/BaseLib/OUTPUT/BaseLib.lib(Unaligned.obj)
                0x00000000000105a7                WriteUnaligned64
 *(.rodata .rodata.* .gnu.linkonce.r.*)
 .rodata.str1.1
                0x00000000000105e6       0xac /home/neo/development/uefi/UDK-uefi-development-kit/MyWorkSpace/Build/MdeModule/DEBUG_GCC44/X64/MdePkg/Library/UefiDriverEntryPoint/UefiDriverEntryPoint/OUTPUT/UefiDriverEntryPoint.lib(DriverEntryPoint.obj)
 .rodata.str1.1
                0x0000000000010692       0xb7 /home/neo/development/uefi/UDK-uefi-development-kit/MyWorkSpace/Build/MdeModule/DEBUG_GCC44/X64/MdeModulePkg/Universal/DisplayEngineDxe/DisplayEngineDxe/OUTPUT/DisplayEngine.lib(AutoGen.obj)
                                         0xec (size before relaxing)
 .rodata._gDriverUnloadImageCount
                0x0000000000010749        0x1 /home/neo/development/uefi/UDK-uefi-development-kit/MyWorkSpace/Build/MdeModule/DEBUG_GCC44/X64/MdeModulePkg/Universal/DisplayEngineDxe/DisplayEngineDxe/OUTPUT/DisplayEngine.lib(AutoGen.obj)
                0x0000000000010749                _gDriverUnloadImageCount
 *fill*         0x000000000001074a        0x2 
 .rodata._gUefiDriverRevision
                0x000000000001074c        0x4 /home/neo/development/uefi/UDK-uefi-development-kit/MyWorkSpace/Build/MdeModule/DEBUG_GCC44/X64/MdeModulePkg/Universal/DisplayEngineDxe/DisplayEngineDxe/OUTPUT/DisplayEngine.lib(AutoGen.obj)
                0x000000000001074c                _gUefiDriverRevision
 .rodata._gPcd_FixedAtBuild_PcdFrontPageFormSetGuid
                0x0000000000010750       0x10 /home/neo/development/uefi/UDK-uefi-development-kit/MyWorkSpace/Build/MdeModule/DEBUG_GCC44/X64/MdeModulePkg/Universal/DisplayEngineDxe/DisplayEngineDxe/OUTPUT/DisplayEngine.lib(AutoGen.obj)
                0x0000000000010750                _gPcd_FixedAtBuild_PcdFrontPageFormSetGuid
 .rodata._gPcd_FixedAtBuild_PcdBrowserFieldBackgroundHighlightColor
                0x0000000000010760        0x1 /home/neo/development/uefi/UDK-uefi-development-kit/MyWorkSpace/Build/MdeModule/DEBUG_GCC44/X64/MdeModulePkg/Universal/DisplayEngineDxe/DisplayEngineDxe/OUTPUT/DisplayEngine.lib(AutoGen.obj)
                0x0000000000010760                _gPcd_FixedAtBuild_PcdBrowserFieldBackgroundHighlightColor
 .rodata._gPcd_FixedAtBuild_PcdBrowserFieldTextHighlightColor
                0x0000000000010761        0x1 /home/neo/development/uefi/UDK-uefi-development-kit/MyWorkSpace/Build/MdeModule/DEBUG_GCC44/X64/MdeModulePkg/Universal/DisplayEngineDxe/DisplayEngineDxe/OUTPUT/DisplayEngine.lib(AutoGen.obj)
                0x0000000000010761                _gPcd_FixedAtBuild_PcdBrowserFieldTextHighlightColor
 .rodata._gPcd_FixedAtBuild_PcdBrowserFieldTextColor
                0x0000000000010762        0x1 /home/neo/development/uefi/UDK-uefi-development-kit/MyWorkSpace/Build/MdeModule/DEBUG_GCC44/X64/MdeModulePkg/Universal/DisplayEngineDxe/DisplayEngineDxe/OUTPUT/DisplayEngine.lib(AutoGen.obj)
                0x0000000000010762                _gPcd_FixedAtBuild_PcdBrowserFieldTextColor
 .rodata._gPcd_FixedAtBuild_PcdBrowserSubtitleTextColor
                0x0000000000010763        0x1 /home/neo/development/uefi/UDK-uefi-development-kit/MyWorkSpace/Build/MdeModule/DEBUG_GCC44/X64/MdeModulePkg/Universal/DisplayEngineDxe/DisplayEngineDxe/OUTPUT/DisplayEngine.lib(AutoGen.obj)
                0x0000000000010763                _gPcd_FixedAtBuild_PcdBrowserSubtitleTextColor
 .rodata._gPcd_FixedAtBuild_PcdMaximumUnicodeStringLength
                0x0000000000010764        0x4 /home/neo/development/uefi/UDK-uefi-development-kit/MyWorkSpace/Build/MdeModule/DEBUG_GCC44/X64/MdeModulePkg/Universal/DisplayEngineDxe/DisplayEngineDxe/OUTPUT/DisplayEngine.lib(AutoGen.obj)
                0x0000000000010764                _gPcd_FixedAtBuild_PcdMaximumUnicodeStringLength
 .rodata._gPcd_FixedAtBuild_PcdMaximumAsciiStringLength
                0x0000000000010768        0x4 /home/neo/development/uefi/UDK-uefi-development-kit/MyWorkSpace/Build/MdeModule/DEBUG_GCC44/X64/MdeModulePkg/Universal/DisplayEngineDxe/DisplayEngineDxe/OUTPUT/DisplayEngine.lib(AutoGen.obj)
                0x0000000000010768                _gPcd_FixedAtBuild_PcdMaximumAsciiStringLength
 .rodata._gPcd_FixedAtBuild_PcdMaximumLinkedListLength
                0x000000000001076c        0x4 /home/neo/development/uefi/UDK-uefi-development-kit/MyWorkSpace/Build/MdeModule/DEBUG_GCC44/X64/MdeModulePkg/Universal/DisplayEngineDxe/DisplayEngineDxe/OUTPUT/DisplayEngine.lib(AutoGen.obj)
                0x000000000001076c                _gPcd_FixedAtBuild_PcdMaximumLinkedListLength
 .rodata._gPcd_FixedAtBuild_PcdVerifyNodeInList
                0x0000000000010770        0x1 /home/neo/development/uefi/UDK-uefi-development-kit/MyWorkSpace/Build/MdeModule/DEBUG_GCC44/X64/MdeModulePkg/Universal/DisplayEngineDxe/DisplayEngineDxe/OUTPUT/DisplayEngine.lib(AutoGen.obj)
                0x0000000000010770                _gPcd_FixedAtBuild_PcdVerifyNodeInList
 .rodata._gPcd_FixedAtBuild_PcdBrowerGrayOutReadOnlyMenu
                0x0000000000010771        0x1 /home/neo/development/uefi/UDK-uefi-development-kit/MyWorkSpace/Build/MdeModule/DEBUG_GCC44/X64/MdeModulePkg/Universal/DisplayEngineDxe/DisplayEngineDxe/OUTPUT/DisplayEngine.lib(AutoGen.obj)
                0x0000000000010771                _gPcd_FixedAtBuild_PcdBrowerGrayOutReadOnlyMenu
 .rodata._gPcd_FixedAtBuild_PcdBrowserGrayOutTextStatement
                0x0000000000010772        0x1 /home/neo/development/uefi/UDK-uefi-development-kit/MyWorkSpace/Build/MdeModule/DEBUG_GCC44/X64/MdeModulePkg/Universal/DisplayEngineDxe/DisplayEngineDxe/OUTPUT/DisplayEngine.lib(AutoGen.obj)
                0x0000000000010772                _gPcd_FixedAtBuild_PcdBrowserGrayOutTextStatement
 .rodata.str1.1
                0x0000000000010773      0x352 /home/neo/development/uefi/UDK-uefi-development-kit/MyWorkSpace/Build/MdeModule/DEBUG_GCC44/X64/MdeModulePkg/Universal/DisplayEngineDxe/DisplayEngineDxe/OUTPUT/DisplayEngine.lib(FormDisplay.obj)
                                        0x3c6 (size before relaxing)
 .rodata.str2.2
                0x0000000000010ac5        0x0 /home/neo/development/uefi/UDK-uefi-development-kit/MyWorkSpace/Build/MdeModule/DEBUG_GCC44/X64/MdeModulePkg/Universal/DisplayEngineDxe/DisplayEngineDxe/OUTPUT/DisplayEngine.lib(FormDisplay.obj)
                                          0x2 (size before relaxing)
 *fill*         0x0000000000010ac5        0x3 
 .rodata.BrowserStatusProcess
                0x0000000000010ac8       0x2c /home/neo/development/uefi/UDK-uefi-development-kit/MyWorkSpace/Build/MdeModule/DEBUG_GCC44/X64/MdeModulePkg/Universal/DisplayEngineDxe/DisplayEngineDxe/OUTPUT/DisplayEngine.lib(FormDisplay.obj)
 .rodata.UiDisplayMenu
                0x0000000000010af4       0x4c /home/neo/development/uefi/UDK-uefi-development-kit/MyWorkSpace/Build/MdeModule/DEBUG_GCC44/X64/MdeModulePkg/Universal/DisplayEngineDxe/DisplayEngineDxe/OUTPUT/DisplayEngine.lib(FormDisplay.obj)
 .rodata.HiiValueToUINT64
                0x0000000000010b40       0x1c /home/neo/development/uefi/UDK-uefi-development-kit/MyWorkSpace/Build/MdeModule/DEBUG_GCC44/X64/MdeModulePkg/Universal/DisplayEngineDxe/DisplayEngineDxe/OUTPUT/DisplayEngine.lib(ProcessOptions.obj)
 .rodata.str1.1
                0x0000000000010b5c       0xcf /home/neo/development/uefi/UDK-uefi-development-kit/MyWorkSpace/Build/MdeModule/DEBUG_GCC44/X64/MdeModulePkg/Universal/DisplayEngineDxe/DisplayEngineDxe/OUTPUT/DisplayEngine.lib(ProcessOptions.obj)
                                        0x12f (size before relaxing)
 *fill*         0x0000000000010c2b        0x1 
 .rodata.str2.2
                0x0000000000010c2c       0x36 /home/neo/development/uefi/UDK-uefi-development-kit/MyWorkSpace/Build/MdeModule/DEBUG_GCC44/X64/MdeModulePkg/Universal/DisplayEngineDxe/DisplayEngineDxe/OUTPUT/DisplayEngine.lib(ProcessOptions.obj)
                                         0x44 (size before relaxing)
 .rodata.str1.1
                0x0000000000010c62      0x1c9 /home/neo/development/uefi/UDK-uefi-development-kit/MyWorkSpace/Build/MdeModule/DEBUG_GCC44/X64/MdeModulePkg/Universal/DisplayEngineDxe/DisplayEngineDxe/OUTPUT/DisplayEngine.lib(InputHandler.obj)
                                        0x24a (size before relaxing)
 *fill*         0x0000000000010e2b        0x1 
 .rodata.str2.2
                0x0000000000010e2c        0x8 /home/neo/development/uefi/UDK-uefi-development-kit/MyWorkSpace/Build/MdeModule/DEBUG_GCC44/X64/MdeModulePkg/Universal/DisplayEngineDxe/DisplayEngineDxe/OUTPUT/DisplayEngine.lib(InputHandler.obj)
                                         0x20 (size before relaxing)
 .rodata.IsValuesEqual
                0x0000000000010e34       0x14 /home/neo/development/uefi/UDK-uefi-development-kit/MyWorkSpace/Build/MdeModule/DEBUG_GCC44/X64/MdeModulePkg/Universal/DisplayEngineDxe/DisplayEngineDxe/OUTPUT/DisplayEngine.lib(InputHandler.obj)
 .rodata.SetValuesByType
                0x0000000000010e48       0x14 /home/neo/development/uefi/UDK-uefi-development-kit/MyWorkSpace/Build/MdeModule/DEBUG_GCC44/X64/MdeModulePkg/Universal/DisplayEngineDxe/DisplayEngineDxe/OUTPUT/DisplayEngine.lib(InputHandler.obj)
 *fill*         0x0000000000010e5c        0x4 
 .rodata.CSWTCH.58
                0x0000000000010e60        0x8 /home/neo/development/uefi/UDK-uefi-development-kit/MyWorkSpace/Build/MdeModule/DEBUG_GCC44/X64/MdeModulePkg/Universal/DisplayEngineDxe/DisplayEngineDxe/OUTPUT/DisplayEngine.lib(InputHandler.obj)
 .rodata.str1.1
                0x0000000000010e68       0x6e /home/neo/development/uefi/UDK-uefi-development-kit/MyWorkSpace/Build/MdeModule/DEBUG_GCC44/X64/MdePkg/Library/BaseLib/BaseLib/OUTPUT/BaseLib.lib(LShiftU64.obj)
 .rodata.str1.1
                0x0000000000010ed6      0x264 /home/neo/development/uefi/UDK-uefi-development-kit/MyWorkSpace/Build/MdeModule/DEBUG_GCC44/X64/MdePkg/Library/BaseLib/BaseLib/OUTPUT/BaseLib.lib(LinkedList.obj)
                                        0x279 (size before relaxing)
 .rodata.str1.1
                0x000000000001113a      0x3d9 /home/neo/development/uefi/UDK-uefi-development-kit/MyWorkSpace/Build/MdeModule/DEBUG_GCC44/X64/MdePkg/Library/BaseLib/BaseLib/OUTPUT/BaseLib.lib(SafeString.obj)
 .rodata.str1.1
                0x0000000000011513      0x5bc /home/neo/development/uefi/UDK-uefi-development-kit/MyWorkSpace/Build/MdeModule/DEBUG_GCC44/X64/MdePkg/Library/BaseLib/BaseLib/OUTPUT/BaseLib.lib(String.obj)
                                        0x6ac (size before relaxing)
 .rodata.str1.1
                0x0000000000011acf       0xcc /home/neo/development/uefi/UDK-uefi-development-kit/MyWorkSpace/Build/MdeModule/DEBUG_GCC44/X64/MdePkg/Library/BaseMemoryLib/BaseMemoryLib/OUTPUT/BaseMemoryLib.lib(ZeroMemWrapper.obj)
 .rodata.str1.1
                0x0000000000011b9b      0x131 /home/neo/development/uefi/UDK-uefi-development-kit/MyWorkSpace/Build/MdeModule/DEBUG_GCC44/X64/MdePkg/Library/BaseMemoryLib/BaseMemoryLib/OUTPUT/BaseMemoryLib.lib(CompareMemWrapper.obj)
 .rodata.str1.1
                0x0000000000011ccc       0x6e /home/neo/development/uefi/UDK-uefi-development-kit/MyWorkSpace/Build/MdeModule/DEBUG_GCC44/X64/MdePkg/Library/BaseMemoryLib/BaseMemoryLib/OUTPUT/BaseMemoryLib.lib(CopyMemWrapper.obj)
                                         0xef (size before relaxing)
 .rodata.str1.1
                0x0000000000011d3a       0xc8 /home/neo/development/uefi/UDK-uefi-development-kit/MyWorkSpace/Build/MdeModule/DEBUG_GCC44/X64/MdePkg/Library/UefiBootServicesTableLib/UefiBootServicesTableLib/OUTPUT/UefiBootServicesTableLib.lib(UefiBootServicesTableLib.obj)
 .rodata.str1.1
                0x0000000000011e02       0xfc /home/neo/development/uefi/UDK-uefi-development-kit/MyWorkSpace/Build/MdeModule/DEBUG_GCC44/X64/MdePkg/Library/UefiMemoryAllocationLib/UefiMemoryAllocationLib/OUTPUT/UefiMemoryAllocationLib.lib(MemoryAllocationLib.obj)
                                        0x148 (size before relaxing)
 .rodata.str1.1
                0x0000000000011efe       0xf4 /home/neo/development/uefi/UDK-uefi-development-kit/MyWorkSpace/Build/MdeModule/DEBUG_GCC44/X64/MdePkg/Library/BasePrintLib/BasePrintLib/OUTPUT/BasePrintLib.lib(PrintLib.obj)
 .rodata.str1.1
                0x0000000000011ff2      0x442 /home/neo/development/uefi/UDK-uefi-development-kit/MyWorkSpace/Build/MdeModule/DEBUG_GCC44/X64/MdePkg/Library/BasePrintLib/BasePrintLib/OUTPUT/BasePrintLib.lib(PrintLibInternal.obj)
                                        0x46a (size before relaxing)
 *fill*         0x0000000000012434        0xc 
 .rodata.mHexStr
                0x0000000000012440       0x10 /home/neo/development/uefi/UDK-uefi-development-kit/MyWorkSpace/Build/MdeModule/DEBUG_GCC44/X64/MdePkg/Library/BasePrintLib/BasePrintLib/OUTPUT/BasePrintLib.lib(PrintLibInternal.obj)
                0x0000000000012440                mHexStr
 .rodata.str1.1
                0x0000000000012450       0x9d /home/neo/development/uefi/UDK-uefi-development-kit/MyWorkSpace/Build/MdeModule/DEBUG_GCC44/X64/MdePkg/Library/UefiRuntimeServicesTableLib/UefiRuntimeServicesTableLib/OUTPUT/UefiRuntimeServicesTableLib.lib(UefiRuntimeServicesTableLib.obj)
 .rodata.str1.1
                0x00000000000124ed       0x7d /home/neo/development/uefi/UDK-uefi-development-kit/MyWorkSpace/Build/MdeModule/DEBUG_GCC44/X64/MdeModulePkg/Library/UefiHiiServicesLib/UefiHiiServicesLib/OUTPUT/UefiHiiServicesLib.lib(UefiHiiServicesLib.obj)
                                         0xb2 (size before relaxing)
 .rodata.str1.1
                0x000000000001256a      0x1fd /home/neo/development/uefi/UDK-uefi-development-kit/MyWorkSpace/Build/MdeModule/DEBUG_GCC44/X64/MdePkg/Library/UefiLib/UefiLib/OUTPUT/UefiLib.lib(UefiLib.obj)
                                        0x25c (size before relaxing)
 .rodata.str1.1
                0x0000000000012767      0x467 /home/neo/development/uefi/UDK-uefi-development-kit/MyWorkSpace/Build/MdeModule/DEBUG_GCC44/X64/MdeModulePkg/Library/UefiHiiLib/UefiHiiLib/OUTPUT/UefiHiiLib.lib(HiiLib.obj)
                                        0x530 (size before relaxing)
 .rodata.mEndOfPakageList
                0x0000000000012bce        0x4 /home/neo/development/uefi/UDK-uefi-development-kit/MyWorkSpace/Build/MdeModule/DEBUG_GCC44/X64/MdeModulePkg/Library/UefiHiiLib/UefiHiiLib/OUTPUT/UefiHiiLib.lib(HiiLib.obj)
                0x0000000000012bce                mEndOfPakageList
 .rodata.str1.1
                0x0000000000012bd2       0x81 /home/neo/development/uefi/UDK-uefi-development-kit/MyWorkSpace/Build/MdeModule/DEBUG_GCC44/X64/MdeModulePkg/Library/UefiHiiLib/UefiHiiLib/OUTPUT/UefiHiiLib.lib(HiiString.obj)
                                         0xd3 (size before relaxing)
 *fill*         0x0000000000012c53        0x1 
 .rodata.str2.2
                0x0000000000012c54       0x1a /home/neo/development/uefi/UDK-uefi-development-kit/MyWorkSpace/Build/MdeModule/DEBUG_GCC44/X64/MdeModulePkg/Library/UefiHiiLib/UefiHiiLib/OUTPUT/UefiHiiLib.lib(HiiString.obj)
 .rodata.str1.1
                0x0000000000012c6e       0x6e /home/neo/development/uefi/UDK-uefi-development-kit/MyWorkSpace/Build/MdeModule/DEBUG_GCC44/X64/MdeModulePkg/Library/UefiHiiLib/UefiHiiLib/OUTPUT/UefiHiiLib.lib(HiiLanguage.obj)
                                         0x88 (size before relaxing)
 .rodata.str2.2
                0x0000000000012cdc       0x22 /home/neo/development/uefi/UDK-uefi-development-kit/MyWorkSpace/Build/MdeModule/DEBUG_GCC44/X64/MdeModulePkg/Library/CustomizedDisplayLib/CustomizedDisplayLib/OUTPUT/CustomizedDisplayLib.lib(CustomizedDisplayLib.obj)
                                         0x36 (size before relaxing)
 .rodata.str1.1
                0x0000000000012cfe       0xe5 /home/neo/development/uefi/UDK-uefi-development-kit/MyWorkSpace/Build/MdeModule/DEBUG_GCC44/X64/MdeModulePkg/Library/CustomizedDisplayLib/CustomizedDisplayLib/OUTPUT/CustomizedDisplayLib.lib(CustomizedDisplayLib.obj)
                                        0x14a (size before relaxing)
 .rodata.str1.1
                0x0000000000012de3      0x104 /home/neo/development/uefi/UDK-uefi-development-kit/MyWorkSpace/Build/MdeModule/DEBUG_GCC44/X64/MdeModulePkg/Library/CustomizedDisplayLib/CustomizedDisplayLib/OUTPUT/CustomizedDisplayLib.lib(CustomizedDisplayLibInternal.obj)
                                        0x14e (size before relaxing)
 *fill*         0x0000000000012ee7        0x1 
 .rodata.str2.2
                0x0000000000012ee8        0x4 /home/neo/development/uefi/UDK-uefi-development-kit/MyWorkSpace/Build/MdeModule/DEBUG_GCC44/X64/MdeModulePkg/Library/CustomizedDisplayLib/CustomizedDisplayLib/OUTPUT/CustomizedDisplayLib.lib(CustomizedDisplayLibInternal.obj)
 .rodata.str1.1
                0x0000000000012eec       0x79 /home/neo/development/uefi/UDK-uefi-development-kit/MyWorkSpace/Build/MdeModule/DEBUG_GCC44/X64/MdePkg/Library/BaseLib/BaseLib/OUTPUT/BaseLib.lib(DivU64x32Remainder.obj)
 .rodata.str1.1
                0x0000000000012f65       0x63 /home/neo/development/uefi/UDK-uefi-development-kit/MyWorkSpace/Build/MdeModule/DEBUG_GCC44/X64/MdePkg/Library/BaseLib/BaseLib/OUTPUT/BaseLib.lib(Unaligned.obj)
                                         0x7a (size before relaxing)
 *(.got .got.*)
 *:AutoGen.obj(.data .data.* .bss .bss.*)
 *fill*         0x0000000000012fc8       0x18 
 .data.DisplayEngineStrings
                0x0000000000012fe0     0x139e /home/neo/development/uefi/UDK-uefi-development-kit/MyWorkSpace/Build/MdeModule/DEBUG_GCC44/X64/MdeModulePkg/Universal/DisplayEngineDxe/DisplayEngineDxe/OUTPUT/DisplayEngine.lib(AutoGen.obj)
                0x0000000000012fe0                DisplayEngineStrings
 *fill*         0x000000000001437e        0x2 
 .data.gEfiLoadedImageProtocolGuid
                0x0000000000014380       0x10 /home/neo/development/uefi/UDK-uefi-development-kit/MyWorkSpace/Build/MdeModule/DEBUG_GCC44/X64/MdeModulePkg/Universal/DisplayEngineDxe/DisplayEngineDxe/OUTPUT/DisplayEngine.lib(AutoGen.obj)
                0x0000000000014380                gEfiLoadedImageProtocolGuid
 .data.gEfiHiiConfigRoutingProtocolGuid
                0x0000000000014390       0x10 /home/neo/development/uefi/UDK-uefi-development-kit/MyWorkSpace/Build/MdeModule/DEBUG_GCC44/X64/MdeModulePkg/Universal/DisplayEngineDxe/DisplayEngineDxe/OUTPUT/DisplayEngine.lib(AutoGen.obj)
                0x0000000000014390                gEfiHiiConfigRoutingProtocolGuid
 .data.gEfiHiiDatabaseProtocolGuid
                0x00000000000143a0       0x10 /home/neo/development/uefi/UDK-uefi-development-kit/MyWorkSpace/Build/MdeModule/DEBUG_GCC44/X64/MdeModulePkg/Universal/DisplayEngineDxe/DisplayEngineDxe/OUTPUT/DisplayEngine.lib(AutoGen.obj)
                0x00000000000143a0                gEfiHiiDatabaseProtocolGuid
 .data.gEfiHiiImageProtocolGuid
                0x00000000000143b0       0x10 /home/neo/development/uefi/UDK-uefi-development-kit/MyWorkSpace/Build/MdeModule/DEBUG_GCC44/X64/MdeModulePkg/Universal/DisplayEngineDxe/DisplayEngineDxe/OUTPUT/DisplayEngine.lib(AutoGen.obj)
                0x00000000000143b0                gEfiHiiImageProtocolGuid
 .data.gEfiHiiStringProtocolGuid
                0x00000000000143c0       0x10 /home/neo/development/uefi/UDK-uefi-development-kit/MyWorkSpace/Build/MdeModule/DEBUG_GCC44/X64/MdeModulePkg/Universal/DisplayEngineDxe/DisplayEngineDxe/OUTPUT/DisplayEngine.lib(AutoGen.obj)
                0x00000000000143c0                gEfiHiiStringProtocolGuid
 .data.gEfiHiiFontProtocolGuid
                0x00000000000143d0       0x10 /home/neo/development/uefi/UDK-uefi-development-kit/MyWorkSpace/Build/MdeModule/DEBUG_GCC44/X64/MdeModulePkg/Universal/DisplayEngineDxe/DisplayEngineDxe/OUTPUT/DisplayEngine.lib(AutoGen.obj)
                0x00000000000143d0                gEfiHiiFontProtocolGuid
 .data.gEdkiiFormBrowserEx2ProtocolGuid
                0x00000000000143e0       0x10 /home/neo/development/uefi/UDK-uefi-development-kit/MyWorkSpace/Build/MdeModule/DEBUG_GCC44/X64/MdeModulePkg/Universal/DisplayEngineDxe/DisplayEngineDxe/OUTPUT/DisplayEngine.lib(AutoGen.obj)
                0x00000000000143e0                gEdkiiFormBrowserEx2ProtocolGuid
 .data.gEdkiiFormDisplayEngineProtocolGuid
                0x00000000000143f0       0x10 /home/neo/development/uefi/UDK-uefi-development-kit/MyWorkSpace/Build/MdeModule/DEBUG_GCC44/X64/MdeModulePkg/Universal/DisplayEngineDxe/DisplayEngineDxe/OUTPUT/DisplayEngine.lib(AutoGen.obj)
                0x00000000000143f0                gEdkiiFormDisplayEngineProtocolGuid
 .data.gEfiIfrTianoGuid
                0x0000000000014400       0x10 /home/neo/development/uefi/UDK-uefi-development-kit/MyWorkSpace/Build/MdeModule/DEBUG_GCC44/X64/MdeModulePkg/Universal/DisplayEngineDxe/DisplayEngineDxe/OUTPUT/DisplayEngine.lib(AutoGen.obj)
                0x0000000000014400                gEfiIfrTianoGuid
 .data.gEfiGlobalVariableGuid
                0x0000000000014410       0x10 /home/neo/development/uefi/UDK-uefi-development-kit/MyWorkSpace/Build/MdeModule/DEBUG_GCC44/X64/MdeModulePkg/Universal/DisplayEngineDxe/DisplayEngineDxe/OUTPUT/DisplayEngine.lib(AutoGen.obj)
                0x0000000000014410                gEfiGlobalVariableGuid
 .data.CustomizedDisplayLibStrings
                0x0000000000014420      0x6ea /home/neo/development/uefi/UDK-uefi-development-kit/MyWorkSpace/Build/MdeModule/DEBUG_GCC44/X64/MdeModulePkg/Library/CustomizedDisplayLib/CustomizedDisplayLib/OUTPUT/CustomizedDisplayLib.lib(AutoGen.obj)
                0x0000000000014420                CustomizedDisplayLibStrings

.iplt           0x0000000000014b10        0x0
 .iplt          0x0000000000014b10        0x0 /home/neo/development/uefi/UDK-uefi-development-kit/MyWorkSpace/Build/MdeModule/DEBUG_GCC44/X64/MdePkg/Library/UefiDriverEntryPoint/UefiDriverEntryPoint/OUTPUT/UefiDriverEntryPoint.lib(DriverEntryPoint.obj)

.data           0x0000000000014b20      0x5a0
 *(.data .data.* .gnu.linkonce.d.*)
 .data.rel.local.mPrivateData
                0x0000000000014b20       0x28 /home/neo/development/uefi/UDK-uefi-development-kit/MyWorkSpace/Build/MdeModule/DEBUG_GCC44/X64/MdeModulePkg/Universal/DisplayEngineDxe/DisplayEngineDxe/OUTPUT/DisplayEngine.lib(FormDisplay.obj)
                0x0000000000014b20                mPrivateData
 .data.mIsFirstForm
                0x0000000000014b48        0x1 /home/neo/development/uefi/UDK-uefi-development-kit/MyWorkSpace/Build/MdeModule/DEBUG_GCC44/X64/MdeModulePkg/Universal/DisplayEngineDxe/DisplayEngineDxe/OUTPUT/DisplayEngine.lib(FormDisplay.obj)
                0x0000000000014b48                mIsFirstForm
 .data.mStatementLayoutIsChanged
                0x0000000000014b49        0x1 /home/neo/development/uefi/UDK-uefi-development-kit/MyWorkSpace/Build/MdeModule/DEBUG_GCC44/X64/MdeModulePkg/Universal/DisplayEngineDxe/DisplayEngineDxe/OUTPUT/DisplayEngine.lib(FormDisplay.obj)
                0x0000000000014b49                mStatementLayoutIsChanged
 *fill*         0x0000000000014b4a        0x6 
 .data.gDisplayEngineGuid
                0x0000000000014b50       0x10 /home/neo/development/uefi/UDK-uefi-development-kit/MyWorkSpace/Build/MdeModule/DEBUG_GCC44/X64/MdeModulePkg/Universal/DisplayEngineDxe/DisplayEngineDxe/OUTPUT/DisplayEngine.lib(FormDisplay.obj)
                0x0000000000014b50                gDisplayEngineGuid
 .data.gScreenOperationToControlFlag
                0x0000000000014b60       0x50 /home/neo/development/uefi/UDK-uefi-development-kit/MyWorkSpace/Build/MdeModule/DEBUG_GCC44/X64/MdeModulePkg/Universal/DisplayEngineDxe/DisplayEngineDxe/OUTPUT/DisplayEngine.lib(FormDisplay.obj)
                0x0000000000014b60                gScreenOperationToControlFlag
 .data.mScanCodeNumber
                0x0000000000014bb0        0x8 /home/neo/development/uefi/UDK-uefi-development-kit/MyWorkSpace/Build/MdeModule/DEBUG_GCC44/X64/MdeModulePkg/Universal/DisplayEngineDxe/DisplayEngineDxe/OUTPUT/DisplayEngine.lib(FormDisplay.obj)
                0x0000000000014bb0                mScanCodeNumber
 *fill*         0x0000000000014bb8        0x8 
 .data.gScanCodeToOperation
                0x0000000000014bc0       0x38 /home/neo/development/uefi/UDK-uefi-development-kit/MyWorkSpace/Build/MdeModule/DEBUG_GCC44/X64/MdeModulePkg/Universal/DisplayEngineDxe/DisplayEngineDxe/OUTPUT/DisplayEngine.lib(FormDisplay.obj)
                0x0000000000014bc0                gScanCodeToOperation
 *fill*         0x0000000000014bf8        0x8 
 .data.rel.ro.local.mStatusString
                0x0000000000014c00      0x138 /home/neo/development/uefi/UDK-uefi-development-kit/MyWorkSpace/Build/MdeModule/DEBUG_GCC44/X64/MdePkg/Library/BasePrintLib/BasePrintLib/OUTPUT/BasePrintLib.lib(PrintLibInternal.obj)
                0x0000000000014c00                mStatusString
 .data.gLibIsFirstForm
                0x0000000000014d38        0x1 /home/neo/development/uefi/UDK-uefi-development-kit/MyWorkSpace/Build/MdeModule/DEBUG_GCC44/X64/MdeModulePkg/Library/CustomizedDisplayLib/CustomizedDisplayLib/OUTPUT/CustomizedDisplayLib.lib(CustomizedDisplayLib.obj)
                0x0000000000014d38                gLibIsFirstForm
 *fill*         0x0000000000014d39        0x7 
 .data.gCustomizedDisplayLibGuid
                0x0000000000014d40       0x10 /home/neo/development/uefi/UDK-uefi-development-kit/MyWorkSpace/Build/MdeModule/DEBUG_GCC44/X64/MdeModulePkg/Library/CustomizedDisplayLib/CustomizedDisplayLib/OUTPUT/CustomizedDisplayLib.lib(CustomizedDisplayLib.obj)
                0x0000000000014d40                gCustomizedDisplayLibGuid
 *(.bss .bss.*)
 .bss.mUnknownString
                0x0000000000014d50        0x8 /home/neo/development/uefi/UDK-uefi-development-kit/MyWorkSpace/Build/MdeModule/DEBUG_GCC44/X64/MdeModulePkg/Universal/DisplayEngineDxe/DisplayEngineDxe/OUTPUT/DisplayEngine.lib(FormDisplay.obj)
                0x0000000000014d50                mUnknownString
 .bss.gHelpBlockWidth
                0x0000000000014d58        0x2 /home/neo/development/uefi/UDK-uefi-development-kit/MyWorkSpace/Build/MdeModule/DEBUG_GCC44/X64/MdeModulePkg/Universal/DisplayEngineDxe/DisplayEngineDxe/OUTPUT/DisplayEngine.lib(FormDisplay.obj)
                0x0000000000014d58                gHelpBlockWidth
 .bss.gOptionBlockWidth
                0x0000000000014d5a        0x2 /home/neo/development/uefi/UDK-uefi-development-kit/MyWorkSpace/Build/MdeModule/DEBUG_GCC44/X64/MdeModulePkg/Universal/DisplayEngineDxe/DisplayEngineDxe/OUTPUT/DisplayEngine.lib(FormDisplay.obj)
                0x0000000000014d5a                gOptionBlockWidth
 .bss.gPromptBlockWidth
                0x0000000000014d5c        0x2 /home/neo/development/uefi/UDK-uefi-development-kit/MyWorkSpace/Build/MdeModule/DEBUG_GCC44/X64/MdeModulePkg/Universal/DisplayEngineDxe/DisplayEngineDxe/OUTPUT/DisplayEngine.lib(FormDisplay.obj)
                0x0000000000014d5c                gPromptBlockWidth
 .bss.gModalSkipColumn
                0x0000000000014d5e        0x2 /home/neo/development/uefi/UDK-uefi-development-kit/MyWorkSpace/Build/MdeModule/DEBUG_GCC44/X64/MdeModulePkg/Universal/DisplayEngineDxe/DisplayEngineDxe/OUTPUT/DisplayEngine.lib(FormDisplay.obj)
                0x0000000000014d5e                gModalSkipColumn
 .bss.gConfirmMsgEnd
                0x0000000000014d60        0x8 /home/neo/development/uefi/UDK-uefi-development-kit/MyWorkSpace/Build/MdeModule/DEBUG_GCC44/X64/MdeModulePkg/Universal/DisplayEngineDxe/DisplayEngineDxe/OUTPUT/DisplayEngine.lib(FormDisplay.obj)
                0x0000000000014d60                gConfirmMsgEnd
 .bss.gConfirmMsgConnect
                0x0000000000014d68        0x8 /home/neo/development/uefi/UDK-uefi-development-kit/MyWorkSpace/Build/MdeModule/DEBUG_GCC44/X64/MdeModulePkg/Universal/DisplayEngineDxe/DisplayEngineDxe/OUTPUT/DisplayEngine.lib(FormDisplay.obj)
                0x0000000000014d68                gConfirmMsgConnect
 .bss.gConfirmOptNo
                0x0000000000014d70        0x8 /home/neo/development/uefi/UDK-uefi-development-kit/MyWorkSpace/Build/MdeModule/DEBUG_GCC44/X64/MdeModulePkg/Universal/DisplayEngineDxe/DisplayEngineDxe/OUTPUT/DisplayEngine.lib(FormDisplay.obj)
                0x0000000000014d70                gConfirmOptNo
 .bss.gConfirmOptYes
                0x0000000000014d78        0x8 /home/neo/development/uefi/UDK-uefi-development-kit/MyWorkSpace/Build/MdeModule/DEBUG_GCC44/X64/MdeModulePkg/Universal/DisplayEngineDxe/DisplayEngineDxe/OUTPUT/DisplayEngine.lib(FormDisplay.obj)
                0x0000000000014d78                gConfirmOptYes
 .bss.gConfirmOpt
                0x0000000000014d80        0x8 /home/neo/development/uefi/UDK-uefi-development-kit/MyWorkSpace/Build/MdeModule/DEBUG_GCC44/X64/MdeModulePkg/Universal/DisplayEngineDxe/DisplayEngineDxe/OUTPUT/DisplayEngine.lib(FormDisplay.obj)
                0x0000000000014d80                gConfirmOpt
 .bss.gConfirmExitMsg2nd
                0x0000000000014d88        0x8 /home/neo/development/uefi/UDK-uefi-development-kit/MyWorkSpace/Build/MdeModule/DEBUG_GCC44/X64/MdeModulePkg/Universal/DisplayEngineDxe/DisplayEngineDxe/OUTPUT/DisplayEngine.lib(FormDisplay.obj)
                0x0000000000014d88                gConfirmExitMsg2nd
 .bss.gConfirmResetMsg2nd
                0x0000000000014d90        0x8 /home/neo/development/uefi/UDK-uefi-development-kit/MyWorkSpace/Build/MdeModule/DEBUG_GCC44/X64/MdeModulePkg/Universal/DisplayEngineDxe/DisplayEngineDxe/OUTPUT/DisplayEngine.lib(FormDisplay.obj)
                0x0000000000014d90                gConfirmResetMsg2nd
 .bss.gConfirmDefaultMsg2nd
                0x0000000000014d98        0x8 /home/neo/development/uefi/UDK-uefi-development-kit/MyWorkSpace/Build/MdeModule/DEBUG_GCC44/X64/MdeModulePkg/Universal/DisplayEngineDxe/DisplayEngineDxe/OUTPUT/DisplayEngine.lib(FormDisplay.obj)
                0x0000000000014d98                gConfirmDefaultMsg2nd
 .bss.gConfirmSubmitMsg2nd
                0x0000000000014da0        0x8 /home/neo/development/uefi/UDK-uefi-development-kit/MyWorkSpace/Build/MdeModule/DEBUG_GCC44/X64/MdeModulePkg/Universal/DisplayEngineDxe/DisplayEngineDxe/OUTPUT/DisplayEngine.lib(FormDisplay.obj)
                0x0000000000014da0                gConfirmSubmitMsg2nd
 .bss.gConfirmExitMsg
                0x0000000000014da8        0x8 /home/neo/development/uefi/UDK-uefi-development-kit/MyWorkSpace/Build/MdeModule/DEBUG_GCC44/X64/MdeModulePkg/Universal/DisplayEngineDxe/DisplayEngineDxe/OUTPUT/DisplayEngine.lib(FormDisplay.obj)
                0x0000000000014da8                gConfirmExitMsg
 .bss.gConfirmResetMsg
                0x0000000000014db0        0x8 /home/neo/development/uefi/UDK-uefi-development-kit/MyWorkSpace/Build/MdeModule/DEBUG_GCC44/X64/MdeModulePkg/Universal/DisplayEngineDxe/DisplayEngineDxe/OUTPUT/DisplayEngine.lib(FormDisplay.obj)
                0x0000000000014db0                gConfirmResetMsg
 .bss.gConfirmDiscardMsg