Archive member included to satisfy reference by file (symbol)

/home/neo/development/uefi/UDK-uefi-development-kit/MyWorkSpace/Build/MdeModule/DEBUG_GCC44/X64/MdePkg/Library/UefiDriverEntryPoint/UefiDriverEntryPoint/OUTPUT/UefiDriverEntryPoint.lib(DriverEntryPoint.obj)
                              (_ModuleEntryPoint)
/home/neo/development/uefi/UDK-uefi-development-kit/MyWorkSpace/Build/MdeModule/DEBUG_GCC44/X64/MdeModulePkg/Universal/Network/UefiPxeBcDxe/UefiPxeBcDxe/OUTPUT/UefiPxe4BcDxe.lib(AutoGen.obj)
                              /home/neo/development/uefi/UDK-uefi-development-kit/MyWorkSpace/Build/MdeModule/DEBUG_GCC44/X64/MdePkg/Library/UefiDriverEntryPoint/UefiDriverEntryPoint/OUTPUT/UefiDriverEntryPoint.lib(DriverEntryPoint.obj) (ProcessLibraryConstructorList)
/home/neo/development/uefi/UDK-uefi-development-kit/MyWorkSpace/Build/MdeModule/DEBUG_GCC44/X64/MdeModulePkg/Universal/Network/UefiPxeBcDxe/UefiPxeBcDxe/OUTPUT/UefiPxe4BcDxe.lib(PxeBcDriver.obj)
                              /home/neo/development/uefi/UDK-uefi-development-kit/MyWorkSpace/Build/MdeModule/DEBUG_GCC44/X64/MdeModulePkg/Universal/Network/UefiPxeBcDxe/UefiPxeBcDxe/OUTPUT/UefiPxe4BcDxe.lib(AutoGen.obj) (PxeBcDriverEntryPoint)
/home/neo/development/uefi/UDK-uefi-development-kit/MyWorkSpace/Build/MdeModule/DEBUG_GCC44/X64/MdeModulePkg/Universal/Network/UefiPxeBcDxe/UefiPxeBcDxe/OUTPUT/UefiPxe4BcDxe.lib(ComponentName.obj)
                              /home/neo/development/uefi/UDK-uefi-development-kit/MyWorkSpace/Build/MdeModule/DEBUG_GCC44/X64/MdeModulePkg/Universal/Network/UefiPxeBcDxe/UefiPxeBcDxe/OUTPUT/UefiPxe4BcDxe.lib(PxeBcDriver.obj) (gPxeBcComponentName)
/home/neo/development/uefi/UDK-uefi-development-kit/MyWorkSpace/Build/MdeModule/DEBUG_GCC44/X64/MdeModulePkg/Universal/Network/UefiPxeBcDxe/UefiPxeBcDxe/OUTPUT/UefiPxe4BcDxe.lib(PxeBcImpl.obj)
                              /home/neo/development/uefi/UDK-uefi-development-kit/MyWorkSpace/Build/MdeModule/DEBUG_GCC44/X64/MdeModulePkg/Universal/Network/UefiPxeBcDxe/UefiPxeBcDxe/OUTPUT/UefiPxe4BcDxe.lib(PxeBcDriver.obj) (mLoadFileProtocolTemplate)
/home/neo/development/uefi/UDK-uefi-development-kit/MyWorkSpace/Build/MdeModule/DEBUG_GCC44/X64/MdeModulePkg/Universal/Network/UefiPxeBcDxe/UefiPxeBcDxe/OUTPUT/UefiPxe4BcDxe.lib(PxeBcDhcp.obj)
                              /home/neo/development/uefi/UDK-uefi-development-kit/MyWorkSpace/Build/MdeModule/DEBUG_GCC44/X64/MdeModulePkg/Universal/Network/UefiPxeBcDxe/UefiPxeBcDxe/OUTPUT/UefiPxe4BcDxe.lib(PxeBcDriver.obj) (PxeBcInitSeedPacket)
/home/neo/development/uefi/UDK-uefi-development-kit/MyWorkSpace/Build/MdeModule/DEBUG_GCC44/X64/MdeModulePkg/Universal/Network/UefiPxeBcDxe/UefiPxeBcDxe/OUTPUT/UefiPxe4BcDxe.lib(PxeBcMtftp.obj)
                              /home/neo/development/uefi/UDK-uefi-development-kit/MyWorkSpace/Build/MdeModule/DEBUG_GCC44/X64/MdeModulePkg/Universal/Network/UefiPxeBcDxe/UefiPxeBcDxe/OUTPUT/UefiPxe4BcDxe.lib(PxeBcImpl.obj) (PxeBcTftpGetFileSize)
/home/neo/development/uefi/UDK-uefi-development-kit/MyWorkSpace/Build/MdeModule/DEBUG_GCC44/X64/MdeModulePkg/Universal/Network/UefiPxeBcDxe/UefiPxeBcDxe/OUTPUT/UefiPxe4BcDxe.lib(PxeBcSupport.obj)
                              /home/neo/development/uefi/UDK-uefi-development-kit/MyWorkSpace/Build/MdeModule/DEBUG_GCC44/X64/MdeModulePkg/Universal/Network/UefiPxeBcDxe/UefiPxeBcDxe/OUTPUT/UefiPxe4BcDxe.lib(PxeBcImpl.obj) (PxeBcCommonNotify)
/home/neo/development/uefi/UDK-uefi-development-kit/MyWorkSpace/Build/MdeModule/DEBUG_GCC44/X64/MdePkg/Library/UefiDebugLibConOut/UefiDebugLibConOut/OUTPUT/UefiDebugLibConOut.lib(DebugLib.obj)
                              /home/neo/development/uefi/UDK-uefi-development-kit/MyWorkSpace/Build/MdeModule/DEBUG_GCC44/X64/MdePkg/Library/UefiDriverEntryPoint/UefiDriverEntryPoint/OUTPUT/UefiDriverEntryPoint.lib(DriverEntryPoint.obj) (DebugAssert)
/home/neo/development/uefi/UDK-uefi-development-kit/MyWorkSpace/Build/MdeModule/DEBUG_GCC44/X64/MdePkg/Library/BaseMemoryLib/BaseMemoryLib/OUTPUT/BaseMemoryLib.lib(ZeroMemWrapper.obj)
                              /home/neo/development/uefi/UDK-uefi-development-kit/MyWorkSpace/Build/MdeModule/DEBUG_GCC44/X64/MdeModulePkg/Universal/Network/UefiPxeBcDxe/UefiPxeBcDxe/OUTPUT/UefiPxe4BcDxe.lib(PxeBcDriver.obj) (ZeroMem)
/home/neo/development/uefi/UDK-uefi-development-kit/MyWorkSpace/Build/MdeModule/DEBUG_GCC44/X64/MdePkg/Library/BaseMemoryLib/BaseMemoryLib/OUTPUT/BaseMemoryLib.lib(CompareMemWrapper.obj)
                              /home/neo/development/uefi/UDK-uefi-development-kit/MyWorkSpace/Build/MdeModule/DEBUG_GCC44/X64/MdeModulePkg/Universal/Network/UefiPxeBcDxe/UefiPxeBcDxe/OUTPUT/UefiPxe4BcDxe.lib(PxeBcImpl.obj) (CompareMem)
/home/neo/development/uefi/UDK-uefi-development-kit/MyWorkSpace/Build/MdeModule/DEBUG_GCC44/X64/MdePkg/Library/BaseMemoryLib/BaseMemoryLib/OUTPUT/BaseMemoryLib.lib(SetMemWrapper.obj)
[...]
Memory Configuration

Name             Origin             Length             Attributes
*default*        0x0000000000000000 0xffffffffffffffff

Linker script and memory map

START GROUP
LOAD /home/neo/development/uefi/UDK-uefi-development-kit/MyWorkSpace/Build/MdeModule/DEBUG_GCC44/X64/MdePkg/Library/BaseDebugPrintErrorLevelLib/BaseDebugPrintErrorLevelLib/OUTPUT/BaseDebugPrintErrorLevelLib.lib
LOAD /home/neo/development/uefi/UDK-uefi-development-kit/MyWorkSpace/Build/MdeModule/DEBUG_GCC44/X64/MdePkg/Library/BasePrintLib/BasePrintLib/OUTPUT/BasePrintLib.lib
LOAD /home/neo/development/uefi/UDK-uefi-development-kit/MyWorkSpace/Build/MdeModule/DEBUG_GCC44/X64/MdePkg/Library/BasePcdLibNull/BasePcdLibNull/OUTPUT/BasePcdLibNull.lib
LOAD /home/neo/development/uefi/UDK-uefi-development-kit/MyWorkSpace/Build/MdeModule/DEBUG_GCC44/X64/MdePkg/Library/UefiDebugLibConOut/UefiDebugLibConOut/OUTPUT/UefiDebugLibConOut.lib
LOAD /home/neo/development/uefi/UDK-uefi-development-kit/MyWorkSpace/Build/MdeModule/DEBUG_GCC44/X64/MdePkg/Library/BaseMemoryLib/BaseMemoryLib/OUTPUT/BaseMemoryLib.lib
LOAD /home/neo/development/uefi/UDK-uefi-development-kit/MyWorkSpace/Build/MdeModule/DEBUG_GCC44/X64/MdePkg/Library/BaseLib/BaseLib/OUTPUT/BaseLib.lib
LOAD /home/neo/development/uefi/UDK-uefi-development-kit/MyWorkSpace/Build/MdeModule/DEBUG_GCC44/X64/MdePkg/Library/UefiBootServicesTableLib/UefiBootServicesTableLib/OUTPUT/UefiBootServicesTableLib.lib
LOAD /home/neo/development/uefi/UDK-uefi-development-kit/MyWorkSpace/Build/MdeModule/DEBUG_GCC44/X64/MdePkg/Library/UefiMemoryAllocationLib/UefiMemoryAllocationLib/OUTPUT/UefiMemoryAllocationLib.lib
LOAD /home/neo/development/uefi/UDK-uefi-development-kit/MyWorkSpace/Build/MdeModule/DEBUG_GCC44/X64/MdePkg/Library/UefiDevicePathLib/UefiDevicePathLib/OUTPUT/UefiDevicePathLib.lib
LOAD /home/neo/development/uefi/UDK-uefi-development-kit/MyWorkSpace/Build/MdeModule/DEBUG_GCC44/X64/MdePkg/Library/UefiRuntimeServicesTableLib/UefiRuntimeServicesTableLib/OUTPUT/UefiRuntimeServicesTableLib.lib
LOAD /home/neo/development/uefi/UDK-uefi-development-kit/MyWorkSpace/Build/MdeModule/DEBUG_GCC44/X64/MdePkg/Library/UefiLib/UefiLib/OUTPUT/UefiLib.lib
LOAD /home/neo/development/uefi/UDK-uefi-development-kit/MyWorkSpace/Build/MdeModule/DEBUG_GCC44/X64/MdePkg/Library/UefiDriverEntryPoint/UefiDriverEntryPoint/OUTPUT/UefiDriverEntryPoint.lib
LOAD /home/neo/development/uefi/UDK-uefi-development-kit/MyWorkSpace/Build/MdeModule/DEBUG_GCC44/X64/MdeModulePkg/Library/DxeNetLib/DxeNetLib/OUTPUT/DxeNetLib.lib
LOAD /home/neo/development/uefi/UDK-uefi-development-kit/MyWorkSpace/Build/MdeModule/DEBUG_GCC44/X64/MdeModulePkg/Library/DxeDpcLib/DxeDpcLib/OUTPUT/DxeDpcLib.lib
LOAD /home/neo/development/uefi/UDK-uefi-development-kit/MyWorkSpace/Build/MdeModule/DEBUG_GCC44/X64/MdeModulePkg/Universal/Network/UefiPxeBcDxe/UefiPxeBcDxe/OUTPUT/UefiPxe4BcDxe.lib
END GROUP
                0x0000000000000228                PECOFF_HEADER_SIZE = 0x228
                0x0000000000000228                . = PECOFF_HEADER_SIZE

.text           0x0000000000000240     0xc658
 *(.text .text.* .stub .gnu.linkonce.t.*)
 .text._DriverUnloadHandler
                0x0000000000000240       0x31 /home/neo/development/uefi/UDK-uefi-development-kit/MyWorkSpace/Build/MdeModule/DEBUG_GCC44/X64/MdePkg/Library/UefiDriverEntryPoint/UefiDriverEntryPoint/OUTPUT/UefiDriverEntryPoint.lib(DriverEntryPoint.obj)
                0x0000000000000240                _DriverUnloadHandler
 .text._ModuleEntryPoint
                0x0000000000000271       0xe8 /home/neo/development/uefi/UDK-uefi-development-kit/MyWorkSpace/Build/MdeModule/DEBUG_GCC44/X64/MdePkg/Library/UefiDriverEntryPoint/UefiDriverEntryPoint/OUTPUT/UefiDriverEntryPoint.lib(DriverEntryPoint.obj)
                0x0000000000000271                _ModuleEntryPoint
 .text.ProcessLibraryConstructorList
                0x0000000000000359      0x192 /home/neo/development/uefi/UDK-uefi-development-kit/MyWorkSpace/Build/MdeModule/DEBUG_GCC44/X64/MdeModulePkg/Universal/Network/UefiPxeBcDxe/UefiPxeBcDxe/OUTPUT/UefiPxe4BcDxe.lib(AutoGen.obj)
                0x0000000000000359                ProcessLibraryConstructorList
 .text.ProcessLibraryDestructorList
                0x00000000000004eb        0x1 /home/neo/development/uefi/UDK-uefi-development-kit/MyWorkSpace/Build/MdeModule/DEBUG_GCC44/X64/MdeModulePkg/Universal/Network/UefiPxeBcDxe/UefiPxeBcDxe/OUTPUT/UefiPxe4BcDxe.lib(AutoGen.obj)
                0x00000000000004eb                ProcessLibraryDestructorList
 .text.ProcessModuleEntryPointList
                0x00000000000004ec        0x5 /home/neo/development/uefi/UDK-uefi-development-kit/MyWorkSpace/Build/MdeModule/DEBUG_GCC44/X64/MdeModulePkg/Universal/Network/UefiPxeBcDxe/UefiPxeBcDxe/OUTPUT/UefiPxe4BcDxe.lib(AutoGen.obj)
                0x00000000000004ec                ProcessModuleEntryPointList
 .text.ProcessModuleUnloadList
                0x00000000000004f1        0x5 /home/neo/development/uefi/UDK-uefi-development-kit/MyWorkSpace/Build/MdeModule/DEBUG_GCC44/X64/MdeModulePkg/Universal/Network/UefiPxeBcDxe/UefiPxeBcDxe/OUTPUT/UefiPxe4BcDxe.lib(AutoGen.obj)
                0x00000000000004f1                ProcessModuleUnloadList
 .text.PxeBcDriverBindingStart
                0x00000000000004f6      0x75c /home/neo/development/uefi/UDK-uefi-development-kit/MyWorkSpace/Build/MdeModule/DEBUG_GCC44/X64/MdeModulePkg/Universal/Network/UefiPxeBcDxe/UefiPxeBcDxe/OUTPUT/UefiPxe4BcDxe.lib(PxeBcDriver.obj)
                0x00000000000004f6                PxeBcDriverBindingStart
 .text.PxeBcDriverBindingStop
                0x0000000000000c52      0x2c5 /home/neo/development/uefi/UDK-uefi-development-kit/MyWorkSpace/Build/MdeModule/DEBUG_GCC44/X64/MdeModulePkg/Universal/Network/UefiPxeBcDxe/UefiPxeBcDxe/OUTPUT/UefiPxe4BcDxe.lib(PxeBcDriver.obj)
                0x0000000000000c52                PxeBcDriverBindingStop
 .text.PxeBcDriverBindingSupported
                0x0000000000000f17       0xb3 /home/neo/development/uefi/UDK-uefi-development-kit/MyWorkSpace/Build/MdeModule/DEBUG_GCC44/X64/MdeModulePkg/Universal/Network/UefiPxeBcDxe/UefiPxeBcDxe/OUTPUT/UefiPxe4BcDxe.lib(PxeBcDriver.obj)
                0x0000000000000f17                PxeBcDriverBindingSupported
 .text.PxeBcDriverEntryPoint
                0x0000000000000fca       0x30 /home/neo/development/uefi/UDK-uefi-development-kit/MyWorkSpace/Build/MdeModule/DEBUG_GCC44/X64/MdeModulePkg/Universal/Network/UefiPxeBcDxe/UefiPxeBcDxe/OUTPUT/UefiPxe4BcDxe.lib(PxeBcDriver.obj)
                0x0000000000000fca                PxeBcDriverEntryPoint
 .text.PxeBcComponentNameGetDriverName
                0x0000000000000ffa       0x36 /home/neo/development/uefi/UDK-uefi-development-kit/MyWorkSpace/Build/MdeModule/DEBUG_GCC44/X64/MdeModulePkg/Universal/Network/UefiPxeBcDxe/UefiPxeBcDxe/OUTPUT/UefiPxe4BcDxe.lib(ComponentName.obj)
                0x0000000000000ffa                PxeBcComponentNameGetDriverName
 .text.PxeBcComponentNameGetControllerName
                0x0000000000001030      0x115 /home/neo/development/uefi/UDK-uefi-development-kit/MyWorkSpace/Build/MdeModule/DEBUG_GCC44/X64/MdeModulePkg/Universal/Network/UefiPxeBcDxe/UefiPxeBcDxe/OUTPUT/UefiPxe4BcDxe.lib(ComponentName.obj)
                0x0000000000001030                PxeBcComponentNameGetControllerName
 .text.IcmpErrorListenHandlerDpc
                0x0000000000001145      0x108 /home/neo/development/uefi/UDK-uefi-development-kit/MyWorkSpace/Build/MdeModule/DEBUG_GCC44/X64/MdeModulePkg/Universal/Network/UefiPxeBcDxe/UefiPxeBcDxe/OUTPUT/UefiPxe4BcDxe.lib(PxeBcImpl.obj)
                0x0000000000001145                IcmpErrorListenHandlerDpc
 .text.IcmpErrorListenHandler
                0x000000000000124d       0x14 /home/neo/development/uefi/UDK-uefi-development-kit/MyWorkSpace/Build/MdeModule/DEBUG_GCC44/X64/MdeModulePkg/Universal/Network/UefiPxeBcDxe/UefiPxeBcDxe/OUTPUT/UefiPxe4BcDxe.lib(PxeBcImpl.obj)
                0x000000000000124d                IcmpErrorListenHandler
 .text.EfiPxeBcSetIpFilter
                0x0000000000001261      0x2d9 /home/neo/development/uefi/UDK-uefi-development-kit/MyWorkSpace/Build/MdeModule/DEBUG_GCC44/X64/MdeModulePkg/Universal/Network/UefiPxeBcDxe/UefiPxeBcDxe/OUTPUT/UefiPxe4BcDxe.lib(PxeBcImpl.obj)
                0x0000000000001261                EfiPxeBcSetIpFilter
 .text.EfiPxeBcSetParameters
                0x000000000000153a      0x162 /home/neo/development/uefi/UDK-uefi-development-kit/MyWorkSpace/Build/MdeModule/DEBUG_GCC44/X64/MdeModulePkg/Universal/Network/UefiPxeBcDxe/UefiPxeBcDxe/OUTPUT/UefiPxe4BcDxe.lib(PxeBcImpl.obj)
                0x000000000000153a                EfiPxeBcSetParameters
 .text.EfiPxeBcSetPackets
                0x000000000000169c      0x1bf /home/neo/development/uefi/UDK-uefi-development-kit/MyWorkSpace/Build/MdeModule/DEBUG_GCC44/X64/MdeModulePkg/Universal/Network/UefiPxeBcDxe/UefiPxeBcDxe/OUTPUT/UefiPxe4BcDxe.lib(PxeBcImpl.obj)
                0x000000000000169c                EfiPxeBcSetPackets
 .text.EfiPxeBcStart
                0x000000000000185b      0x2db /home/neo/development/uefi/UDK-uefi-development-kit/MyWorkSpace/Build/MdeModule/DEBUG_GCC44/X64/MdeModulePkg/Universal/Network/UefiPxeBcDxe/UefiPxeBcDxe/OUTPUT/UefiPxe4BcDxe.lib(PxeBcImpl.obj)
                0x000000000000185b                EfiPxeBcStart
 .text.EfiPxeBcStop
                0x0000000000001b36      0x12d /home/neo/development/uefi/UDK-uefi-development-kit/MyWorkSpace/Build/MdeModule/DEBUG_GCC44/X64/MdeModulePkg/Universal/Network/UefiPxeBcDxe/UefiPxeBcDxe/OUTPUT/UefiPxe4BcDxe.lib(PxeBcImpl.obj)
                0x0000000000001b36                EfiPxeBcStop
 .text.EfiPxeBcDhcp.part.4
                0x0000000000001c63      0x50b /home/neo/development/uefi/UDK-uefi-development-kit/MyWorkSpace/Build/MdeModule/DEBUG_GCC44/X64/MdeModulePkg/Universal/Network/UefiPxeBcDxe/UefiPxeBcDxe/OUTPUT/UefiPxe4BcDxe.lib(PxeBcImpl.obj)
 .text.EfiPxeBcDhcp
                0x000000000000216e       0x18 /home/neo/development/uefi/UDK-uefi-development-kit/MyWorkSpace/Build/MdeModule/DEBUG_GCC44/X64/MdeModulePkg/Universal/Network/UefiPxeBcDxe/UefiPxeBcDxe/OUTPUT/UefiPxe4BcDxe.lib(PxeBcImpl.obj)
                0x000000000000216e                EfiPxeBcDhcp
 .text.EfiPxeBcDiscover
                0x0000000000002186      0x66e /home/neo/development/uefi/UDK-uefi-development-kit/MyWorkSpace/Build/MdeModule/DEBUG_GCC44/X64/MdeModulePkg/Universal/Network/UefiPxeBcDxe/UefiPxeBcDxe/OUTPUT/UefiPxe4BcDxe.lib(PxeBcImpl.obj)
                0x0000000000002186                EfiPxeBcDiscover
 .text.EfiPxeBcSetStationIP
                0x00000000000027f4      0x196 /home/neo/development/uefi/UDK-uefi-development-kit/MyWorkSpace/Build/MdeModule/DEBUG_GCC44/X64/MdeModulePkg/Universal/Network/UefiPxeBcDxe/UefiPxeBcDxe/OUTPUT/UefiPxe4BcDxe.lib(PxeBcImpl.obj)
                0x00000000000027f4                EfiPxeBcSetStationIP
 .text.EfiPxeLoadFileCallback
                0x000000000000298a       0xa1 /home/neo/development/uefi/UDK-uefi-development-kit/MyWorkSpace/Build/MdeModule/DEBUG_GCC44/X64/MdeModulePkg/Universal/Network/UefiPxeBcDxe/UefiPxeBcDxe/OUTPUT/UefiPxe4BcDxe.lib(PxeBcImpl.obj)
                0x000000000000298a                EfiPxeLoadFileCallback
 .text.UpdateArpCache
                0x0000000000002a2b      0x10b /home/neo/development/uefi/UDK-uefi-development-kit/MyWorkSpace/Build/MdeModule/DEBUG_GCC44/X64/MdeModulePkg/Universal/Network/UefiPxeBcDxe/UefiPxeBcDxe/OUTPUT/UefiPxe4BcDxe.lib(PxeBcImpl.obj)
                0x0000000000002a2b                UpdateArpCache
 .text.ArpCacheUpdateTimeout
                0x0000000000002b36       0x99 /home/neo/development/uefi/UDK-uefi-development-kit/MyWorkSpace/Build/MdeModule/DEBUG_GCC44/X64/MdeModulePkg/Universal/Network/UefiPxeBcDxe/UefiPxeBcDxe/OUTPUT/UefiPxe4BcDxe.lib(PxeBcImpl.obj)
                0x0000000000002b36                ArpCacheUpdateTimeout
 .text.FindInArpCache
                0x0000000000002bcf       0x77 /home/neo/development/uefi/UDK-uefi-development-kit/MyWorkSpace/Build/MdeModule/DEBUG_GCC44/X64/MdeModulePkg/Universal/Network/UefiPxeBcDxe/UefiPxeBcDxe/OUTPUT/UefiPxe4BcDxe.lib(PxeBcImpl.obj)
                0x0000000000002bcf                FindInArpCache
 .text.EfiPxeBcMtftp
                0x0000000000002c46      0x387 /home/neo/development/uefi/UDK-uefi-development-kit/MyWorkSpace/Build/MdeModule/DEBUG_GCC44/X64/MdeModulePkg/Universal/Network/UefiPxeBcDxe/UefiPxeBcDxe/OUTPUT/UefiPxe4BcDxe.lib(PxeBcImpl.obj)
                0x0000000000002c46                EfiPxeBcMtftp
 .text.EfiPxeBcUdpWrite
                0x0000000000002fcd      0x455 /home/neo/development/uefi/UDK-uefi-development-kit/MyWorkSpace/Build/MdeModule/DEBUG_GCC44/X64/MdeModulePkg/Universal/Network/UefiPxeBcDxe/UefiPxeBcDxe/OUTPUT/UefiPxe4BcDxe.lib(PxeBcImpl.obj)
                0x0000000000002fcd                EfiPxeBcUdpWrite
 .text.EfiPxeBcArp
                0x0000000000003422      0x1da /home/neo/development/uefi/UDK-uefi-development-kit/MyWorkSpace/Build/MdeModule/DEBUG_GCC44/X64/MdeModulePkg/Universal/Network/UefiPxeBcDxe/UefiPxeBcDxe/OUTPUT/UefiPxe4BcDxe.lib(PxeBcImpl.obj)
                0x0000000000003422                EfiPxeBcArp
 .text.CheckIpByFilter
                0x00000000000035fc      0x177 /home/neo/development/uefi/UDK-uefi-development-kit/MyWorkSpace/Build/MdeModule/DEBUG_GCC44/X64/MdeModulePkg/Universal/Network/UefiPxeBcDxe/UefiPxeBcDxe/OUTPUT/UefiPxe4BcDxe.lib(PxeBcImpl.obj)
                0x00000000000035fc                CheckIpByFilter
 .text.EfiPxeBcUdpRead
                0x0000000000003773      0x59a /home/neo/development/uefi/UDK-uefi-development-kit/MyWorkSpace/Build/MdeModule/DEBUG_GCC44/X64/MdeModulePkg/Universal/Network/UefiPxeBcDxe/UefiPxeBcDxe/OUTPUT/UefiPxe4BcDxe.lib(PxeBcImpl.obj)
                0x0000000000003773                EfiPxeBcUdpRead
 .text.DiscoverBootFile
                0x0000000000003d0d      0x261 /home/neo/development/uefi/UDK-uefi-development-kit/MyWorkSpace/Build/MdeModule/DEBUG_GCC44/X64/MdeModulePkg/Universal/Network/UefiPxeBcDxe/UefiPxeBcDxe/OUTPUT/UefiPxe4BcDxe.lib(PxeBcImpl.obj)
                0x0000000000003d0d                DiscoverBootFile
 .text.EfiPxeLoadFile
                0x0000000000003f6e      0x4c2 /home/neo/development/uefi/UDK-uefi-development-kit/MyWorkSpace/Build/MdeModule/DEBUG_GCC44/X64/MdeModulePkg/Universal/Network/UefiPxeBcDxe/UefiPxeBcDxe/OUTPUT/UefiPxe4BcDxe.lib(PxeBcImpl.obj)
                0x0000000000003f6e                EfiPxeLoadFile
 .text.PxeBcInitSeedPacket
                0x0000000000004430       0x86 /home/neo/development/uefi/UDK-uefi-development-kit/MyWorkSpace/Build/MdeModule/DEBUG_GCC44/X64/MdeModulePkg/Universal/Network/UefiPxeBcDxe/UefiPxeBcDxe/OUTPUT/UefiPxe4BcDxe.lib(PxeBcDhcp.obj)
                0x0000000000004430                PxeBcInitSeedPacket
 .text.PxeBcCopyEfiDhcp4Packet
                0x00000000000044b6       0x63 /home/neo/development/uefi/UDK-uefi-development-kit/MyWorkSpace/Build/MdeModule/DEBUG_GCC44/X64/MdeModulePkg/Universal/Network/UefiPxeBcDxe/UefiPxeBcDxe/OUTPUT/UefiPxe4BcDxe.lib(PxeBcDhcp.obj)
                0x00000000000044b6                PxeBcCopyEfiDhcp4Packet
 .text.PxeBcSetIp4Policy
                0x0000000000004519       0x7e /home/neo/development/uefi/UDK-uefi-development-kit/MyWorkSpace/Build/MdeModule/DEBUG_GCC44/X64/MdeModulePkg/Universal/Network/UefiPxeBcDxe/UefiPxeBcDxe/OUTPUT/UefiPxe4BcDxe.lib(PxeBcDhcp.obj)
                0x0000000000004519                PxeBcSetIp4Policy
 .text.PxeBcSelectOffer
                0x0000000000004597      0x193 /home/neo/development/uefi/UDK-uefi-development-kit/MyWorkSpace/Build/MdeModule/DEBUG_GCC44/X64/MdeModulePkg/Universal/Network/UefiPxeBcDxe/UefiPxeBcDxe/OUTPUT/UefiPxe4BcDxe.lib(PxeBcDhcp.obj)
                0x0000000000004597                PxeBcSelectOffer
 .text.PxeBcBuildDhcpOptions
                0x000000000000472a      0x2eb /home/neo/development/uefi/UDK-uefi-development-kit/MyWorkSpace/Build/MdeModule/DEBUG_GCC44/X64/MdeModulePkg/Universal/Network/UefiPxeBcDxe/UefiPxeBcDxe/OUTPUT/UefiPxe4BcDxe.lib(PxeBcDhcp.obj)
                0x000000000000472a                PxeBcBuildDhcpOptions
 .text.PxeBcDiscvBootService
                0x0000000000004a15      0x51e /home/neo/development/uefi/UDK-uefi-development-kit/MyWorkSpace/Build/MdeModule/DEBUG_GCC44/X64/MdeModulePkg/Universal/Network/UefiPxeBcDxe/UefiPxeBcDxe/OUTPUT/UefiPxe4BcDxe.lib(PxeBcDhcp.obj)
                0x0000000000004a15                PxeBcDiscvBootService
 .text.PxeBcParseExtendOptions
                0x0000000000004f33       0x32 /home/neo/development/uefi/UDK-uefi-development-kit/MyWorkSpace/Build/MdeModule/DEBUG_GCC44/X64/MdeModulePkg/Universal/Network/UefiPxeBcDxe/UefiPxeBcDxe/OUTPUT/UefiPxe4BcDxe.lib(PxeBcDhcp.obj)
                0x0000000000004f33                PxeBcParseExtendOptions
 .text.PxeBcParseVendorOptions
                0x0000000000004f65      0x1e6 /home/neo/development/uefi/UDK-uefi-development-kit/MyWorkSpace/Build/MdeModule/DEBUG_GCC44/X64/MdeModulePkg/Universal/Network/UefiPxeBcDxe/UefiPxeBcDxe/OUTPUT/UefiPxe4BcDxe.lib(PxeBcDhcp.obj)
                0x0000000000004f65                PxeBcParseVendorOptions
 .text.PxeBcParseCachedDhcpPacket
                0x000000000000514b      0x216 /home/neo/development/uefi/UDK-uefi-development-kit/MyWorkSpace/Build/MdeModule/DEBUG_GCC44/X64/MdeModulePkg/Universal/Network/UefiPxeBcDxe/UefiPxeBcDxe/OUTPUT/UefiPxe4BcDxe.lib(PxeBcDhcp.obj)
                0x000000000000514b                PxeBcParseCachedDhcpPacket
 .text.PxeBcCopyProxyOffer
                0x0000000000005361       0xdc /home/neo/development/uefi/UDK-uefi-development-kit/MyWorkSpace/Build/MdeModule/DEBUG_GCC44/X64/MdeModulePkg/Universal/Network/UefiPxeBcDxe/UefiPxeBcDxe/OUTPUT/UefiPxe4BcDxe.lib(PxeBcDhcp.obj)
                0x0000000000005361                PxeBcCopyProxyOffer
 .text.PxeBcTryBinl
                0x000000000000543d      0x17c /home/neo/development/uefi/UDK-uefi-development-kit/MyWorkSpace/Build/MdeModule/DEBUG_GCC44/X64/MdeModulePkg/Universal/Network/UefiPxeBcDxe/UefiPxeBcDxe/OUTPUT/UefiPxe4BcDxe.lib(PxeBcDhcp.obj)
                0x000000000000543d                PxeBcTryBinl
 .text.PxeBcTryBinlProxy
                0x00000000000055b9       0x39 /home/neo/development/uefi/UDK-uefi-development-kit/MyWorkSpace/Build/MdeModule/DEBUG_GCC44/X64/MdeModulePkg/Universal/Network/UefiPxeBcDxe/UefiPxeBcDxe/OUTPUT/UefiPxe4BcDxe.lib(PxeBcDhcp.obj)
                0x00000000000055b9                PxeBcTryBinlProxy
 .text.PxeBcCheckSelectedOffer
                0x00000000000055f2      0x2b7 /home/neo/development/uefi/UDK-uefi-development-kit/MyWorkSpace/Build/MdeModule/DEBUG_GCC44/X64/MdeModulePkg/Universal/Network/UefiPxeBcDxe/UefiPxeBcDxe/OUTPUT/UefiPxe4BcDxe.lib(PxeBcDhcp.obj)
                0x00000000000055f2                PxeBcCheckSelectedOffer
 .text.PxeBcCacheDhcpOffer
                0x00000000000058a9      0x15a /home/neo/development/uefi/UDK-uefi-development-kit/MyWorkSpace/Build/MdeModule/DEBUG_GCC44/X64/MdeModulePkg/Universal/Network/UefiPxeBcDxe/UefiPxeBcDxe/OUTPUT/UefiPxe4BcDxe.lib(PxeBcDhcp.obj)
                0x00000000000058a9                PxeBcCacheDhcpOffer
 .text.PxeBcDhcpCallBack
                0x0000000000005a03      0x271 /home/neo/development/uefi/UDK-uefi-development-kit/MyWorkSpace/Build/MdeModule/DEBUG_GCC44/X64/MdeModulePkg/Universal/Network/UefiPxeBcDxe/UefiPxeBcDxe/OUTPUT/UefiPxe4BcDxe.lib(PxeBcDhcp.obj)
                0x0000000000005a03                PxeBcDhcpCallBack
 .text.PxeBcDisplayBootItem
                0x0000000000005c74       0x34 /home/neo/development/uefi/UDK-uefi-development-kit/MyWorkSpace/Build/MdeModule/DEBUG_GCC44/X64/MdeModulePkg/Universal/Network/UefiPxeBcDxe/UefiPxeBcDxe/OUTPUT/UefiPxe4BcDxe.lib(PxeBcDhcp.obj)
                0x0000000000005c74                PxeBcDisplayBootItem
 .text.PxeBcSelectBootPrompt
                0x0000000000005ca8      0x380 /home/neo/development/uefi/UDK-uefi-development-kit/MyWorkSpace/Build/MdeModule/DEBUG_GCC44/X64/MdeModulePkg/Universal/Network/UefiPxeBcDxe/UefiPxeBcDxe/OUTPUT/UefiPxe4BcDxe.lib(PxeBcDhcp.obj)
                0x0000000000005ca8                PxeBcSelectBootPrompt
 .text.PxeBcSelectBootMenu
                0x0000000000006028      0x443 /home/neo/development/uefi/UDK-uefi-development-kit/MyWorkSpace/Build/MdeModule/DEBUG_GCC44/X64/MdeModulePkg/Universal/Network/UefiPxeBcDxe/UefiPxeBcDxe/OUTPUT/UefiPxe4BcDxe.lib(PxeBcDhcp.obj)
                0x0000000000006028                PxeBcSelectBootMenu
 .text.PxeBcCheckPacket
                0x000000000000646b       0x90 /home/neo/development/uefi/UDK-uefi-development-kit/MyWorkSpace/Build/MdeModule/DEBUG_GCC44/X64/MdeModulePkg/Universal/Network/UefiPxeBcDxe/UefiPxeBcDxe/OUTPUT/UefiPxe4BcDxe.lib(PxeBcMtftp.obj)
                0x000000000000646b                PxeBcCheckPacket
 .text.PxeBcTftpGetFileSize
                0x00000000000064fb      0x248 /home/neo/development/uefi/UDK-uefi-development-kit/MyWorkSpace/Build/MdeModule/DEBUG_GCC44/X64/MdeModulePkg/Universal/Network/UefiPxeBcDxe/UefiPxeBcDxe/OUTPUT/UefiPxe4BcDxe.lib(PxeBcMtftp.obj)
                0x00000000000064fb                PxeBcTftpGetFileSize
 .text.PxeBcTftpReadFile
                0x0000000000006743      0x14a /home/neo/development/uefi/UDK-uefi-development-kit/MyWorkSpace/Build/MdeModule/DEBUG_GCC44/X64/MdeModulePkg/Universal/Network/UefiPxeBcDxe/UefiPxeBcDxe/OUTPUT/UefiPxe4BcDxe.lib(PxeBcMtftp.obj)
                0x0000000000006743                PxeBcTftpReadFile
 .text.PxeBcTftpWriteFile
                0x000000000000688d      0x124 /home/neo/development/uefi/UDK-uefi-development-kit/MyWorkSpace/Build/MdeModule/DEBUG_GCC44/X64/MdeModulePkg/Universal/Network/UefiPxeBcDxe/UefiPxeBcDxe/OUTPUT/UefiPxe4BcDxe.lib(PxeBcMtftp.obj)
                0x000000000000688d                PxeBcTftpWriteFile
 .text.PxeBcTftpReadDirectory
                0x00000000000069b1      0x14a /home/neo/development/uefi/UDK-uefi-development-kit/MyWorkSpace/Build/MdeModule/DEBUG_GCC44/X64/MdeModulePkg/Universal/Network/UefiPxeBcDxe/UefiPxeBcDxe/OUTPUT/UefiPxe4BcDxe.lib(PxeBcMtftp.obj)
                0x00000000000069b1                PxeBcTftpReadDirectory
 .text.PxeBcCommonNotify
                0x0000000000006afb        0x4 /home/neo/development/uefi/UDK-uefi-development-kit/MyWorkSpace/Build/MdeModule/DEBUG_GCC44/X64/MdeModulePkg/Universal/Network/UefiPxeBcDxe/UefiPxeBcDxe/OUTPUT/UefiPxe4BcDxe.lib(PxeBcSupport.obj)
                0x0000000000006afb                PxeBcCommonNotify
 .text.PxeBcConfigureUdpWriteInstance
                0x0000000000006aff      0x128 /home/neo/development/uefi/UDK-uefi-development-kit/MyWorkSpace/Build/MdeModule/DEBUG_GCC44/X64/MdeModulePkg/Universal/Network/UefiPxeBcDxe/UefiPxeBcDxe/OUTPUT/UefiPxe4BcDxe.lib(PxeBcSupport.obj)
                0x0000000000006aff                PxeBcConfigureUdpWriteInstance
 .text.CvtNum   0x0000000000006c27       0x21 /home/neo/development/uefi/UDK-uefi-development-kit/MyWorkSpace/Build/MdeModule/DEBUG_GCC44/X64/MdeModulePkg/Universal/Network/UefiPxeBcDxe/UefiPxeBcDxe/OUTPUT/UefiPxe4BcDxe.lib(PxeBcSupport.obj)
                0x0000000000006c27                CvtNum
 .text.UtoA10   0x0000000000006c48       0x53 /home/neo/development/uefi/UDK-uefi-development-kit/MyWorkSpace/Build/MdeModule/DEBUG_GCC44/X64/MdeModulePkg/Universal/Network/UefiPxeBcDxe/UefiPxeBcDxe/OUTPUT/UefiPxe4BcDxe.lib(PxeBcSupport.obj)
                0x0000000000006c48                UtoA10
 .text.AtoU64   0x0000000000006c9b       0x37 /home/neo/development/uefi/UDK-uefi-development-kit/MyWorkSpace/Build/MdeModule/DEBUG_GCC44/X64/MdeModulePkg/Universal/Network/UefiPxeBcDxe/UefiPxeBcDxe/OUTPUT/UefiPxe4BcDxe.lib(PxeBcSupport.obj)
                0x0000000000006c9b                AtoU64
 .text.DebugAssert
                0x0000000000006cd2       0x78 /home/neo/development/uefi/UDK-uefi-development-kit/MyWorkSpace/Build/MdeModule/DEBUG_GCC44/X64/MdePkg/Library/UefiDebugLibConOut/UefiDebugLibConOut/OUTPUT/UefiDebugLibConOut.lib(DebugLib.obj)
                0x0000000000006cd2                DebugAssert
 .text.DebugAssertEnabled
                0x0000000000006d4a        0xa /home/neo/development/uefi/UDK-uefi-development-kit/MyWorkSpace/Build/MdeModule/DEBUG_GCC44/X64/MdePkg/Library/UefiDebugLibConOut/UefiDebugLibConOut/OUTPUT/UefiDebugLibConOut.lib(DebugLib.obj)
                0x0000000000006d4a                DebugAssertEnabled
 .text.DebugPrint
                0x0000000000006d54       0x98 /home/neo/development/uefi/UDK-uefi-development-kit/MyWorkSpace/Build/MdeModule/DEBUG_GCC44/X64/MdePkg/Library/UefiDebugLibConOut/UefiDebugLibConOut/OUTPUT/UefiDebugLibConOut.lib(DebugLib.obj)
                0x0000000000006d54                DebugPrint
 .text.DebugPrintEnabled
                0x0000000000006dec        0xc /home/neo/development/uefi/UDK-uefi-development-kit/MyWorkSpace/Build/MdeModule/DEBUG_GCC44/X64/MdePkg/Library/UefiDebugLibConOut/UefiDebugLibConOut/OUTPUT/UefiDebugLibConOut.lib(DebugLib.obj)
                0x0000000000006dec                DebugPrintEnabled
 .text.DebugPrintLevelEnabled
                0x0000000000006df8        0xa /home/neo/development/uefi/UDK-uefi-development-kit/MyWorkSpace/Build/MdeModule/DEBUG_GCC44/X64/MdePkg/Library/UefiDebugLibConOut/UefiDebugLibConOut/OUTPUT/UefiDebugLibConOut.lib(DebugLib.obj)
                0x0000000000006df8                DebugPrintLevelEnabled
 .text.ZeroMem  0x0000000000006e02       0x74 /home/neo/development/uefi/UDK-uefi-development-kit/MyWorkSpace/Build/MdeModule/DEBUG_GCC44/X64/MdePkg/Library/BaseMemoryLib/BaseMemoryLib/OUTPUT/BaseMemoryLib.lib(ZeroMemWrapper.obj)
                0x0000000000006e02                ZeroMem
 .text.CompareMem
                0x0000000000006e76       0xe6 /home/neo/development/uefi/UDK-uefi-development-kit/MyWorkSpace/Build/MdeModule/DEBUG_GCC44/X64/MdePkg/Library/BaseMemoryLib/BaseMemoryLib/OUTPUT/BaseMemoryLib.lib(CompareMemWrapper.obj)
                0x0000000000006e76                CompareMem
 .text.SetMem   0x0000000000006f5c       0x5f /home/neo/development/uefi/UDK-uefi-development-kit/MyWorkSpace/Build/MdeModule/DEBUG_GCC44/X64/MdePkg/Library/BaseMemoryLib/BaseMemoryLib/OUTPUT/BaseMemoryLib.lib(SetMemWrapper.obj)
                0x0000000000006f5c                SetMem
 .text.CopyMem  0x0000000000006fbb       0x9e /home/neo/development/uefi/UDK-uefi-development-kit/MyWorkSpace/Build/MdeModule/DEBUG_GCC44/X64/MdePkg/Library/BaseMemoryLib/BaseMemoryLib/OUTPUT/BaseMemoryLib.lib(CopyMemWrapper.obj)
                0x0000000000006fbb                CopyMem
 .text.InternalMemZeroMem
                0x0000000000007059        0x8 /home/neo/development/uefi/UDK-uefi-development-kit/MyWorkSpace/Build/MdeModule/DEBUG_GCC44/X64/MdePkg/Library/BaseMemoryLib/BaseMemoryLib/OUTPUT/BaseMemoryLib.lib(MemLibGeneric.obj)
                0x0000000000007059                InternalMemZeroMem
 .text.InternalMemCompareMem
                0x0000000000007061       0x24 /home/neo/development/uefi/UDK-uefi-development-kit/MyWorkSpace/Build/MdeModule/DEBUG_GCC44/X64/MdePkg/Library/BaseMemoryLib/BaseMemoryLib/OUTPUT/BaseMemoryLib.lib(MemLibGeneric.obj)
                0x0000000000007061                InternalMemCompareMem
 .text.InternalMemCopyMem
                0x0000000000007085       0x3a /home/neo/development/uefi/UDK-uefi-development-kit/MyWorkSpace/Build/MdeModule/DEBUG_GCC44/X64/MdePkg/Library/BaseMemoryLib/BaseMemoryLib/OUTPUT/BaseMemoryLib.lib(CopyMem.obj)
                0x0000000000007085                InternalMemCopyMem
 .text.InternalMemSetMem
                0x00000000000070bf       0x17 /home/neo/development/uefi/UDK-uefi-development-kit/MyWorkSpace/Build/MdeModule/DEBUG_GCC44/X64/MdePkg/Library/BaseMemoryLib/BaseMemoryLib/OUTPUT/BaseMemoryLib.lib(SetMem.obj)
                0x00000000000070bf                InternalMemSetMem
 .text.SwapBytes32
                0x00000000000070d6       0x2f /home/neo/development/uefi/UDK-uefi-development-kit/MyWorkSpace/Build/MdeModule/DEBUG_GCC44/X64/MdePkg/Library/BaseLib/BaseLib/OUTPUT/BaseLib.lib(SwapBytes32.obj)
                0x00000000000070d6                SwapBytes32
 .text.SwapBytes16
                0x0000000000007105        0x5 /home/neo/development/uefi/UDK-uefi-development-kit/MyWorkSpace/Build/MdeModule/DEBUG_GCC44/X64/MdePkg/Library/BaseLib/BaseLib/OUTPUT/BaseLib.lib(SwapBytes16.obj)
                0x0000000000007105                SwapBytes16
 .text.MultU64x32
                0x000000000000710a        0x5 /home/neo/development/uefi/UDK-uefi-development-kit/MyWorkSpace/Build/MdeModule/DEBUG_GCC44/X64/MdePkg/Library/BaseLib/BaseLib/OUTPUT/BaseLib.lib(MultU64x32.obj)
                0x000000000000710a                MultU64x32
 .text.CpuDeadLoop
                0x000000000000710f       0x1c /home/neo/development/uefi/UDK-uefi-development-kit/MyWorkSpace/Build/MdeModule/DEBUG_GCC44/X64/MdePkg/Library/BaseLib/BaseLib/OUTPUT/BaseLib.lib(CpuDeadLoop.obj)
                0x000000000000710f                CpuDeadLoop
 .text.InternalSafeStringIsOverlap
                0x000000000000712b       0x20 /home/neo/development/uefi/UDK-uefi-development-kit/MyWorkSpace/Build/MdeModule/DEBUG_GCC44/X64/MdePkg/Library/BaseLib/BaseLib/OUTPUT/BaseLib.lib(SafeString.obj)
                0x000000000000712b                InternalSafeStringIsOverlap
 .text.InternalSafeStringNoAsciiStrOverlap
                0x000000000000714b        0xb /home/neo/development/uefi/UDK-uefi-development-kit/MyWorkSpace/Build/MdeModule/DEBUG_GCC44/X64/MdePkg/Library/BaseLib/BaseLib/OUTPUT/BaseLib.lib(SafeString.obj)
                0x000000000000714b                InternalSafeStringNoAsciiStrOverlap
 .text.AsciiStrnLenS
                0x0000000000007156       0x18 /home/neo/development/uefi/UDK-uefi-development-kit/MyWorkSpace/Build/MdeModule/DEBUG_GCC44/X64/MdePkg/Library/BaseLib/BaseLib/OUTPUT/BaseLib.lib(SafeString.obj)
                0x0000000000007156                AsciiStrnLenS
 .text.AsciiStrCpyS
                0x000000000000716e      0x234 /home/neo/development/uefi/UDK-uefi-development-kit/MyWorkSpace/Build/MdeModule/DEBUG_GCC44/X64/MdePkg/Library/BaseLib/BaseLib/OUTPUT/BaseLib.lib(SafeString.obj)
                0x000000000000716e                AsciiStrCpyS
 .text.AsciiStrnCpyS
                0x00000000000073a2      0x275 /home/neo/development/uefi/UDK-uefi-development-kit/MyWorkSpace/Build/MdeModule/DEBUG_GCC44/X64/MdePkg/Library/BaseLib/BaseLib/OUTPUT/BaseLib.lib(SafeString.obj)
                0x00000000000073a2                AsciiStrnCpyS
 .text.StrLen   0x0000000000007617       0xa5 /home/neo/development/uefi/UDK-uefi-development-kit/MyWorkSpace/Build/MdeModule/DEBUG_GCC44/X64/MdePkg/Library/BaseLib/BaseLib/OUTPUT/BaseLib.lib(String.obj)
                0x0000000000007617                StrLen
 .text.StrSize  0x00000000000076bc       0x13 /home/neo/development/uefi/UDK-uefi-development-kit/MyWorkSpace/Build/MdeModule/DEBUG_GCC44/X64/MdePkg/Library/BaseLib/BaseLib/OUTPUT/BaseLib.lib(String.obj)
                0x00000000000076bc                StrSize
 .text.AsciiStrLen
                0x00000000000076cf       0x7d /home/neo/development/uefi/UDK-uefi-development-kit/MyWorkSpace/Build/MdeModule/DEBUG_GCC44/X64/MdePkg/Library/BaseLib/BaseLib/OUTPUT/BaseLib.lib(String.obj)
                0x00000000000076cf                AsciiStrLen
 .text.AsciiStrSize
                0x000000000000774c       0x11 /home/neo/development/uefi/UDK-uefi-development-kit/MyWorkSpace/Build/MdeModule/DEBUG_GCC44/X64/MdePkg/Library/BaseLib/BaseLib/OUTPUT/BaseLib.lib(String.obj)
                0x000000000000774c                AsciiStrSize
 .text.AsciiStrnCmp
                0x000000000000775d       0xe6 /home/neo/development/uefi/UDK-uefi-development-kit/MyWorkSpace/Build/MdeModule/DEBUG_GCC44/X64/MdePkg/Library/BaseLib/BaseLib/OUTPUT/BaseLib.lib(String.obj)
                0x000000000000775d                AsciiStrnCmp
 .text.InternalMathMultU64x32
                0x0000000000007843        0x7 /home/neo/development/uefi/UDK-uefi-development-kit/MyWorkSpace/Build/MdeModule/DEBUG_GCC44/X64/MdePkg/Library/BaseLib/BaseLib/OUTPUT/BaseLib.lib(Math64.obj)
                0x0000000000007843                InternalMathMultU64x32
 .text.InternalMathDivRemU64x32
                0x000000000000784a       0x1c /home/neo/development/uefi/UDK-uefi-development-kit/MyWorkSpace/Build/MdeModule/DEBUG_GCC44/X64/MdePkg/Library/BaseLib/BaseLib/OUTPUT/BaseLib.lib(Math64.obj)
                0x000000000000784a                InternalMathDivRemU64x32
 .text.CpuBreakpoint
                0x0000000000007866        0x2 /home/neo/development/uefi/UDK-uefi-development-kit/MyWorkSpace/Build/MdeModule/DEBUG_GCC44/X64/MdePkg/Library/BaseLib/BaseLib/OUTPUT/BaseLib.lib(GccInline.obj)
                0x0000000000007866                CpuBreakpoint
 .text.UefiBootServicesTableLibConstructor
                0x0000000000007868       0xaa /home/neo/development/uefi/UDK-uefi-development-kit/MyWorkSpace/Build/MdeModule/DEBUG_GCC44/X64/MdePkg/Library/UefiBootServicesTableLib/UefiBootServicesTableLib/OUTPUT/UefiBootServicesTableLib.lib(UefiBootServicesTableLib.obj)
                0x0000000000007868                UefiBootServicesTableLibConstructor
 .text.InternalAllocatePool
                0x0000000000007912       0x34 /home/neo/development/uefi/UDK-uefi-development-kit/MyWorkSpace/Build/MdeModule/DEBUG_GCC44/X64/MdePkg/Library/UefiMemoryAllocationLib/UefiMemoryAllocationLib/OUTPUT/UefiMemoryAllocationLib.lib(MemoryAllocationLib.obj)
                0x0000000000007912                InternalAllocatePool
 .text.AllocatePool
                0x0000000000007946       0x9e /home/neo/development/uefi/UDK-uefi-development-kit/MyWorkSpace/Build/MdeModule/DEBUG_GCC44/X64/MdePkg/Library/UefiMemoryAllocationLib/UefiMemoryAllocationLib/OUTPUT/UefiMemoryAllocationLib.lib(MemoryAllocationLib.obj)
                0x0000000000007946                AllocatePool
 .text.InternalAllocateZeroPool
                0x00000000000079e4       0x23 /home/neo/development/uefi/UDK-uefi-development-kit/MyWorkSpace/Build/MdeModule/DEBUG_GCC44/X64/MdePkg/Library/UefiMemoryAllocationLib/UefiMemoryAllocationLib/OUTPUT/UefiMemoryAllocationLib.lib(MemoryAllocationLib.obj)
                0x00000000000079e4                InternalAllocateZeroPool
 .text.AllocateZeroPool
                0x0000000000007a07       0x9e /home/neo/development/uefi/UDK-uefi-development-kit/MyWorkSpace/Build/MdeModule/DEBUG_GCC44/X64/MdePkg/Library/UefiMemoryAllocationLib/UefiMemoryAllocationLib/OUTPUT/UefiMemoryAllocationLib.lib(MemoryAllocationLib.obj)
                0x0000000000007a07                AllocateZeroPool
 .text.InternalAllocateCopyPool
                0x0000000000007aa5       0xaa /home/neo/development/uefi/UDK-uefi-development-kit/MyWorkSpace/Build/MdeModule/DEBUG_GCC44/X64/MdePkg/Library/UefiMemoryAllocationLib/UefiMemoryAllocationLib/OUTPUT/UefiMemoryAllocationLib.lib(MemoryAllocationLib.obj)
                0x0000000000007aa5                InternalAllocateCopyPool
 .text.AllocateCopyPool
                0x0000000000007b4f       0x9e /home/neo/development/uefi/UDK-uefi-development-kit/MyWorkSpace/Build/MdeModule/DEBUG_GCC44/X64/MdePkg/Library/UefiMemoryAllocationLib/UefiMemoryAllocationLib/OUTPUT/UefiMemoryAllocationLib.lib(MemoryAllocationLib.obj)
                0x0000000000007b4f                AllocateCopyPool
 .text.FreePool
                0x0000000000007bed       0x6e /home/neo/development/uefi/UDK-uefi-development-kit/MyWorkSpace/Build/MdeModule/DEBUG_GCC44/X64/MdePkg/Library/UefiMemoryAllocationLib/UefiMemoryAllocationLib/OUTPUT/UefiMemoryAllocationLib.lib(MemoryAllocationLib.obj)
                0x0000000000007bed                FreePool
 .text.DevicePathType
                0x0000000000007c5b       0x36 /home/neo/development/uefi/UDK-uefi-development-kit/MyWorkSpace/Build/MdeModule/DEBUG_GCC44/X64/MdePkg/Library/UefiDevicePathLib/UefiDevicePathLib/OUTPUT/UefiDevicePathLib.lib(DevicePathUtilities.obj)
                0x0000000000007c5b                DevicePathType
 .text.DevicePathSubType
                0x0000000000007c91       0x37 /home/neo/development/uefi/UDK-uefi-development-kit/MyWorkSpace/Build/MdeModule/DEBUG_GCC44/X64/MdePkg/Library/UefiDevicePathLib/UefiDevicePathLib/OUTPUT/UefiDevicePathLib.lib(DevicePathUtilities.obj)
                0x0000000000007c91                DevicePathSubType
 .text.IsDevicePathEndType
                0x0000000000007cc8       0x41 /home/neo/development/uefi/UDK-uefi-development-kit/MyWorkSpace/Build/MdeModule/DEBUG_GCC44/X64/MdePkg/Library/UefiDevicePathLib/UefiDevicePathLib/OUTPUT/UefiDevicePathLib.lib(DevicePathUtilities.obj)
                0x0000000000007cc8                IsDevicePathEndType
 .text.IsDevicePathEnd
                0x0000000000007d09       0x53 /home/neo/development/uefi/UDK-uefi-development-kit/MyWorkSpace/Build/MdeModule/DEBUG_GCC44/X64/MdePkg/Library/UefiDevicePathLib/UefiDevicePathLib/OUTPUT/UefiDevicePathLib.lib(DevicePathUtilities.obj)
                0x0000000000007d09                IsDevicePathEnd
 .text.DevicePathFromHandle
                0x0000000000007d5c       0x35 /home/neo/development/uefi/UDK-uefi-development-kit/MyWorkSpace/Build/MdeModule/DEBUG_GCC44/X64/MdePkg/Library/UefiDevicePathLib/UefiDevicePathLib/OUTPUT/UefiDevicePathLib.lib(DevicePathUtilities.obj)
                0x0000000000007d5c                DevicePathFromHandle
 .text.UefiRuntimeServicesTableLibConstructor
                0x0000000000007d91       0x41 /home/neo/development/uefi/UDK-uefi-development-kit/MyWorkSpace/Build/MdeModule/DEBUG_GCC44/X64/MdePkg/Library/UefiRuntimeServicesTableLib/UefiRuntimeServicesTableLib/OUTPUT/UefiRuntimeServicesTableLib.lib(UefiRuntimeServicesTableLib.obj)
                0x0000000000007d91                UefiRuntimeServicesTableLibConstructor
 .text.AsciiInternalPrint
                0x0000000000007dd2      0x126 /home/neo/development/uefi/UDK-uefi-development-kit/MyWorkSpace/Build/MdeModule/DEBUG_GCC44/X64/MdePkg/Library/UefiLib/UefiLib/OUTPUT/UefiLib.lib(UefiLibPrint.obj)
                0x0000000000007dd2                AsciiInternalPrint
 .text.AsciiPrint
                0x0000000000007ef8      0x103 /home/neo/development/uefi/UDK-uefi-development-kit/MyWorkSpace/Build/MdeModule/DEBUG_GCC44/X64/MdePkg/Library/UefiLib/UefiLib/OUTPUT/UefiLib.lib(UefiLibPrint.obj)
                0x0000000000007ef8                AsciiPrint
 .text.EfiLibInstallDriverBindingComponentName2
                0x0000000000007ffb      0x174 /home/neo/development/uefi/UDK-uefi-development-kit/MyWorkSpace/Build/MdeModule/DEBUG_GCC44/X64/MdePkg/Library/UefiLib/UefiLib/OUTPUT/UefiLib.lib(UefiDriverModel.obj)
                0x0000000000007ffb                EfiLibInstallDriverBindingComponentName2
 .text.UefiLibConstructor
                0x000000000000816f        0x3 /home/neo/development/uefi/UDK-uefi-development-kit/MyWorkSpace/Build/MdeModule/DEBUG_GCC44/X64/MdePkg/Library/UefiLib/UefiLib/OUTPUT/UefiLib.lib(UefiLib.obj)
                0x000000000000816f                UefiLibConstructor
 .text.CompareIso639LanguageCode
                0x0000000000008172       0x27 /home/neo/development/uefi/UDK-uefi-development-kit/MyWorkSpace/Build/MdeModule/DEBUG_GCC44/X64/MdePkg/Library/UefiLib/UefiLib/OUTPUT/UefiLib.lib(UefiLib.obj)
                0x0000000000008172                CompareIso639LanguageCode
 .text.EfiGetSystemConfigurationTable
                0x0000000000008199       0xb3 /home/neo/development/uefi/UDK-uefi-development-kit/MyWorkSpace/Build/MdeModule/DEBUG_GCC44/X64/MdePkg/Library/UefiLib/UefiLib/OUTPUT/UefiLib.lib(UefiLib.obj)
                0x0000000000008199                EfiGetSystemConfigurationTable
 .text.LookupUnicodeString2
                0x000000000000824c      0x1a2 /home/neo/development/uefi/UDK-uefi-development-kit/MyWorkSpace/Build/MdeModule/DEBUG_GCC44/X64/MdePkg/Library/UefiLib/UefiLib/OUTPUT/UefiLib.lib(UefiLib.obj)
                0x000000000000824c                LookupUnicodeString2
 .text.NetGetMaskLength
                0x00000000000083ee       0x18 /home/neo/development/uefi/UDK-uefi-development-kit/MyWorkSpace/Build/MdeModule/DEBUG_GCC44/X64/MdeModulePkg/Library/DxeNetLib/DxeNetLib/OUTPUT/DxeNetLib.lib(DxeNetLib.obj)
                0x00000000000083ee                NetGetMaskLength
 .text.NetGetIpClass
                0x0000000000008406       0x49 /home/neo/development/uefi/UDK-uefi-development-kit/MyWorkSpace/Build/MdeModule/DEBUG_GCC44/X64/MdeModulePkg/Library/DxeNetLib/DxeNetLib/OUTPUT/DxeNetLib.lib(DxeNetLib.obj)
                0x0000000000008406                NetGetIpClass
 .text.NetIp4IsUnicast
                0x000000000000844f       0x4e /home/neo/development/uefi/UDK-uefi-development-kit/MyWorkSpace/Build/MdeModule/DEBUG_GCC44/X64/MdeModulePkg/Library/DxeNetLib/DxeNetLib/OUTPUT/DxeNetLib.lib(DxeNetLib.obj)
                0x000000000000844f                NetIp4IsUnicast
 .text.NetRandomInitSeed
                0x000000000000849d       0x69 /home/neo/development/uefi/UDK-uefi-development-kit/MyWorkSpace/Build/MdeModule/DEBUG_GCC44/X64/MdeModulePkg/Library/DxeNetLib/DxeNetLib/OUTPUT/DxeNetLib.lib(DxeNetLib.obj)
                0x000000000000849d                NetRandomInitSeed
 .text.NetLibDefaultUnload
                0x0000000000008506      0x198 /home/neo/development/uefi/UDK-uefi-development-kit/MyWorkSpace/Build/MdeModule/DEBUG_GCC44/X64/MdeModulePkg/Library/DxeNetLib/DxeNetLib/OUTPUT/DxeNetLib.lib(DxeNetLib.obj)
                0x0000000000008506                NetLibDefaultUnload
 .text.NetLibCreateServiceChild
                0x000000000000869e       0x82 /home/neo/development/uefi/UDK-uefi-development-kit/MyWorkSpace/Build/MdeModule/DEBUG_GCC44/X64/MdeModulePkg/Library/DxeNetLib/DxeNetLib/OUTPUT/DxeNetLib.lib(DxeNetLib.obj)
                0x000000000000869e                NetLibCreateServiceChild
 .text.NetLibDestroyServiceChild
                0x0000000000008720       0x7e /home/neo/development/uefi/UDK-uefi-development-kit/MyWorkSpace/Build/MdeModule/DEBUG_GCC44/X64/MdeModulePkg/Library/DxeNetLib/DxeNetLib/OUTPUT/DxeNetLib.lib(DxeNetLib.obj)
                0x0000000000008720                NetLibDestroyServiceChild
 .text.NetLibGetSnpHandle
                0x000000000000879e       0xcd /home/neo/development/uefi/UDK-uefi-development-kit/MyWorkSpace/Build/MdeModule/DEBUG_GCC44/X64/MdeModulePkg/Library/DxeNetLib/DxeNetLib/OUTPUT/DxeNetLib.lib(DxeNetLib.obj)
                0x000000000000879e                NetLibGetSnpHandle
 .text.NetLibDetectMedia
                0x000000000000886b      0x256 /home/neo/development/uefi/UDK-uefi-development-kit/MyWorkSpace/Build/MdeModule/DEBUG_GCC44/X64/MdeModulePkg/Library/DxeNetLib/DxeNetLib/OUTPUT/DxeNetLib.lib(DxeNetLib.obj)
                0x000000000000886b                NetLibDetectMedia
 .text.NetLibGetNicHandle
                0x0000000000008ac1       0x65 /home/neo/development/uefi/UDK-uefi-development-kit/MyWorkSpace/Build/MdeModule/DEBUG_GCC44/X64/MdeModulePkg/Library/DxeNetLib/DxeNetLib/OUTPUT/DxeNetLib.lib(DxeNetLib.obj)
                0x0000000000008ac1                NetLibGetNicHandle
 .text.NetLibGetSystemGuid
                0x0000000000008b26       0xbd /home/neo/development/uefi/UDK-uefi-development-kit/MyWorkSpace/Build/MdeModule/DEBUG_GCC44/X64/MdeModulePkg/Library/DxeNetLib/DxeNetLib/OUTPUT/DxeNetLib.lib(DxeNetLib.obj)
                0x0000000000008b26                NetLibGetSystemGuid
 .text.DpcLibConstructor
                0x0000000000008be3       0x7e /home/neo/development/uefi/UDK-uefi-development-kit/MyWorkSpace/Build/MdeModule/DEBUG_GCC44/X64/MdeModulePkg/Library/DxeDpcLib/DxeDpcLib/OUTPUT/DxeDpcLib.lib(DpcLib.obj)
                0x0000000000008be3                DpcLibConstructor
 .text.QueueDpc
                0x0000000000008c61       0x18 /home/neo/development/uefi/UDK-uefi-development-kit/MyWorkSpace/Build/MdeModule/DEBUG_GCC44/X64/MdeModulePkg/Library/DxeDpcLib/DxeDpcLib/OUTPUT/DxeDpcLib.lib(DpcLib.obj)
                0x0000000000008c61                QueueDpc
 .text.DispatchDpc
                0x0000000000008c79        0xd /home/neo/development/uefi/UDK-uefi-development-kit/MyWorkSpace/Build/MdeModule/DEBUG_GCC44/X64/MdeModulePkg/Library/DxeDpcLib/DxeDpcLib/OUTPUT/DxeDpcLib.lib(DpcLib.obj)
                0x0000000000008c79                DispatchDpc
 .text.GetDebugPrintErrorLevel
                0x0000000000008c86        0x7 /home/neo/development/uefi/UDK-uefi-development-kit/MyWorkSpace/Build/MdeModule/DEBUG_GCC44/X64/MdePkg/Library/BaseDebugPrintErrorLevelLib/BaseDebugPrintErrorLevelLib/OUTPUT/BaseDebugPrintErrorLevelLib.lib(BaseDebugPrintErrorLevelLib.obj)
                0x0000000000008c86                GetDebugPrintErrorLevel
 .text.UnicodeVSPrintAsciiFormat
                0x0000000000008c8d       0xec /home/neo/development/uefi/UDK-uefi-development-kit/MyWorkSpace/Build/MdeModule/DEBUG_GCC44/X64/MdePkg/Library/BasePrintLib/BasePrintLib/OUTPUT/BasePrintLib.lib(PrintLib.obj)
                0x0000000000008c8d                UnicodeVSPrintAsciiFormat
 .text.UnicodeSPrintAsciiFormat
                0x0000000000008d79       0x1d /home/neo/development/uefi/UDK-uefi-development-kit/MyWorkSpace/Build/MdeModule/DEBUG_GCC44/X64/MdePkg/Library/BasePrintLib/BasePrintLib/OUTPUT/BasePrintLib.lib(PrintLib.obj)
                0x0000000000008d79                UnicodeSPrintAsciiFormat
 .text.BasePrintLibFillBuffer
                0x0000000000008d96       0x2e /home/neo/development/uefi/UDK-uefi-development-kit/MyWorkSpace/Build/MdeModule/DEBUG_GCC44/X64/MdePkg/Library/BasePrintLib/BasePrintLib/OUTPUT/BasePrintLib.lib(PrintLibInternal.obj)
                0x0000000000008d96                BasePrintLibFillBuffer
 .text.BasePrintLibValueToString
                0x0000000000008dc4       0x52 /home/neo/development/uefi/UDK-uefi-development-kit/MyWorkSpace/Build/MdeModule/DEBUG_GCC44/X64/MdePkg/Library/BasePrintLib/BasePrintLib/OUTPUT/BasePrintLib.lib(PrintLibInternal.obj)
                0x0000000000008dc4                BasePrintLibValueToString
 .text.BasePrintLibSPrint
                0x0000000000008e16       0xba /home/neo/development/uefi/UDK-uefi-development-kit/MyWorkSpace/Build/MdeModule/DEBUG_GCC44/X64/MdePkg/Library/BasePrintLib/BasePrintLib/OUTPUT/BasePrintLib.lib(PrintLibInternal.obj)
                0x0000000000008e16                BasePrintLibSPrint
 .text.BasePrintLibSPrintMarker
                0x0000000000008ed0      0xfcc /home/neo/development/uefi/UDK-uefi-development-kit/MyWorkSpace/Build/MdeModule/DEBUG_GCC44/X64/MdePkg/Library/BasePrintLib/BasePrintLib/OUTPUT/BasePrintLib.lib(PrintLibInternal.obj)
                0x0000000000008ed0                BasePrintLibSPrintMarker
 .text.CompareGuid
                0x0000000000009e9c       0x4d /home/neo/development/uefi/UDK-uefi-development-kit/MyWorkSpace/Build/MdeModule/DEBUG_GCC44/X64/MdePkg/Library/BaseMemoryLib/BaseMemoryLib/OUTPUT/BaseMemoryLib.lib(MemLibGuid.obj)
                0x0000000000009e9c                CompareGuid
 .text.DivU64x32Remainder
                0x0000000000009ee9       0x48 /home/neo/development/uefi/UDK-uefi-development-kit/MyWorkSpace/Build/MdeModule/DEBUG_GCC44/X64/MdePkg/Library/BaseLib/BaseLib/OUTPUT/BaseLib.lib(DivU64x32Remainder.obj)
                0x0000000000009ee9                DivU64x32Remainder
 .text.ReadUnaligned16
                0x0000000000009f31       0x37 /home/neo/development/uefi/UDK-uefi-development-kit/MyWorkSpace/Build/MdeModule/DEBUG_GCC44/X64/MdePkg/Library/BaseLib/BaseLib/OUTPUT/BaseLib.lib(Unaligned.obj)
                0x0000000000009f31                ReadUnaligned16
 .text.ReadUnaligned24
                0x0000000000009f68       0x3b /home/neo/development/uefi/UDK-uefi-development-kit/MyWorkSpace/Build/MdeModule/DEBUG_GCC44/X64/MdePkg/Library/BaseLib/BaseLib/OUTPUT/BaseLib.lib(Unaligned.obj)
                0x0000000000009f68                ReadUnaligned24
 .text.ReadUnaligned32
                0x0000000000009fa3       0x36 /home/neo/development/uefi/UDK-uefi-development-kit/MyWorkSpace/Build/MdeModule/DEBUG_GCC44/X64/MdePkg/Library/BaseLib/BaseLib/OUTPUT/BaseLib.lib(Unaligned.obj)
                0x0000000000009fa3                ReadUnaligned32
 .text.ReadUnaligned64
                0x0000000000009fd9       0x37 /home/neo/development/uefi/UDK-uefi-development-kit/MyWorkSpace/Build/MdeModule/DEBUG_GCC44/X64/MdePkg/Library/BaseLib/BaseLib/OUTPUT/BaseLib.lib(Unaligned.obj)
                0x0000000000009fd9                ReadUnaligned64
 *(.rodata .rodata.* .gnu.linkonce.r.*)
 .rodata.str1.1
                0x000000000000a010       0xac /home/neo/development/uefi/UDK-uefi-development-kit/MyWorkSpace/Build/MdeModule/DEBUG_GCC44/X64/MdePkg/Library/UefiDriverEntryPoint/UefiDriverEntryPoint/OUTPUT/UefiDriverEntryPoint.lib(DriverEntryPoint.obj)
 .rodata.str1.1
                0x000000000000a0bc       0xb7 /home/neo/development/uefi/UDK-uefi-development-kit/MyWorkSpace/Build/MdeModule/DEBUG_GCC44/X64/MdeModulePkg/Universal/Network/UefiPxeBcDxe/UefiPxeBcDxe/OUTPUT/UefiPxe4BcDxe.lib(AutoGen.obj)
                                         0xec (size before relaxing)
 .rodata._gDriverUnloadImageCount
                0x000000000000a173        0x1 /home/neo/development/uefi/UDK-uefi-development-kit/MyWorkSpace/Build/MdeModule/DEBUG_GCC44/X64/MdeModulePkg/Universal/Network/UefiPxeBcDxe/UefiPxeBcDxe/OUTPUT/UefiPxe4BcDxe.lib(AutoGen.obj)
                0x000000000000a173                _gDriverUnloadImageCount
 .rodata._gUefiDriverRevision
                0x000000000000a174        0x4 /home/neo/development/uefi/UDK-uefi-development-kit/MyWorkSpace/Build/MdeModule/DEBUG_GCC44/X64/MdeModulePkg/Universal/Network/UefiPxeBcDxe/UefiPxeBcDxe/OUTPUT/UefiPxe4BcDxe.lib(AutoGen.obj)
                0x000000000000a174                _gUefiDriverRevision
 .rodata._gPcd_FixedAtBuild_PcdUefiLibMaxPrintBufferSize
                0x000000000000a178        0x4 /home/neo/development/uefi/UDK-uefi-development-kit/MyWorkSpace/Build/MdeModule/DEBUG_GCC44/X64/MdeModulePkg/Universal/Network/UefiPxeBcDxe/UefiPxeBcDxe/OUTPUT/UefiPxe4BcDxe.lib(AutoGen.obj)
                0x000000000000a178                _gPcd_FixedAtBuild_PcdUefiLibMaxPrintBufferSize
 .rodata._gPcd_FixedAtBuild_PcdComponentName2Disable
                0x000000000000a17c        0x1 /home/neo/development/uefi/UDK-uefi-development-kit/MyWorkSpace/Build/MdeModule/DEBUG_GCC44/X64/MdeModulePkg/Universal/Network/UefiPxeBcDxe/UefiPxeBcDxe/OUTPUT/UefiPxe4BcDxe.lib(AutoGen.obj)
                0x000000000000a17c                _gPcd_FixedAtBuild_PcdComponentName2Disable
 .rodata._gPcd_FixedAtBuild_PcdComponentNameDisable
                0x000000000000a17d        0x1 /home/neo/development/uefi/UDK-uefi-development-kit/MyWorkSpace/Build/MdeModule/DEBUG_GCC44/X64/MdeModulePkg/Universal/Network/UefiPxeBcDxe/UefiPxeBcDxe/OUTPUT/UefiPxe4BcDxe.lib(AutoGen.obj)
                0x000000000000a17d                _gPcd_FixedAtBuild_PcdComponentNameDisable
 *fill*         0x000000000000a17e        0x2 
 .rodata._gPcd_FixedAtBuild_PcdMaximumUnicodeStringLength
                0x000000000000a180        0x4 /home/neo/development/uefi/UDK-uefi-development-kit/MyWorkSpace/Build/MdeModule/DEBUG_GCC44/X64/MdeModulePkg/Universal/Network/UefiPxeBcDxe/UefiPxeBcDxe/OUTPUT/UefiPxe4BcDxe.lib(AutoGen.obj)
                0x000000000000a180                _gPcd_FixedAtBuild_PcdMaximumUnicodeStringLength
 .rodata._gPcd_FixedAtBuild_PcdMaximumAsciiStringLength
                0x000000000000a184        0x4 /home/neo/development/uefi/UDK-uefi-development-kit/MyWorkSpace/Build/MdeModule/DEBUG_GCC44/X64/MdeModulePkg/Universal/Network/UefiPxeBcDxe/UefiPxeBcDxe/OUTPUT/UefiPxe4BcDxe.lib(AutoGen.obj)
                0x000000000000a184                _gPcd_FixedAtBuild_PcdMaximumAsciiStringLength
 .rodata._gPcd_FixedAtBuild_PcdFixedDebugPrintErrorLevel
                0x000000000000a188        0x4 /home/neo/development/uefi/UDK-uefi-development-kit/MyWorkSpace/Build/MdeModule/DEBUG_GCC44/X64/MdeModulePkg/Universal/Network/UefiPxeBcDxe/UefiPxeBcDxe/OUTPUT/UefiPxe4BcDxe.lib(AutoGen.obj)
                0x000000000000a188                _gPcd_FixedAtBuild_PcdFixedDebugPrintErrorLevel
 .rodata._gPcd_FixedAtBuild_PcdDebugPropertyMask
                0x000000000000a18c        0x1 /home/neo/development/uefi/UDK-uefi-development-kit/MyWorkSpace/Build/MdeModule/DEBUG_GCC44/X64/MdeModulePkg/Universal/Network/UefiPxeBcDxe/UefiPxeBcDxe/OUTPUT/UefiPxe4BcDxe.lib(AutoGen.obj)
                0x000000000000a18c                _gPcd_FixedAtBuild_PcdDebugPropertyMask
 *fill*         0x000000000000a18d        0x3 
 .rodata._gPcd_FixedAtBuild_PcdDebugPrintErrorLevel
                0x000000000000a190        0x4 /home/neo/development/uefi/UDK-uefi-development-kit/MyWorkSpace/Build/MdeModule/DEBUG_GCC44/X64/MdeModulePkg/Universal/Network/UefiPxeBcDxe/UefiPxeBcDxe/OUTPUT/UefiPxe4BcDxe.lib(AutoGen.obj)
                0x000000000000a190                _gPcd_FixedAtBuild_PcdDebugPrintErrorLevel
 *fill*         0x000000000000a194        0x4 
 .rodata._gPcd_FixedAtBuild_PcdTftpBlockSize
                0x000000000000a198        0x8 /home/neo/development/uefi/UDK-uefi-development-kit/MyWorkSpace/Build/MdeModule/DEBUG_GCC44/X64/MdeModulePkg/Universal/Network/UefiPxeBcDxe/UefiPxeBcDxe/OUTPUT/UefiPxe4BcDxe.lib(AutoGen.obj)
                0x000000000000a198                _gPcd_FixedAtBuild_PcdTftpBlockSize
 .rodata.str1.1
                0x000000000000a1a0       0x8f /home/neo/development/uefi/UDK-uefi-development-kit/MyWorkSpace/Build/MdeModule/DEBUG_GCC44/X64/MdeModulePkg/Universal/Network/UefiPxeBcDxe/UefiPxeBcDxe/OUTPUT/UefiPxe4BcDxe.lib(PxeBcDriver.obj)
 .rodata.str1.1
                0x000000000000a22f        0xb /home/neo/development/uefi/UDK-uefi-development-kit/MyWorkSpace/Build/MdeModule/DEBUG_GCC44/X64/MdeModulePkg/Universal/Network/UefiPxeBcDxe/UefiPxeBcDxe/OUTPUT/UefiPxe4BcDxe.lib(ComponentName.obj)
                                          0xe (size before relaxing)
 .rodata.str2.2
                0x000000000000a23a       0x52 /home/neo/development/uefi/UDK-uefi-development-kit/MyWorkSpace/Build/MdeModule/DEBUG_GCC44/X64/MdeModulePkg/Universal/Network/UefiPxeBcDxe/UefiPxeBcDxe/OUTPUT/UefiPxe4BcDxe.lib(ComponentName.obj)
 .rodata.str1.1
                0x000000000000a28c      0x32d /home/neo/development/uefi/UDK-uefi-development-kit/MyWorkSpace/Build/MdeModule/DEBUG_GCC44/X64/MdeModulePkg/Universal/Network/UefiPxeBcDxe/UefiPxeBcDxe/OUTPUT/UefiPxe4BcDxe.lib(PxeBcImpl.obj)
                                        0x342 (size before relaxing)
 *fill*         0x000000000000a5b9        0x3 
 .rodata.EfiPxeBcMtftp
                0x000000000000a5bc       0x1c /home/neo/development/uefi/UDK-uefi-development-kit/MyWorkSpace/Build/MdeModule/DEBUG_GCC44/X64/MdeModulePkg/Universal/Network/UefiPxeBcDxe/UefiPxeBcDxe/OUTPUT/UefiPxe4BcDxe.lib(PxeBcImpl.obj)
 .rodata.str1.1
                0x000000000000a5d8      0x1fa /home/neo/development/uefi/UDK-uefi-development-kit/MyWorkSpace/Build/MdeModule/DEBUG_GCC44/X64/MdeModulePkg/Universal/Network/UefiPxeBcDxe/UefiPxeBcDxe/OUTPUT/UefiPxe4BcDxe.lib(PxeBcDhcp.obj)
                                        0x205 (size before relaxing)
 *fill*         0x000000000000a7d2        0x2 
 .rodata.PxeBcSelectBootMenu
                0x000000000000a7d4       0x5c /home/neo/development/uefi/UDK-uefi-development-kit/MyWorkSpace/Build/MdeModule/DEBUG_GCC44/X64/MdeModulePkg/Universal/Network/UefiPxeBcDxe/UefiPxeBcDxe/OUTPUT/UefiPxe4BcDxe.lib(PxeBcDhcp.obj)
 .rodata.str1.1
                0x000000000000a830       0x20 /home/neo/development/uefi/UDK-uefi-development-kit/MyWorkSpace/Build/MdeModule/DEBUG_GCC44/X64/MdeModulePkg/Universal/Network/UefiPxeBcDxe/UefiPxeBcDxe/OUTPUT/UefiPxe4BcDxe.lib(PxeBcMtftp.obj)
 .rodata.str1.1
                0x000000000000a850       0x9c /home/neo/development/uefi/UDK-uefi-development-kit/MyWorkSpace/Build/MdeModule/DEBUG_GCC44/X64/MdePkg/Library/UefiDebugLibConOut/UefiDebugLibConOut/OUTPUT/UefiDebugLibConOut.lib(DebugLib.obj)
                                         0xb3 (size before relaxing)
 .rodata.str1.1
                0x000000000000a8ec       0xcc /home/neo/development/uefi/UDK-uefi-development-kit/MyWorkSpace/Build/MdeModule/DEBUG_GCC44/X64/MdePkg/Library/BaseMemoryLib/BaseMemoryLib/OUTPUT/BaseMemoryLib.lib(ZeroMemWrapper.obj)
 .rodata.str1.1
                0x000000000000a9b8      0x131 /home/neo/development/uefi/UDK-uefi-development-kit/MyWorkSpace/Build/MdeModule/DEBUG_GCC44/X64/MdePkg/Library/BaseMemoryLib/BaseMemoryLib/OUTPUT/BaseMemoryLib.lib(CompareMemWrapper.obj)
 .rodata.str1.1
                0x000000000000aae9       0xa5 /home/neo/development/uefi/UDK-uefi-development-kit/MyWorkSpace/Build/MdeModule/DEBUG_GCC44/X64/MdePkg/Library/BaseMemoryLib/BaseMemoryLib/OUTPUT/BaseMemoryLib.lib(SetMemWrapper.obj)
 .rodata.str1.1
                0x000000000000ab8e       0x6e /home/neo/development/uefi/UDK-uefi-development-kit/MyWorkSpace/Build/MdeModule/DEBUG_GCC44/X64/MdePkg/Library/BaseMemoryLib/BaseMemoryLib/OUTPUT/BaseMemoryLib.lib(CopyMemWrapper.obj)
                                         0xef (size before relaxing)
 .rodata.str1.1
                0x000000000000abfc      0x3d9 /home/neo/development/uefi/UDK-uefi-development-kit/MyWorkSpace/Build/MdeModule/DEBUG_GCC44/X64/MdePkg/Library/BaseLib/BaseLib/OUTPUT/BaseLib.lib(SafeString.obj)
 .rodata.str1.1
                0x000000000000afd5      0x5bc /home/neo/development/uefi/UDK-uefi-development-kit/MyWorkSpace/Build/MdeModule/DEBUG_GCC44/X64/MdePkg/Library/BaseLib/BaseLib/OUTPUT/BaseLib.lib(String.obj)
                                        0x6ac (size before relaxing)
 .rodata.str1.1
                0x000000000000b591       0xc8 /home/neo/development/uefi/UDK-uefi-development-kit/MyWorkSpace/Build/MdeModule/DEBUG_GCC44/X64/MdePkg/Library/UefiBootServicesTableLib/UefiBootServicesTableLib/OUTPUT/UefiBootServicesTableLib.lib(UefiBootServicesTableLib.obj)
 .rodata.str1.1
                0x000000000000b659       0xfc /home/neo/development/uefi/UDK-uefi-development-kit/MyWorkSpace/Build/MdeModule/DEBUG_GCC44/X64/MdePkg/Library/UefiMemoryAllocationLib/UefiMemoryAllocationLib/OUTPUT/UefiMemoryAllocationLib.lib(MemoryAllocationLib.obj)
                                        0x148 (size before relaxing)
 .rodata.str1.1
                0x000000000000b755       0xee /home/neo/development/uefi/UDK-uefi-development-kit/MyWorkSpace/Build/MdeModule/DEBUG_GCC44/X64/MdePkg/Library/UefiDevicePathLib/UefiDevicePathLib/OUTPUT/UefiDevicePathLib.lib(DevicePathUtilities.obj)
                                        0x103 (size before relaxing)
 .rodata.str1.1
                0x000000000000b843       0x9d /home/neo/development/uefi/UDK-uefi-development-kit/MyWorkSpace/Build/MdeModule/DEBUG_GCC44/X64/MdePkg/Library/UefiRuntimeServicesTableLib/UefiRuntimeServicesTableLib/OUTPUT/UefiRuntimeServicesTableLib.lib(UefiRuntimeServicesTableLib.obj)
 .rodata.str1.1
                0x000000000000b8e0      0x19d /home/neo/development/uefi/UDK-uefi-development-kit/MyWorkSpace/Build/MdeModule/DEBUG_GCC44/X64/MdePkg/Library/UefiLib/UefiLib/OUTPUT/UefiLib.lib(UefiLibPrint.obj)
                                        0x1cb (size before relaxing)
 .rodata.str1.1
                0x000000000000ba7d       0x87 /home/neo/development/uefi/UDK-uefi-development-kit/MyWorkSpace/Build/MdeModule/DEBUG_GCC44/X64/MdePkg/Library/UefiLib/UefiLib/OUTPUT/UefiLib.lib(UefiDriverModel.obj)
                                         0xbc (size before relaxing)
 .rodata.str1.1
                0x000000000000bb04      0x212 /home/neo/development/uefi/UDK-uefi-development-kit/MyWorkSpace/Build/MdeModule/DEBUG_GCC44/X64/MdePkg/Library/UefiLib/UefiLib/OUTPUT/UefiLib.lib(UefiLib.obj)
                                        0x25c (size before relaxing)
 .rodata.str1.1
                0x000000000000bd16      0x364 /home/neo/development/uefi/UDK-uefi-development-kit/MyWorkSpace/Build/MdeModule/DEBUG_GCC44/X64/MdeModulePkg/Library/DxeNetLib/DxeNetLib/OUTPUT/DxeNetLib.lib(DxeNetLib.obj)
 .rodata.str1.1
                0x000000000000c07a       0x68 /home/neo/development/uefi/UDK-uefi-development-kit/MyWorkSpace/Build/MdeModule/DEBUG_GCC44/X64/MdeModulePkg/Library/DxeDpcLib/DxeDpcLib/OUTPUT/DxeDpcLib.lib(DpcLib.obj)
                                         0x9d (size before relaxing)
 .rodata.str1.1
                0x000000000000c0e2       0xf4 /home/neo/development/uefi/UDK-uefi-development-kit/MyWorkSpace/Build/MdeModule/DEBUG_GCC44/X64/MdePkg/Library/BasePrintLib/BasePrintLib/OUTPUT/BasePrintLib.lib(PrintLib.obj)
 .rodata.str1.1
                0x000000000000c1d6      0x440 /home/neo/development/uefi/UDK-uefi-development-kit/MyWorkSpace/Build/MdeModule/DEBUG_GCC44/X64/MdePkg/Library/BasePrintLib/BasePrintLib/OUTPUT/BasePrintLib.lib(PrintLibInternal.obj)
                                        0x46a (size before relaxing)
 *fill*         0x000000000000c616        0xa 
 .rodata.mHexStr
                0x000000000000c620       0x10 /home/neo/development/uefi/UDK-uefi-development-kit/MyWorkSpace/Build/MdeModule/DEBUG_GCC44/X64/MdePkg/Library/BasePrintLib/BasePrintLib/OUTPUT/BasePrintLib.lib(PrintLibInternal.obj)
                0x000000000000c620                mHexStr
 .rodata.str1.1
                0x000000000000c630       0x79 /home/neo/development/uefi/UDK-uefi-development-kit/MyWorkSpace/Build/MdeModule/DEBUG_GCC44/X64/MdePkg/Library/BaseLib/BaseLib/OUTPUT/BaseLib.lib(DivU64x32Remainder.obj)
 .rodata.str1.1
                0x000000000000c6a9       0x63 /home/neo/development/uefi/UDK-uefi-development-kit/MyWorkSpace/Build/MdeModule/DEBUG_GCC44/X64/MdePkg/Library/BaseLib/BaseLib/OUTPUT/BaseLib.lib(Unaligned.obj)
                                         0x7a (size before relaxing)
 *(.got .got.*)
 *:AutoGen.obj(.data .data.* .bss .bss.*)
 *fill*         0x000000000000c70c        0x4 
 .data.gEfiDpcProtocolGuid
                0x000000000000c710       0x10 /home/neo/development/uefi/UDK-uefi-development-kit/MyWorkSpace/Build/MdeModule/DEBUG_GCC44/X64/MdeModulePkg/Universal/Network/UefiPxeBcDxe/UefiPxeBcDxe/OUTPUT/UefiPxe4BcDxe.lib(AutoGen.obj)
                0x000000000000c710                gEfiDpcProtocolGuid
 .data.gEfiSimpleNetworkProtocolGuid
                0x000000000000c720       0x10 /home/neo/development/uefi/UDK-uefi-development-kit/MyWorkSpace/Build/MdeModule/DEBUG_GCC44/X64/MdeModulePkg/Universal/Network/UefiPxeBcDxe/UefiPxeBcDxe/OUTPUT/UefiPxe4BcDxe.lib(AutoGen.obj)
                0x000000000000c720                gEfiSimpleNetworkProtocolGuid
 .data.gEfiLoadedImageProtocolGuid
                0x000000000000c730       0x10 /home/neo/development/uefi/UDK-uefi-development-kit/MyWorkSpace/Build/MdeModule/DEBUG_GCC44/X64/MdeModulePkg/Universal/Network/UefiPxeBcDxe/UefiPxeBcDxe/OUTPUT/UefiPxe4BcDxe.lib(AutoGen.obj)
                0x000000000000c730                gEfiLoadedImageProtocolGuid
 .data.gEfiComponentName2ProtocolGuid
                0x000000000000c740       0x10 /home/neo/development/uefi/UDK-uefi-development-kit/MyWorkSpace/Build/MdeModule/DEBUG_GCC44/X64/MdeModulePkg/Universal/Network/UefiPxeBcDxe/UefiPxeBcDxe/OUTPUT/UefiPxe4BcDxe.lib(AutoGen.obj)
                0x000000000000c740                gEfiComponentName2ProtocolGuid
 .data.gEfiComponentNameProtocolGuid
                0x000000000000c750       0x10 /home/neo/development/uefi/UDK-uefi-development-kit/MyWorkSpace/Build/MdeModule/DEBUG_GCC44/X64/MdeModulePkg/Universal/Network/UefiPxeBcDxe/UefiPxeBcDxe/OUTPUT/UefiPxe4BcDxe.lib(AutoGen.obj)
                0x000000000000c750                gEfiComponentNameProtocolGuid
 .data.gEfiDriverBindingProtocolGuid
                0x000000000000c760       0x10 /home/neo/development/uefi/UDK-uefi-development-kit/MyWorkSpace/Build/MdeModule/DEBUG_GCC44/X64/MdeModulePkg/Universal/Network/UefiPxeBcDxe/UefiPxeBcDxe/OUTPUT/UefiPxe4BcDxe.lib(AutoGen.obj)
                0x000000000000c760                gEfiDriverBindingProtocolGuid
 .data.gEfiDevicePathProtocolGuid
                0x000000000000c770       0x10 /home/neo/development/uefi/UDK-uefi-development-kit/MyWorkSpace/Build/MdeModule/DEBUG_GCC44/X64/MdeModulePkg/Universal/Network/UefiPxeBcDxe/UefiPxeBcDxe/OUTPUT/UefiPxe4BcDxe.lib(AutoGen.obj)
                0x000000000000c770                gEfiDevicePathProtocolGuid
 .data.gEfiIp4Config2ProtocolGuid
                0x000000000000c780       0x10 /home/neo/development/uefi/UDK-uefi-development-kit/MyWorkSpace/Build/MdeModule/DEBUG_GCC44/X64/MdeModulePkg/Universal/Network/UefiPxeBcDxe/UefiPxeBcDxe/OUTPUT/UefiPxe4BcDxe.lib(AutoGen.obj)
                0x000000000000c780                gEfiIp4Config2ProtocolGuid
 .data.gEfiIp4ProtocolGuid
                0x000000000000c790       0x10 /home/neo/development/uefi/UDK-uefi-development-kit/MyWorkSpace/Build/MdeModule/DEBUG_GCC44/X64/MdeModulePkg/Universal/Network/UefiPxeBcDxe/UefiPxeBcDxe/OUTPUT/UefiPxe4BcDxe.lib(AutoGen.obj)
                0x000000000000c790                gEfiIp4ProtocolGuid
 .data.gEfiIp4ServiceBindingProtocolGuid
                0x000000000000c7a0       0x10 /home/neo/development/uefi/UDK-uefi-development-kit/MyWorkSpace/Build/MdeModule/DEBUG_GCC44/X64/MdeModulePkg/Universal/Network/UefiPxeBcDxe/UefiPxeBcDxe/OUTPUT/UefiPxe4BcDxe.lib(AutoGen.obj)
                0x000000000000c7a0                gEfiIp4ServiceBindingProtocolGuid
 .data.gEfiDhcp4ProtocolGuid
                0x000000000000c7b0       0x10 /home/neo/development/uefi/UDK-uefi-development-kit/MyWorkSpace/Build/MdeModule/DEBUG_GCC44/X64/MdeModulePkg/Universal/Network/UefiPxeBcDxe/UefiPxeBcDxe/OUTPUT/UefiPxe4BcDxe.lib(AutoGen.obj)
                0x000000000000c7b0                gEfiDhcp4ProtocolGuid
 .data.gEfiDhcp4ServiceBindingProtocolGuid
                0x000000000000c7c0       0x10 /home/neo/development/uefi/UDK-uefi-development-kit/MyWorkSpace/Build/MdeModule/DEBUG_GCC44/X64/MdeModulePkg/Universal/Network/UefiPxeBcDxe/UefiPxeBcDxe/OUTPUT/UefiPxe4BcDxe.lib(AutoGen.obj)
                0x000000000000c7c0                gEfiDhcp4ServiceBindingProtocolGuid
 .data.gEfiUdp4ProtocolGuid
                0x000000000000c7d0       0x10 /home/neo/development/uefi/UDK-uefi-development-kit/MyWorkSpace/Build/MdeModule/DEBUG_GCC44/X64/MdeModulePkg/Universal/Network/UefiPxeBcDxe/UefiPxeBcDxe/OUTPUT/UefiPxe4BcDxe.lib(AutoGen.obj)
                0x000000000000c7d0                gEfiUdp4ProtocolGuid
 .data.gEfiUdp4ServiceBindingProtocolGuid
                0x000000000000c7e0       0x10 /home/neo/development/uefi/UDK-uefi-development-kit/MyWorkSpace/Build/MdeModule/DEBUG_GCC44/X64/MdeModulePkg/Universal/Network/UefiPxeBcDxe/UefiPxeBcDxe/OUTPUT/UefiPxe4BcDxe.lib(AutoGen.obj)
                0x000000000000c7e0                gEfiUdp4ServiceBindingProtocolGuid
 .data.gEfiMtftp4ProtocolGuid
                0x000000000000c7f0       0x10 /home/neo/development/uefi/UDK-uefi-development-kit/MyWorkSpace/Build/MdeModule/DEBUG_GCC44/X64/MdeModulePkg/Universal/Network/UefiPxeBcDxe/UefiPxeBcDxe/OUTPUT/UefiPxe4BcDxe.lib(AutoGen.obj)
                0x000000000000c7f0                gEfiMtftp4ProtocolGuid
 .data.gEfiMtftp4ServiceBindingProtocolGuid
                0x000000000000c800       0x10 /home/neo/development/uefi/UDK-uefi-development-kit/MyWorkSpace/Build/MdeModule/DEBUG_GCC44/X64/MdeModulePkg/Universal/Network/UefiPxeBcDxe/UefiPxeBcDxe/OUTPUT/UefiPxe4BcDxe.lib(AutoGen.obj)
                0x000000000000c800                gEfiMtftp4ServiceBindingProtocolGuid
 .data.gEfiArpProtocolGuid
                0x000000000000c810       0x10 /home/neo/development/uefi/UDK-uefi-development-kit/MyWorkSpace/Build/MdeModule/DEBUG_GCC44/X64/MdeModulePkg/Universal/Network/UefiPxeBcDxe/UefiPxeBcDxe/OUTPUT/UefiPxe4BcDxe.lib(AutoGen.obj)
                0x000000000000c810                gEfiArpProtocolGuid
 .data.gEfiArpServiceBindingProtocolGuid
                0x000000000000c820       0x10 /home/neo/development/uefi/UDK-uefi-development-kit/MyWorkSpace/Build/MdeModule/DEBUG_GCC44/X64/MdeModulePkg/Universal/Network/UefiPxeBcDxe/UefiPxeBcDxe/OUTPUT/UefiPxe4BcDxe.lib(AutoGen.obj)
                0x000000000000c820                gEfiArpServiceBindingProtocolGuid
 .data.gEfiNetworkInterfaceIdentifierProtocolGuid_31
                0x000000000000c830       0x10 /home/neo/development/uefi/UDK-uefi-development-kit/MyWorkSpace/Build/MdeModule/DEBUG_GCC44/X64/MdeModulePkg/Universal/Network/UefiPxeBcDxe/UefiPxeBcDxe/OUTPUT/UefiPxe4BcDxe.lib(AutoGen.obj)
                0x000000000000c830                gEfiNetworkInterfaceIdentifierProtocolGuid_31
 .data.gEfiLoadFileProtocolGuid
                0x000000000000c840       0x10 /home/neo/development/uefi/UDK-uefi-development-kit/MyWorkSpace/Build/MdeModule/DEBUG_GCC44/X64/MdeModulePkg/Universal/Network/UefiPxeBcDxe/UefiPxeBcDxe/OUTPUT/UefiPxe4BcDxe.lib(AutoGen.obj)
                0x000000000000c840                gEfiLoadFileProtocolGuid
 .data.gEfiPxeBaseCodeProtocolGuid
                0x000000000000c850       0x10 /home/neo/development/uefi/UDK-uefi-development-kit/MyWorkSpace/Build/MdeModule/DEBUG_GCC44/X64/MdeModulePkg/Universal/Network/UefiPxeBcDxe/UefiPxeBcDxe/OUTPUT/UefiPxe4BcDxe.lib(AutoGen.obj)
                0x000000000000c850                gEfiPxeBaseCodeProtocolGuid
 .data.gEfiPxeBaseCodeCallbackProtocolGuid
                0x000000000000c860       0x10 /home/neo/development/uefi/UDK-uefi-development-kit/MyWorkSpace/Build/MdeModule/DEBUG_GCC44/X64/MdeModulePkg/Universal/Network/UefiPxeBcDxe/UefiPxeBcDxe/OUTPUT/UefiPxe4BcDxe.lib(AutoGen.obj)
                0x000000000000c860                gEfiPxeBaseCodeCallbackProtocolGuid
 .data.gEfiSmbios3TableGuid
                0x000000000000c870       0x10 /home/neo/development/uefi/UDK-uefi-development-kit/MyWorkSpace/Build/MdeModule/DEBUG_GCC44/X64/MdeModulePkg/Universal/Network/UefiPxeBcDxe/UefiPxeBcDxe/OUTPUT/UefiPxe4BcDxe.lib(AutoGen.obj)
                0x000000000000c870                gEfiSmbios3TableGuid
 .data.gEfiSmbiosTableGuid
                0x000000000000c880       0x10 /home/neo/development/uefi/UDK-uefi-development-kit/MyWorkSpace/Build/MdeModule/DEBUG_GCC44/X64/MdeModulePkg/Universal/Network/UefiPxeBcDxe/UefiPxeBcDxe/OUTPUT/UefiPxe4BcDxe.lib(AutoGen.obj)
                0x000000000000c880                gEfiSmbiosTableGuid
 .data.rel.local.gEfiCallerBaseName
                0x000000000000c890        0x8 /home/neo/development/uefi/UDK-uefi-development-kit/MyWorkSpace/Build/MdeModule/DEBUG_GCC44/X64/MdeModulePkg/Universal/Network/UefiPxeBcDxe/UefiPxeBcDxe/OUTPUT/UefiPxe4BcDxe.lib(AutoGen.obj)
                0x000000000000c890                gEfiCallerBaseName

.iplt           0x000000000000c8a0        0x0
 .iplt          0x000000000000c8a0        0x0 /home/neo/development/uefi/UDK-uefi-development-kit/MyWorkSpace/Build/MdeModule/DEBUG_GCC44/X64/MdePkg/Library/UefiDriverEntryPoint/UefiDriverEntryPoint/OUTPUT/UefiDriverEntryPoint.lib(DriverEntryPoint.obj)

.data           0x000000000000c8a0      0x3a8
 *(.data .data.* .gnu.linkonce.d.*)
 .data.rel.local.gPxeBcDriverBinding
                0x000000000000c8a0       0x30 /home/neo/development/uefi/UDK-uefi-development-kit/MyWorkSpace/Build/MdeModule/DEBUG_GCC44/X64/MdeModulePkg/Universal/Network/UefiPxeBcDxe/UefiPxeBcDxe/OUTPUT/UefiPxe4BcDxe.lib(PxeBcDriver.obj)
                0x000000000000c8a0                gPxeBcDriverBinding
 *fill*         0x000000000000c8d0       0x10 
 .data.rel.local.mPxeBcControllerNameTable
                0x000000000000c8e0       0x20 /home/neo/development/uefi/UDK-uefi-development-kit/MyWorkSpace/Build/MdeModule/DEBUG_GCC44/X64/MdeModulePkg/Universal/Network/UefiPxeBcDxe/UefiPxeBcDxe/OUTPUT/UefiPxe4BcDxe.lib(ComponentName.obj)
                0x000000000000c8e0                mPxeBcControllerNameTable
 .data.rel.local.mPxeBcDriverNameTable
                0x000000000000c900       0x20 /home/neo/development/uefi/UDK-uefi-development-kit/MyWorkSpace/Build/MdeModule/DEBUG_GCC44/X64/MdeModulePkg/Universal/Network/UefiPxeBcDxe/UefiPxeBcDxe/OUTPUT/UefiPxe4BcDxe.lib(ComponentName.obj)
                0x000000000000c900                mPxeBcDriverNameTable
 .data.rel.local.gPxeBcComponentName2
                0x000000000000c920       0x18 /home/neo/development/uefi/UDK-uefi-development-kit/MyWorkSpace/Build/MdeModule/DEBUG_GCC44/X64/MdeModulePkg/Universal/Network/UefiPxeBcDxe/UefiPxeBcDxe/OUTPUT/UefiPxe4BcDxe.lib(ComponentName.obj)
                0x000000000000c920                gPxeBcComponentName2
 *fill*         0x000000000000c938        0x8 
 .data.rel.local.gPxeBcComponentName
                0x000000000000c940       0x18 /home/neo/development/uefi/UDK-uefi-development-kit/MyWorkSpace/Build/MdeModule/DEBUG_GCC44/X64/MdeModulePkg/Universal/Network/UefiPxeBcDxe/UefiPxeBcDxe/OUTPUT/UefiPxe4BcDxe.lib(ComponentName.obj)
                0x000000000000c940                gPxeBcComponentName
 .data.rel.local.mLoadFileProtocolTemplate
                0x000000000000c958        0x8 /home/neo/development/uefi/UDK-uefi-development-kit/MyWorkSpace/Build/MdeModule/DEBUG_GCC44/X64/MdeModulePkg/Universal/Network/UefiPxeBcDxe/UefiPxeBcDxe/OUTPUT/UefiPxe4BcDxe.lib(PxeBcImpl.obj)
                0x000000000000c958                mLoadFileProtocolTemplate
 .data.rel.local.mPxeBcCallBackTemplate
                0x000000000000c960       0x10 /home/neo/development/uefi/UDK-uefi-development-kit/MyWorkSpace/Build/MdeModule/DEBUG_GCC44/X64/MdeModulePkg/Universal/Network/UefiPxeBcDxe/UefiPxeBcDxe/OUTPUT/UefiPxe4BcDxe.lib(PxeBcImpl.obj)
                0x000000000000c960                mPxeBcCallBackTemplate
 *fill*         0x000000000000c970       0x10 
 .data.rel.local.mPxeBcProtocolTemplate
                0x000000000000c980       0x70 /home/neo/development/uefi/UDK-uefi-development-kit/MyWorkSpace/Build/MdeModule/DEBUG_GCC44/X64/MdeModulePkg/Universal/Network/UefiPxeBcDxe/UefiPxeBcDxe/OUTPUT/UefiPxe4BcDxe.lib(PxeBcImpl.obj)
                0x000000000000c980                mPxeBcProtocolTemplate
 .data.mPxeDhcpTimeout
                0x000000000000c9f0       0x10 /home/neo/development/uefi/UDK-uefi-development-kit/MyWorkSpace/Build/MdeModule/DEBUG_GCC44/X64/MdeModulePkg/Universal/Network/UefiPxeBcDxe/UefiPxeBcDxe/OUTPUT/UefiPxe4BcDxe.lib(PxeBcImpl.obj)
                0x000000000000c9f0                mPxeDhcpTimeout
 .data.mInterestedDhcp4Tags
                0x000000000000ca00        0x7 /home/neo/development/uefi/UDK-uefi-development-kit/MyWorkSpace/Build/MdeModule/DEBUG_GCC44/X64/MdeModulePkg/Universal/Network/UefiPxeBcDxe/UefiPxeBcDxe/OUTPUT/UefiPxe4BcDxe.lib(PxeBcDhcp.obj)
                0x000000000000ca00                mInterestedDhcp4Tags
 *fill*         0x000000000000ca07       0x19 
 .data.rel.local.mMtftpOptions
                0x000000000000ca20       0x20 /home/neo/development/uefi/UDK-uefi-development-kit/MyWorkSpace/Build/MdeModule/DEBUG_GCC44/X64/MdeModulePkg/Universal/Network/UefiPxeBcDxe/UefiPxeBcDxe/OUTPUT/UefiPxe4BcDxe.lib(PxeBcMtftp.obj)
                0x000000000000ca20                mMtftpOptions
 .data.gIp4AllMasks
                0x000000000000ca40       0x84 /home/neo/development/uefi/UDK-uefi-development-kit/MyWorkSpace/Build/MdeModule/DEBUG_GCC44/X64/MdeModulePkg/Library/DxeNetLib/DxeNetLib/OUTPUT/DxeNetLib.lib(DxeNetLib.obj)
                0x000000000000ca40                gIp4AllMasks
 *fill*         0x000000000000cac4       0x1c 
 .data.rel.ro.local.mStatusString
                0x000000000000cae0      0x138 /home/neo/development/uefi/UDK-uefi-development-kit/MyWorkSpace/Build/MdeModule/DEBUG_GCC44/X64/MdePkg/Library/BasePrintLib/BasePrintLib/OUTPUT/BasePrintLib.lib(PrintLibInternal.obj)
                0x000000000000cae0                mStatusString
 *(.bss .bss.*)
 .bss.gBS       0x000000000000cc18        0x8 /home/neo/development/uefi/UDK-uefi-development-kit/MyWorkSpace/Build/MdeModule/DEBUG_GCC44/X64/MdePkg/Library/UefiBootServicesTableLib/UefiBootServicesTableLib/OUTPUT/UefiBootServicesTableLib.lib(UefiBootServicesTableLib.obj)
                0x000000000000cc18                gBS
 .bss.gST       0x000000000000cc20        0x8 /home/neo/development/uefi/UDK-uefi-development-kit/MyWorkSpace/Build/MdeModule/DEBUG_GCC44/X64/MdePkg/Library/UefiBootServicesTableLib/UefiBootServicesTableLib/OUTPUT/UefiBootServicesTableLib.lib(UefiBootServicesTableLib.obj)
                0x000000000000cc20                gST
 .bss.gImageHandle
                0x000000000000cc28        0x8 /home/neo/development/uefi/UDK-uefi-development-kit/MyWorkSpace/Build/MdeModule/DEBUG_GCC44/X64/MdePkg/Library/UefiBootServicesTableLib/UefiBootServicesTableLib/OUTPUT/UefiBootServicesTableLib.lib(UefiBootServicesTableLib.obj)
                0x000000000000cc28                gImageHandle
 .bss.gRT       0x000000000000cc30        0x8 /home/neo/development/uefi/UDK-uefi-development-kit/MyWorkSpace/Build/MdeModule/DEBUG_GCC44/X64/MdePkg/Library/UefiRuntimeServicesTableLib/UefiRuntimeServicesTableLib/OUTPUT/UefiRuntimeServicesTableLib.lib(UefiRuntimeServicesTableLib.obj)
                0x000000000000cc30                gRT
 .bss.mZeroIp4Addr
                0x000000000000cc38        0x4 /home/neo/development/uefi/UDK-uefi-development-kit/MyWorkSpace/Build/MdeModule/DEBUG_GCC44/X64/MdeModulePkg/Library/DxeNetLib/DxeNetLib/OUTPUT/DxeNetLib.lib(DxeNetLib.obj)
                0x000000000000cc38                mZeroIp4Addr
 *fill*         0x000000000000cc3c        0x4 
 .bss.mDpc      0x000000000000cc40        0x8 /home/neo/development/uefi/UDK-uefi-development-kit/MyWorkSpace/Build/MdeModule/DEBUG_GCC44/X64/MdeModulePkg/Library/DxeDpcLib/DxeDpcLib/OUTPUT/DxeDpcLib.lib(DpcLib.obj)
                0x000000000000cc40                mDpc

.igot.plt       0x000000000000cc48        0x0
 .igot.plt      0x000000000000cc48        0x0 /home/neo/development/uefi/UDK-uefi-development-kit/MyWorkSpace/Build/MdeModule/DEBUG_GCC44/X64/MdePkg/Library/UefiDriverEntryPoint/UefiDriverEntryPoint/OUTPUT/UefiDriverEntryPoint.lib(DriverEntryPoint.obj)

.eh_frame
 *(.eh_frame)

.rela           0x000000000000cc60        0x0
 *(.rela .rela.*)
 .rela.iplt     0x000000000000cc60        0x0 /home/neo/development/uefi/UDK-uefi-development-kit/MyWorkSpace/Build/MdeModule/DEBUG_GCC44/X64/MdePkg/Library/UefiDriverEntryPoint/UefiDriverEntryPoint/OUTPUT/UefiDriverEntryPoint.lib(DriverEntryPoint.obj)
 .rela.text._DriverUnloadHandler
                0x000000000000cc60        0x0 /home/neo/development/uefi/UDK-uefi-development-kit/MyWorkSpace/Build/MdeModule/DEBUG_GCC44/X64/MdePkg/Library/UefiDriverEntryPoint/UefiDriverEntryPoint/OUTPUT/UefiDriverEntryPoint.lib(DriverEntryPoint.obj)
 .rela.text._ModuleEntryPoint
                0x000000000000cc60        0x0 /home/neo/development/uefi/UDK-uefi-development-kit/MyWorkSpace/Build/MdeModule/DEBUG_GCC44/X64/MdePkg/Library/UefiDriverEntryPoint/UefiDriverEntryPoint/OUTPUT/UefiDriverEntryPoint.lib(DriverEntryPoint.obj)
 .rela.text.ProcessLibraryConstructorList
                0x000000000000cc60        0x0 /home/neo/development/uefi/UDK-uefi-development-kit/MyWorkSpace/Build/MdeModule/DEBUG_GCC44/X64/MdePkg/Library/UefiDriverEntryPoint/UefiDriverEntryPoint/OUTPUT/UefiDriverEntryPoint.lib(DriverEntryPoint.obj)
 .rela.text.ProcessModuleEntryPointList
                0x000000000000cc60        0x0 /home/neo/development/uefi/UDK-uefi-development-kit/MyWorkSpace/Build/MdeModule/DEBUG_GCC44/X64/MdePkg/Library/UefiDriverEntryPoint/UefiDriverEntryPoint/OUTPUT/UefiDriverEntryPoint.lib(DriverEntryPoint.obj)
 .rela.text.ExitDriver
                0x000000000000cc60        0x0 /home/neo/development/uefi/UDK-uefi-development-kit/MyWorkSpace/Build/MdeModule/DEBUG_GCC44/X64/MdePkg/Library/UefiDriverEntryPoint/UefiDriverEntryPoint/OUTPUT/UefiDriverEntryPoint.lib(DriverEntryPoint.obj)
 .rela.text.ProcessModuleUnloadList
                0x000000000000cc60        0x0 /home/neo/development/uefi/UDK-uefi-development-kit/MyWorkSpace/Build/MdeModule/DEBUG_GCC44/X64/MdePkg/Library/UefiDriverEntryPoint/UefiDriverEntryPoint/OUTPUT/UefiDriverEntryPoint.lib(DriverEntryPoint.obj)
 .rela.text.PxeBcDriverBindingStart
                0x000000000000cc60        0x0 /home/neo/development/uefi/UDK-uefi-development-kit/MyWorkSpace/Build/MdeModule/DEBUG_GCC44/X64/MdePkg/Library/UefiDriverEntryPoint/UefiDriverEntryPoint/OUTPUT/UefiDriverEntryPoint.lib(DriverEntryPoint.obj)
 .rela.text.PxeBcDriverBindingStop
                0x000000000000cc60        0x0 /home/neo/development/uefi/UDK-uefi-development-kit/MyWorkSpace/Build/MdeModule/DEBUG_GCC44/X64/MdePkg/Library/UefiDriverEntryPoint/UefiDriverEntryPoint/OUTPUT/UefiDriverEntryPoint.lib(DriverEntryPoint.obj)
 .rela.text.PxeBcDriverBindingSupported
                0x000000000000cc60        0x0 /home/neo/development/uefi/UDK-uefi-development-kit/MyWorkSpace/Build/MdeModule/DEBUG_GCC44/X64/MdePkg/Library/UefiDriverEntryPoint/UefiDriverEntryPoint/OUTPUT/UefiDriverEntryPoint.lib(DriverEntryPoint.obj)
 .rela.text.PxeBcDriverEntryPoint
                0x000000000000cc60        0x0 /home/neo/development/uefi/UDK-uefi-development-kit/MyWorkSpace/Build/MdeModule/DEBUG_GCC44/X64/MdePkg/Library/UefiDriverEntryPoint/UefiDriverEntryPoint/OUTPUT/UefiDriverEntryPoint.lib(DriverEntryPoint.obj)
 .rela.text.PxeBcComponentNameGetDriverName
                0x000000000000cc60        0x0 /home/neo/development/uefi/UDK-uefi-development-kit/MyWorkSpace/Build/MdeModule/DEBUG_GCC44/X64/MdePkg/Library/UefiDriverEntryPoint/UefiDriverEntryPoint/OUTPUT/UefiDriverEntryPoint.lib(DriverEntryPoint.obj)
 .rela.text.PxeBcComponentNameGetControllerName
                0x000000000000cc60        0x0 /home/neo/development/uefi/UDK-uefi-development-kit/MyWorkSpace/Build/MdeModule/DEBUG_GCC44/X64/MdePkg/Library/UefiDriverEntryPoint/UefiDriverEntryPoint/OUTPUT/UefiDriverEntryPoint.lib(DriverEntryPoint.obj)
 .rela.text.IcmpErrorListenHandlerDpc
                0x000000000000cc60        0x0 /home/neo/development/uefi/UDK-uefi-development-kit/MyWorkSpace/Build/MdeModule/DEBUG_GCC44/X64/MdePkg/Library/UefiDriverEntryPoint/UefiDriverEntryPoint/OUTPUT/UefiDriverEntryPoint.lib(DriverEntryPoint.obj)
 .rela.text.IcmpErrorListenHandler
                0x000000000000cc60        0x0 /home/neo/development/uefi/UDK-uefi-development-kit/MyWorkSpace/Build/MdeModule/DEBUG_GCC44/X64/MdePkg/Library/UefiDriverEntryPoint/UefiDriverEntryPoint/OUTPUT/UefiDriverEntryPoint.lib(DriverEntryPoint.obj)
 .rela.text.EfiPxeBcSetIpFilter
                0x000000000000cc60        0x0 /home/neo/development/uefi/UDK-uefi-development-kit/MyWorkSpace/Build/MdeModule/DEBUG_GCC44/X64/MdePkg/Library/UefiDriverEntryPoint/UefiDriverEntryPoint/OUTPUT/UefiDriverEntryPoint.lib(DriverEntryPoint.obj)
 .rela.text.EfiPxeBcSetParameters
                0x000000000000cc60        0x0 /home/neo/development/uefi/UDK-uefi-development-kit/MyWorkSpace/Build/MdeModule/DEBUG_GCC44/X64/MdePkg/Library/UefiDriverEntryPoint/UefiDriverEntryPoint/OUTPUT/UefiDriverEntryPoint.lib(DriverEntryPoint.obj)
 .rela.text.EfiPxeBcSetPackets
                0x000000000000cc60        0x0 /home/neo/development/uefi/UDK-uefi-development-kit/MyWorkSpace/Build/MdeModule/DEBUG_GCC44/X64/MdePkg/Library/UefiDriverEntryPoint/UefiDriverEntryPoint/OUTPUT/UefiDriverEntryPoint.lib(DriverEntryPoint.obj)
 .rela.text.EfiPxeBcStart
                0x000000000000cc60        0x0 /home/neo/development/uefi/UDK-uefi-development-kit/MyWorkSpace/Build/MdeModule/DEBUG_GCC44/X64/MdePkg/Library/UefiDriverEntryPoint/UefiDriverEntryPoint/OUTPUT/UefiDriverEntryPoint.lib(DriverEntryPoint.obj)
 .rela.text.EfiPxeBcStop
                0x000000000000cc60        0x0 /home/neo/development/uefi/UDK-uefi-development-kit/MyWorkSpace/Build/MdeModule/DEBUG_GCC44/X64/MdePkg/Library/UefiDriverEntryPoint/UefiDriverEntryPoint/OUTPUT/UefiDriverEntryPoint.lib(DriverEntryPoint.obj)
 .rela.text.EfiPxeBcDhcp.part.4
                0x000000000000cc60        0x0 /home/neo/development/uefi/UDK-uefi-development-kit/MyWorkSpace/Build/MdeModule/DEBUG_GCC44/X64/MdePkg/Library/UefiDriverEntryPoint/UefiDriverEntryPoint/OUTPUT/UefiDriverEntryPoint.lib(DriverEntryPoint.obj)
 .rela.text.EfiPxeBcDiscover
                0x000000000000cc60        0x0 /home/neo/development/uefi/UDK-uefi-development-kit/MyWorkSpace/Build/MdeModule/DEBUG_GCC44/X64/MdePkg/Library/UefiDriverEntryPoint/UefiDriverEntryPoint/OUTPUT/UefiDriverEntryPoint.lib(DriverEntryPoint.obj)
 .rela.text.EfiPxeBcSetStationIP
                0x000000000000cc60        0x0 /home/neo/development/uefi/UDK-uefi-development-kit/MyWorkSpace/Build/MdeModule/DEBUG_GCC44/X64/MdePkg/Library/UefiDriverEntryPoint/UefiDriverEntryPoint/OUTPUT/UefiDriverEntryPoint.lib(DriverEntryPoint.obj)
 .rela.text.EfiPxeLoadFileCallback
                0x000000000000cc60        0x0 /home/neo/development/uefi/UDK-uefi-development-kit/MyWorkSpace/Build/MdeModule/DEBUG_GCC44/X64/MdePkg/Library/UefiDriverEntryPoint/UefiDriverEntryPoint/OUTPUT/UefiDriverEntryPoint.lib(DriverEntryPoint.obj)
 .rela.text.UpdateArpCache
                0x000000000000cc60        0x0 /home/neo/development/uefi/UDK-uefi-development-kit/MyWorkSpace/Build/MdeModule/DEBUG_GCC44/X64/MdePkg/Library/UefiDriverEntryPoint/UefiDriverEntryPoint/OUTPUT/UefiDriverEntryPoint.lib(DriverEntryPoint.obj)
 .rela.text.FindInArpCache
                0x000000000000cc60        0x0 /home/neo/development/uefi/UDK-uefi-development-kit/MyWorkSpace/Build/MdeModule/DEBUG_GCC44/X64/MdePkg/Library/UefiDriverEntryPoint/UefiDriverEntryPoint/OUTPUT/UefiDriverEntryPoint.lib(DriverEntryPoint.obj)
 .rela.text.EfiPxeBcMtftp
                0x000000000000cc60        0x0 /home/neo/development/uefi/UDK-uefi-development-kit/MyWorkSpace/Build/MdeModule/DEBUG_GCC44/X64/MdePkg/Library/UefiDriverEntryPoint/UefiDriverEntryPoint/OUTPUT/UefiDriverEntryPoint.lib(DriverEntryPoint.obj)
 .rela.text.EfiPxeBcUdpWrite
                0x000000000000cc60        0x0 /home/neo/development/uefi/UDK-uefi-development-kit/MyWorkSpace/Build/MdeModule/DEBUG_GCC44/X64/MdePkg/Library/UefiDriverEntryPoint/UefiDriverEntryPoint/OUTPUT/UefiDriverEntryPoint.lib(DriverEntryPoint.obj)
 .rela.text.EfiPxeBcArp
                0x000000000000cc60        0x0 /home/neo/development/uefi/UDK-uefi-development-kit/MyWorkSpace/Build/MdeModule/DEBUG_GCC44/X64/MdePkg/Library/UefiDriverEntryPoint/UefiDriverEntryPoint/OUTPUT/UefiDriverEntryPoint.lib(DriverEntryPoint.obj)
 .rela.text.CheckIpByFilter
                0x000000000000cc60        0x0 /home/neo/development/uefi/UDK-uefi-development-kit/MyWorkSpace/Build/MdeModule/DEBUG_GCC44/X64/MdePkg/Library/UefiDriverEntryPoint/UefiDriverEntryPoint/OUTPUT/UefiDriverEntryPoint.lib(DriverEntryPoint.obj)
 .rela.text.EfiPxeBcUdpRead
                0x000000000000cc60        0x0 /home/neo/development/uefi/UDK-uefi-development-kit/MyWorkSpace/Build/MdeModule/DEBUG_GCC44/X64/MdePkg/Library/UefiDriverEntryPoint/UefiDriverEntryPoint/OUTPUT/UefiDriverEntryPoint.lib(DriverEntryPoint.obj)
 .rela.text.DiscoverBootFile
                0x000000000000cc60        0x0 /home/neo/development/uefi/UDK-uefi-development-kit/MyWorkSpace/Build/MdeModule/DEBUG_GCC44/X64/MdePkg/Library/UefiDriverEntryPoint/UefiDriverEntryPoint/OUTPUT/UefiDriverEntryPoint.lib(DriverEntryPoint.obj)
 .rela.text.EfiPxeLoadFile
                0x000000000000cc60        0x0 /home/neo/development/uefi/UDK-uefi-development-kit/MyWorkSpace/Build/MdeModule/DEBUG_GCC44/X64/MdePkg/Library/UefiDriverEntryPoint/UefiDriverEntryPoint/OUTPUT/UefiDriverEntryPoint.lib(DriverEntryPoint.obj)
 .rela.text.PxeBcInitSeedPacket
                0x000000000000cc60        0x0 /home/neo/development/uefi/UDK-uefi-development-kit/MyWorkSpace/Build/MdeModule/DEBUG_GCC44/X64/MdePkg/Library/UefiDriverEntryPoint/UefiDriverEntryPoint/OUTPUT/UefiDriverEntryPoint.lib(DriverEntryPoint.obj)
 .rela.text.PxeBcCopyEfiDhcp4Packet
                0x000000000000cc60        0x0 /home/neo/development/uefi/UDK-uefi-development-kit/MyWorkSpace/Build/MdeModule/DEBUG_GCC44/X64/MdePkg/Library/UefiDriverEntryPoint/UefiDriverEntryPoint/OUTPUT/UefiDriverEntryPoint.lib(DriverEntryPoint.obj)
 .rela.text.PxeBcSelectOffer
                0x000000000000cc60        0x0 /home/neo/development/uefi/UDK-uefi-development-kit/MyWorkSpace/Build/MdeModule/DEBUG_GCC44/X64/MdePkg/Library/UefiDriverEntryPoint/UefiDriverEntryPoint/OUTPUT/UefiDriverEntryPoint.lib(DriverEntryPoint.obj)
 .rela.text.PxeBcBuildDhcpOptions
                0x000000000000cc60        0x0 /home/neo/development/uefi/UDK-uefi-development-kit/MyWorkSpace/Build/MdeModule/DEBUG_GCC44/X64/MdePkg/Library/UefiDriverEntryPoint/UefiDriverEntryPoint/OUTPUT/UefiDriverEntryPoint.lib(DriverEntryPoint.obj)
 .rela.text.PxeBcDiscvBootService
                0x000000000000cc60        0x0 /home/neo/development/uefi/UDK-uefi-development-kit/MyWorkSpace/Build/MdeModule/DEBUG_GCC44/X64/MdePkg/Library/UefiDriverEntryPoint/UefiDriverEntryPoint/OUTPUT/UefiDriverEntryPoint.lib(DriverEntryPoint.obj)
 .rela.text.PxeBcParseVendorOptions
                0x000000000000cc60        0x0 /home/neo/development/uefi/UDK-uefi-development-kit/MyWorkSpace/Build/MdeModule/DEBUG_GCC44/X64/MdePkg/Library/UefiDriverEntryPoint/UefiDriverEntryPoint/OUTPUT/UefiDriverEntryPoint.lib(DriverEntryPoint.obj)
 .rela.text.PxeBcParseCachedDhcpPacket
                0x000000000000cc60        0x0 /home/neo/development/uefi/UDK-uefi-development-kit/MyWorkSpace/Build/MdeModule/DEBUG_GCC44/X64/MdePkg/Library/UefiDriverEntryPoint/UefiDriverEntryPoint/OUTPUT/UefiDriverEntryPoint.lib(DriverEntryPoint.obj)
 .rela.text.PxeBcCopyProxyOffer
                0x000000000000cc60        0x0 /home/neo/development/uefi/UDK-uefi-development-kit/MyWorkSpace/Build/MdeModule/DEBUG_GCC44/X64/MdePkg/Library/UefiDriverEntryPoint/UefiDriverEntryPoint/OUTPUT/UefiDriverEntryPoint.lib(DriverEntryPoint.obj)
 .rela.text.PxeBcTryBinl
                0x000000000000cc60        0x0 /home/neo/development/uefi/UDK-uefi-development-kit/MyWorkSpace/Build/MdeModule/DEBUG_GCC44/X64/MdePkg/Library/UefiDriverEntryPoint/UefiDriverEntryPoint/OUTPUT/UefiDriverEntryPoint.lib(DriverEntryPoint.obj)
 .rela.text.PxeBcCheckSelectedOffer
                0x000000000000cc60        0x0 /home/neo/development/uefi/UDK-uefi-development-kit/MyWorkSpace/Build/MdeModule/DEBUG_GCC44/X64/MdePkg/Library/UefiDriverEntryPoint/UefiDriverEntryPoint/OUTPUT/UefiDriverEntryPoint.lib(DriverEntryPoint.obj)
 .rela.text.PxeBcCacheDhcpOffer
                0x000000000000cc60        0x0 /home/neo/development/uefi/UDK-uefi-development-kit/MyWorkSpace/Build/MdeModule/DEBUG_GCC44/X64/MdePkg/Library/UefiDriverEntryPoint/UefiDriverEntryPoint/OUTPUT/UefiDriverEntryPoint.lib(DriverEntryPoint.obj)
 .rela.text.PxeBcDhcpCallBack
                0x000000000000cc60        0x0 /home/neo/development/uefi/UDK-uefi-development-kit/MyWorkSpace/Build/MdeModule/DEBUG_GCC44/X64/MdePkg/Library/UefiDriverEntryPoint/UefiDriverEntryPoint/OUTPUT/UefiDriverEntryPoint.lib(DriverEntryPoint.obj)
 .rela.text.PxeBcDisplayBootItem
                0x000000000000cc60        0x0 /home/neo/development/uefi/UDK-uefi-development-kit/MyWorkSpace/Build/MdeModule/DEBUG_GCC44/X64/MdePkg/Library/UefiDriverEntryPoint/UefiDriverEntryPoint/OUTPUT/UefiDriverEntryPoint.lib(DriverEntryPoint.obj)
 .rela.text.PxeBcSelectBootPrompt
                0x000000000000cc60        0x0 /home/neo/development/uefi/UDK-uefi-development-kit/MyWorkSpace/Build/MdeModule/DEBUG_GCC44/X64/MdePkg/Library/UefiDriverEntryPoint/UefiDriverEntryPoint/OUTPUT/UefiDriverEntryPoint.lib(DriverEntryPoint.obj)
 .rela.text.PxeBcSelectBootMenu
                0x000000000000cc60        0x0 /home/neo/development/uefi/UDK-uefi-development-kit/MyWorkSpace/Build/MdeModule/DEBUG_GCC44/X64/MdePkg/Library/UefiDriverEntryPoint/UefiDriverEntryPoint/OUTPUT/UefiDriverEntryPoint.lib(DriverEntryPoint.obj)
 .rela.text.PxeBcCheckPacket
                0x000000000000cc60        0x0 /home/neo/development/uefi/UDK-uefi-development-kit/MyWorkSpace/Build/MdeModule/DEBUG_GCC44/X64/MdePkg/Library/UefiDriverEntryPoint/UefiDriverEntryPoint/OUTPUT/UefiDriverEntryPoint.lib(DriverEntryPoint.obj)
 .rela.text.PxeBcTftpGetFileSize
                0x000000000000cc60        0x0 /home/neo/development/uefi/UDK-uefi-development-kit/MyWorkSpace/Build/MdeModule/DEBUG_GCC44/X64/MdePkg/Library/UefiDriverEntryPoint/UefiDriverEntryPoint/OUTPUT/UefiDriverEntryPoint.lib(DriverEntryPoint.obj)
 .rela.text.PxeBcTftpReadFile
                0x000000000000cc60        0x0 /home/neo/development/uefi/UDK-uefi-development-kit/MyWorkSpace/Build/MdeModule/DEBUG_GCC44/X64/MdePkg/Library/UefiDriverEntryPoint/UefiDriverEntryPoint/OUTPUT/UefiDriverEntryPoint.lib(DriverEntryPoint.obj)
 .rela.text.PxeBcTftpWriteFile
                0x000000000000cc60        0x0 /home/neo/development/uefi/UDK-uefi-development-kit/MyWorkSpace/Build/MdeModule/DEBUG_GCC44/X64/MdePkg/Library/UefiDriverEntryPoint/UefiDriverEntryPoint/OUTPUT/UefiDriverEntryPoint.lib(DriverEntryPoint.obj)
 .rela.text.PxeBcTftpReadDirectory
                0x000000000000cc60        0x0 /home/neo/development/uefi/UDK-uefi-development-kit/MyWorkSpace/Build/MdeModule/DEBUG_GCC44/X64/MdePkg/Library/UefiDriverEntryPoint/UefiDriverEntryPoint/OUTPUT/UefiDriverEntryPoint.lib(DriverEntryPoint.obj)
 .rela.text.PxeBcConfigureUdpWriteInstance
                0x000000000000cc60        0x0 /home/neo/development/uefi/UDK-uefi-development-kit/MyWorkSpace/Build/MdeModule/DEBUG_GCC44/X64/MdePkg/Library/UefiDriverEntryPoint/UefiDriverEntryPoint/OUTPUT/UefiDriverEntryPoint.lib(DriverEntryPoint.obj)
 .rela.text.UtoA10
                0x000000000000cc60        0x0 /home/neo/development/uefi/UDK-uefi-development-kit/MyWorkSpace/Build/MdeModule/DEBUG_GCC44/X64/MdePkg/Library/UefiDriverEntryPoint/UefiDriverEntryPoint/OUTPUT/UefiDriverEntryPoint.lib(DriverEntryPoint.obj)
 .rela.text.AtoU64
                0x000000000000cc60        0x0 /home/neo/development/uefi/UDK-uefi-development-kit/MyWorkSpace/Build/MdeModule/DEBUG_GCC44/X64/MdePkg/Library/UefiDriverEntryPoint/UefiDriverEntryPoint/OUTPUT/UefiDriverEntryPoint.lib(DriverEntryPoint.obj)
 .rela.text.DebugAssert
                0x000000000000cc60        0x0 /home/neo/development/uefi/UDK-uefi-development-kit/MyWorkSpace/Build/MdeModule/DEBUG_GCC44/X64/MdePkg/Library/UefiDriverEntryPoint/UefiDriverEntryPoint/OUTPUT/UefiDriverEntryPoint.lib(DriverEntryPoint.obj)
 .rela.text.DebugPrint
                0x000000000000cc60        0x0 /home/neo/development/uefi/UDK-uefi-development-kit/MyWorkSpace/Build/MdeModule/DEBUG_GCC44/X64/MdePkg/Library/UefiDriverEntryPoint/UefiDriverEntryPoint/OUTPUT/UefiDriverEntryPoint.lib(DriverEntryPoint.obj)
 .rela.text.DebugClearMemory