Archive member included to satisfy reference by file (symbol)

/home/neo/development/uefi/UDK-uefi-development-kit/MyWorkSpace/Build/MdeModule/DEBUG_GCC44/X64/MdePkg/Library/PeimEntryPoint/PeimEntryPoint/OUTPUT/PeimEntryPoint.lib(PeimEntryPoint.obj)
                              (_ModuleEntryPoint)
/home/neo/development/uefi/UDK-uefi-development-kit/MyWorkSpace/Build/MdeModule/DEBUG_GCC44/X64/MdeModulePkg/Universal/Acpi/FirmwarePerformanceDataTablePei/FirmwarePerformancePei/OUTPUT/FirmwarePerformancePei.lib(AutoGen.obj)
                              /home/neo/development/uefi/UDK-uefi-development-kit/MyWorkSpace/Build/MdeModule/DEBUG_GCC44/X64/MdePkg/Library/PeimEntryPoint/PeimEntryPoint/OUTPUT/PeimEntryPoint.lib(PeimEntryPoint.obj) (ProcessLibraryConstructorList)
/home/neo/development/uefi/UDK-uefi-development-kit/MyWorkSpace/Build/MdeModule/DEBUG_GCC44/X64/MdeModulePkg/Universal/Acpi/FirmwarePerformanceDataTablePei/FirmwarePerformancePei/OUTPUT/FirmwarePerformancePei.lib(FirmwarePerformancePei.obj)
                              /home/neo/development/uefi/UDK-uefi-development-kit/MyWorkSpace/Build/MdeModule/DEBUG_GCC44/X64/MdeModulePkg/Universal/Acpi/FirmwarePerformanceDataTablePei/FirmwarePerformancePei/OUTPUT/FirmwarePerformancePei.lib(AutoGen.obj) (FirmwarePerformancePeiEntryPoint)
/home/neo/development/uefi/UDK-uefi-development-kit/MyWorkSpace/Build/MdeModule/DEBUG_GCC44/X64/MdePkg/Library/BaseMemoryLib/BaseMemoryLib/OUTPUT/BaseMemoryLib.lib(ZeroMemWrapper.obj)
                              /home/neo/development/uefi/UDK-uefi-development-kit/MyWorkSpace/Build/MdeModule/DEBUG_GCC44/X64/MdeModulePkg/Universal/Acpi/FirmwarePerformanceDataTablePei/FirmwarePerformancePei/OUTPUT/FirmwarePerformancePei.lib(FirmwarePerformancePei.obj) (ZeroMem)
/home/neo/development/uefi/UDK-uefi-development-kit/MyWorkSpace/Build/MdeModule/DEBUG_GCC44/X64/MdePkg/Library/BaseMemoryLib/BaseMemoryLib/OUTPUT/BaseMemoryLib.lib(MemLibGeneric.obj)
                              /home/neo/development/uefi/UDK-uefi-development-kit/MyWorkSpace/Build/MdeModule/DEBUG_GCC44/X64/MdePkg/Library/BaseMemoryLib/BaseMemoryLib/OUTPUT/BaseMemoryLib.lib(ZeroMemWrapper.obj) (InternalMemZeroMem)
/home/neo/development/uefi/UDK-uefi-development-kit/MyWorkSpace/Build/MdeModule/DEBUG_GCC44/X64/MdePkg/Library/BaseMemoryLib/BaseMemoryLib/OUTPUT/BaseMemoryLib.lib(SetMem.obj)
                              /home/neo/development/uefi/UDK-uefi-development-kit/MyWorkSpace/Build/MdeModule/DEBUG_GCC44/X64/MdePkg/Library/BaseMemoryLib/BaseMemoryLib/OUTPUT/BaseMemoryLib.lib(MemLibGeneric.obj) (InternalMemSetMem)
/home/neo/development/uefi/UDK-uefi-development-kit/MyWorkSpace/Build/MdeModule/DEBUG_GCC44/X64/MdePkg/Library/PeiHobLib/PeiHobLib/OUTPUT/PeiHobLib.lib(HobLib.obj)
                              /home/neo/development/uefi/UDK-uefi-development-kit/MyWorkSpace/Build/MdeModule/DEBUG_GCC44/X64/MdeModulePkg/Universal/Acpi/FirmwarePerformanceDataTablePei/FirmwarePerformancePei/OUTPUT/FirmwarePerformancePei.lib(FirmwarePerformancePei.obj) (BuildGuidDataHob)
/home/neo/development/uefi/UDK-uefi-development-kit/MyWorkSpace/Build/MdeModule/DEBUG_GCC44/X64/MdePkg/Library/BaseDebugLibNull/BaseDebugLibNull/OUTPUT/BaseDebugLibNull.lib(DebugLib.obj)
                              /home/neo/development/uefi/UDK-uefi-development-kit/MyWorkSpace/Build/MdeModule/DEBUG_GCC44/X64/MdeModulePkg/Universal/Acpi/FirmwarePerformanceDataTablePei/FirmwarePerformancePei/OUTPUT/FirmwarePerformancePei.lib(AutoGen.obj) (DebugPrint)
/home/neo/development/uefi/UDK-uefi-development-kit/MyWorkSpace/Build/MdeModule/DEBUG_GCC44/X64/MdePkg/Library/BaseLib/BaseLib/OUTPUT/BaseLib.lib(MultU64x32.obj)
                              /home/neo/development/uefi/UDK-uefi-development-kit/MyWorkSpace/Build/MdeModule/DEBUG_GCC44/X64/MdeModulePkg/Universal/Acpi/FirmwarePerformanceDataTablePei/FirmwarePerformancePei/OUTPUT/FirmwarePerformancePei.lib(FirmwarePerformancePei.obj) (MultU64x32)
/home/neo/development/uefi/UDK-uefi-development-kit/MyWorkSpace/Build/MdeModule/DEBUG_GCC44/X64/MdePkg/Library/BaseLib/BaseLib/OUTPUT/BaseLib.lib(DivU64x32.obj)
                              /home/neo/development/uefi/UDK-uefi-development-kit/MyWorkSpace/Build/MdeModule/DEBUG_GCC44/X64/MdeModulePkg/Universal/Acpi/FirmwarePerformanceDataTablePei/FirmwarePerformancePei/OUTPUT/FirmwarePerformancePei.lib(FirmwarePerformancePei.obj) (DivU64x32)
/home/neo/development/uefi/UDK-uefi-development-kit/MyWorkSpace/Build/MdeModule/DEBUG_GCC44/X64/MdePkg/Library/BaseLib/BaseLib/OUTPUT/BaseLib.lib(Math64.obj)
                              /home/neo/development/uefi/UDK-uefi-development-kit/MyWorkSpace/Build/MdeModule/DEBUG_GCC44/X64/MdePkg/Library/BaseLib/BaseLib/OUTPUT/BaseLib.lib(MultU64x32.obj) (InternalMathMultU64x32)
/home/neo/development/uefi/UDK-uefi-development-kit/MyWorkSpace/Build/MdeModule/DEBUG_GCC44/X64/MdePkg/Library/BaseLib/BaseLib/OUTPUT/BaseLib.lib(SwapBytes32.obj)
[...]
Memory Configuration

Name             Origin             Length             Attributes
*default*        0x0000000000000000 0xffffffffffffffff

Linker script and memory map

START GROUP
LOAD /home/neo/development/uefi/UDK-uefi-development-kit/MyWorkSpace/Build/MdeModule/DEBUG_GCC44/X64/MdePkg/Library/PeiMemoryAllocationLib/PeiMemoryAllocationLib/OUTPUT/PeiMemoryAllocationLib.lib
LOAD /home/neo/development/uefi/UDK-uefi-development-kit/MyWorkSpace/Build/MdeModule/DEBUG_GCC44/X64/MdePkg/Library/BasePcdLibNull/BasePcdLibNull/OUTPUT/BasePcdLibNull.lib
LOAD /home/neo/development/uefi/UDK-uefi-development-kit/MyWorkSpace/Build/MdeModule/DEBUG_GCC44/X64/MdePkg/Library/BaseMemoryLib/BaseMemoryLib/OUTPUT/BaseMemoryLib.lib
LOAD /home/neo/development/uefi/UDK-uefi-development-kit/MyWorkSpace/Build/MdeModule/DEBUG_GCC44/X64/MdePkg/Library/PeiHobLib/PeiHobLib/OUTPUT/PeiHobLib.lib
LOAD /home/neo/development/uefi/UDK-uefi-development-kit/MyWorkSpace/Build/MdeModule/DEBUG_GCC44/X64/MdePkg/Library/BaseDebugLibNull/BaseDebugLibNull/OUTPUT/BaseDebugLibNull.lib
LOAD /home/neo/development/uefi/UDK-uefi-development-kit/MyWorkSpace/Build/MdeModule/DEBUG_GCC44/X64/MdePkg/Library/BaseLib/BaseLib/OUTPUT/BaseLib.lib
LOAD /home/neo/development/uefi/UDK-uefi-development-kit/MyWorkSpace/Build/MdeModule/DEBUG_GCC44/X64/MdePkg/Library/PeiServicesLib/PeiServicesLib/OUTPUT/PeiServicesLib.lib
LOAD /home/neo/development/uefi/UDK-uefi-development-kit/MyWorkSpace/Build/MdeModule/DEBUG_GCC44/X64/MdePkg/Library/PeiServicesTablePointerLib/PeiServicesTablePointerLib/OUTPUT/PeiServicesTablePointerLib.lib
LOAD /home/neo/development/uefi/UDK-uefi-development-kit/MyWorkSpace/Build/MdeModule/DEBUG_GCC44/X64/MdePkg/Library/PeimEntryPoint/PeimEntryPoint/OUTPUT/PeimEntryPoint.lib
LOAD /home/neo/development/uefi/UDK-uefi-development-kit/MyWorkSpace/Build/MdeModule/DEBUG_GCC44/X64/MdePkg/Library/BaseTimerLibNullTemplate/BaseTimerLibNullTemplate/OUTPUT/BaseTimerLibNullTemplate.lib
LOAD /home/neo/development/uefi/UDK-uefi-development-kit/MyWorkSpace/Build/MdeModule/DEBUG_GCC44/X64/MdeModulePkg/Library/LockBoxNullLib/LockBoxNullLib/OUTPUT/LockBoxNullLib.lib
LOAD /home/neo/development/uefi/UDK-uefi-development-kit/MyWorkSpace/Build/MdeModule/DEBUG_GCC44/X64/MdeModulePkg/Universal/Acpi/FirmwarePerformanceDataTablePei/FirmwarePerformancePei/OUTPUT/FirmwarePerformancePei.lib
END GROUP
                0x0000000000000228                PECOFF_HEADER_SIZE = 0x228
                0x0000000000000228                . = PECOFF_HEADER_SIZE

.text           0x0000000000000240     0x1420
 *(.text .text.* .stub .gnu.linkonce.t.*)
 .text._ModuleEntryPoint
                0x0000000000000240       0x5d /home/neo/development/uefi/UDK-uefi-development-kit/MyWorkSpace/Build/MdeModule/DEBUG_GCC44/X64/MdePkg/Library/PeimEntryPoint/PeimEntryPoint/OUTPUT/PeimEntryPoint.lib(PeimEntryPoint.obj)
                0x0000000000000240                _ModuleEntryPoint
 .text.ProcessLibraryConstructorList
                0x000000000000029d       0x69 /home/neo/development/uefi/UDK-uefi-development-kit/MyWorkSpace/Build/MdeModule/DEBUG_GCC44/X64/MdeModulePkg/Universal/Acpi/FirmwarePerformanceDataTablePei/FirmwarePerformancePei/OUTPUT/FirmwarePerformancePei.lib(AutoGen.obj)
                0x000000000000029d                ProcessLibraryConstructorList
 .text.ProcessModuleEntryPointList
                0x0000000000000306        0x5 /home/neo/development/uefi/UDK-uefi-development-kit/MyWorkSpace/Build/MdeModule/DEBUG_GCC44/X64/MdeModulePkg/Universal/Acpi/FirmwarePerformanceDataTablePei/FirmwarePerformancePei/OUTPUT/FirmwarePerformancePei.lib(AutoGen.obj)
                0x0000000000000306                ProcessModuleEntryPointList
 .text.FpdtStatusCodeListenerPei
                0x000000000000030b      0x2c4 /home/neo/development/uefi/UDK-uefi-development-kit/MyWorkSpace/Build/MdeModule/DEBUG_GCC44/X64/MdeModulePkg/Universal/Acpi/FirmwarePerformanceDataTablePei/FirmwarePerformancePei/OUTPUT/FirmwarePerformancePei.lib(FirmwarePerformancePei.obj)
                0x000000000000030b                FpdtStatusCodeListenerPei
 .text.FirmwarePerformancePeiEntryPoint
                0x00000000000005cf      0x18c /home/neo/development/uefi/UDK-uefi-development-kit/MyWorkSpace/Build/MdeModule/DEBUG_GCC44/X64/MdeModulePkg/Universal/Acpi/FirmwarePerformanceDataTablePei/FirmwarePerformancePei/OUTPUT/FirmwarePerformancePei.lib(FirmwarePerformancePei.obj)
                0x00000000000005cf                FirmwarePerformancePeiEntryPoint
 .text.ZeroMem  0x000000000000075b       0x74 /home/neo/development/uefi/UDK-uefi-development-kit/MyWorkSpace/Build/MdeModule/DEBUG_GCC44/X64/MdePkg/Library/BaseMemoryLib/BaseMemoryLib/OUTPUT/BaseMemoryLib.lib(ZeroMemWrapper.obj)
                0x000000000000075b                ZeroMem
 .text.InternalMemZeroMem
                0x00000000000007cf        0x8 /home/neo/development/uefi/UDK-uefi-development-kit/MyWorkSpace/Build/MdeModule/DEBUG_GCC44/X64/MdePkg/Library/BaseMemoryLib/BaseMemoryLib/OUTPUT/BaseMemoryLib.lib(MemLibGeneric.obj)
                0x00000000000007cf                InternalMemZeroMem
 .text.InternalMemSetMem
                0x00000000000007d7       0x17 /home/neo/development/uefi/UDK-uefi-development-kit/MyWorkSpace/Build/MdeModule/DEBUG_GCC44/X64/MdePkg/Library/BaseMemoryLib/BaseMemoryLib/OUTPUT/BaseMemoryLib.lib(SetMem.obj)
                0x00000000000007d7                InternalMemSetMem
 .text.InternalPeiCreateHob
                0x00000000000007ee       0x55 /home/neo/development/uefi/UDK-uefi-development-kit/MyWorkSpace/Build/MdeModule/DEBUG_GCC44/X64/MdePkg/Library/PeiHobLib/PeiHobLib/OUTPUT/PeiHobLib.lib(HobLib.obj)
                0x00000000000007ee                InternalPeiCreateHob
 .text.BuildGuidHob
                0x0000000000000843       0x8d /home/neo/development/uefi/UDK-uefi-development-kit/MyWorkSpace/Build/MdeModule/DEBUG_GCC44/X64/MdePkg/Library/PeiHobLib/PeiHobLib/OUTPUT/PeiHobLib.lib(HobLib.obj)
                0x0000000000000843                BuildGuidHob
 .text.BuildGuidDataHob
                0x00000000000008d0       0x6a /home/neo/development/uefi/UDK-uefi-development-kit/MyWorkSpace/Build/MdeModule/DEBUG_GCC44/X64/MdePkg/Library/PeiHobLib/PeiHobLib/OUTPUT/PeiHobLib.lib(HobLib.obj)
                0x00000000000008d0                BuildGuidDataHob
 .text.DebugPrint
                0x000000000000093a        0xb /home/neo/development/uefi/UDK-uefi-development-kit/MyWorkSpace/Build/MdeModule/DEBUG_GCC44/X64/MdePkg/Library/BaseDebugLibNull/BaseDebugLibNull/OUTPUT/BaseDebugLibNull.lib(DebugLib.obj)
                0x000000000000093a                DebugPrint
 .text.DebugAssert
                0x0000000000000945        0x1 /home/neo/development/uefi/UDK-uefi-development-kit/MyWorkSpace/Build/MdeModule/DEBUG_GCC44/X64/MdePkg/Library/BaseDebugLibNull/BaseDebugLibNull/OUTPUT/BaseDebugLibNull.lib(DebugLib.obj)
                0x0000000000000945                DebugAssert
 .text.DebugAssertEnabled
                0x0000000000000946        0x3 /home/neo/development/uefi/UDK-uefi-development-kit/MyWorkSpace/Build/MdeModule/DEBUG_GCC44/X64/MdePkg/Library/BaseDebugLibNull/BaseDebugLibNull/OUTPUT/BaseDebugLibNull.lib(DebugLib.obj)
                0x0000000000000946                DebugAssertEnabled
 .text.DebugPrintEnabled
                0x0000000000000949        0x3 /home/neo/development/uefi/UDK-uefi-development-kit/MyWorkSpace/Build/MdeModule/DEBUG_GCC44/X64/MdePkg/Library/BaseDebugLibNull/BaseDebugLibNull/OUTPUT/BaseDebugLibNull.lib(DebugLib.obj)
                0x0000000000000949                DebugPrintEnabled
 .text.DebugPrintLevelEnabled
                0x000000000000094c        0x3 /home/neo/development/uefi/UDK-uefi-development-kit/MyWorkSpace/Build/MdeModule/DEBUG_GCC44/X64/MdePkg/Library/BaseDebugLibNull/BaseDebugLibNull/OUTPUT/BaseDebugLibNull.lib(DebugLib.obj)
                0x000000000000094c                DebugPrintLevelEnabled
 .text.MultU64x32
                0x000000000000094f        0x5 /home/neo/development/uefi/UDK-uefi-development-kit/MyWorkSpace/Build/MdeModule/DEBUG_GCC44/X64/MdePkg/Library/BaseLib/BaseLib/OUTPUT/BaseLib.lib(MultU64x32.obj)
                0x000000000000094f                MultU64x32
 .text.DivU64x32
                0x0000000000000954       0x40 /home/neo/development/uefi/UDK-uefi-development-kit/MyWorkSpace/Build/MdeModule/DEBUG_GCC44/X64/MdePkg/Library/BaseLib/BaseLib/OUTPUT/BaseLib.lib(DivU64x32.obj)
                0x0000000000000954                DivU64x32
 .text.InternalMathMultU64x32
                0x0000000000000994        0x7 /home/neo/development/uefi/UDK-uefi-development-kit/MyWorkSpace/Build/MdeModule/DEBUG_GCC44/X64/MdePkg/Library/BaseLib/BaseLib/OUTPUT/BaseLib.lib(Math64.obj)
                0x0000000000000994                InternalMathMultU64x32
 .text.InternalMathDivU64x32
                0x000000000000099b        0xc /home/neo/development/uefi/UDK-uefi-development-kit/MyWorkSpace/Build/MdeModule/DEBUG_GCC44/X64/MdePkg/Library/BaseLib/BaseLib/OUTPUT/BaseLib.lib(Math64.obj)
                0x000000000000099b                InternalMathDivU64x32
 .text.PeiServicesLocatePpi
                0x00000000000009a7       0x44 /home/neo/development/uefi/UDK-uefi-development-kit/MyWorkSpace/Build/MdeModule/DEBUG_GCC44/X64/MdePkg/Library/PeiServicesLib/PeiServicesLib/OUTPUT/PeiServicesLib.lib(PeiServicesLib.obj)
                0x00000000000009a7                PeiServicesLocatePpi
 .text.PeiServicesCreateHob
                0x00000000000009eb       0x36 /home/neo/development/uefi/UDK-uefi-development-kit/MyWorkSpace/Build/MdeModule/DEBUG_GCC44/X64/MdePkg/Library/PeiServicesLib/PeiServicesLib/OUTPUT/PeiServicesLib.lib(PeiServicesLib.obj)
                0x00000000000009eb                PeiServicesCreateHob
 .text.GetPeiServicesTablePointer
                0x0000000000000a21       0x3b /home/neo/development/uefi/UDK-uefi-development-kit/MyWorkSpace/Build/MdeModule/DEBUG_GCC44/X64/MdePkg/Library/PeiServicesTablePointerLib/PeiServicesTablePointerLib/OUTPUT/PeiServicesTablePointerLib.lib(PeiServicesTablePointer.obj)
                0x0000000000000a21                GetPeiServicesTablePointer
 .text.PeiServicesTablePointerLibConstructor
                0x0000000000000a5c        0xa /home/neo/development/uefi/UDK-uefi-development-kit/MyWorkSpace/Build/MdeModule/DEBUG_GCC44/X64/MdePkg/Library/PeiServicesTablePointerLib/PeiServicesTablePointerLib/OUTPUT/PeiServicesTablePointerLib.lib(PeiServicesTablePointer.obj)
                0x0000000000000a5c                PeiServicesTablePointerLibConstructor
 .text.GetPerformanceCounter
                0x0000000000000a66       0x2c /home/neo/development/uefi/UDK-uefi-development-kit/MyWorkSpace/Build/MdeModule/DEBUG_GCC44/X64/MdePkg/Library/BaseTimerLibNullTemplate/BaseTimerLibNullTemplate/OUTPUT/BaseTimerLibNullTemplate.lib(TimerLibNull.obj)
                0x0000000000000a66                GetPerformanceCounter
 .text.GetTimeInNanoSecond
                0x0000000000000a92       0x2c /home/neo/development/uefi/UDK-uefi-development-kit/MyWorkSpace/Build/MdeModule/DEBUG_GCC44/X64/MdePkg/Library/BaseTimerLibNullTemplate/BaseTimerLibNullTemplate/OUTPUT/BaseTimerLibNullTemplate.lib(TimerLibNull.obj)
                0x0000000000000a92                GetTimeInNanoSecond
 .text.RestoreLockBox
                0x0000000000000abe        0x3 /home/neo/development/uefi/UDK-uefi-development-kit/MyWorkSpace/Build/MdeModule/DEBUG_GCC44/X64/MdeModulePkg/Library/LockBoxNullLib/LockBoxNullLib/OUTPUT/LockBoxNullLib.lib(LockBoxNullLib.obj)
                0x0000000000000abe                RestoreLockBox
 .text.CopyMem  0x0000000000000ac1       0x9e /home/neo/development/uefi/UDK-uefi-development-kit/MyWorkSpace/Build/MdeModule/DEBUG_GCC44/X64/MdePkg/Library/BaseMemoryLib/BaseMemoryLib/OUTPUT/BaseMemoryLib.lib(CopyMemWrapper.obj)
                0x0000000000000ac1                CopyMem
 .text.CopyGuid
                0x0000000000000b5f       0x3e /home/neo/development/uefi/UDK-uefi-development-kit/MyWorkSpace/Build/MdeModule/DEBUG_GCC44/X64/MdePkg/Library/BaseMemoryLib/BaseMemoryLib/OUTPUT/BaseMemoryLib.lib(MemLibGuid.obj)
                0x0000000000000b5f                CopyGuid
 .text.InternalMemCopyMem
                0x0000000000000b9d       0x3a /home/neo/development/uefi/UDK-uefi-development-kit/MyWorkSpace/Build/MdeModule/DEBUG_GCC44/X64/MdePkg/Library/BaseMemoryLib/BaseMemoryLib/OUTPUT/BaseMemoryLib.lib(CopyMem.obj)
                0x0000000000000b9d                InternalMemCopyMem
 .text.ReadUnaligned64
                0x0000000000000bd7       0x37 /home/neo/development/uefi/UDK-uefi-development-kit/MyWorkSpace/Build/MdeModule/DEBUG_GCC44/X64/MdePkg/Library/BaseLib/BaseLib/OUTPUT/BaseLib.lib(Unaligned.obj)
                0x0000000000000bd7                ReadUnaligned64
 .text.WriteUnaligned64
                0x0000000000000c0e       0x3f /home/neo/development/uefi/UDK-uefi-development-kit/MyWorkSpace/Build/MdeModule/DEBUG_GCC44/X64/MdePkg/Library/BaseLib/BaseLib/OUTPUT/BaseLib.lib(Unaligned.obj)
                0x0000000000000c0e                WriteUnaligned64
 *(.rodata .rodata.* .gnu.linkonce.r.*)
 .rodata.str1.1
                0x0000000000000c4d       0x9e /home/neo/development/uefi/UDK-uefi-development-kit/MyWorkSpace/Build/MdeModule/DEBUG_GCC44/X64/MdePkg/Library/PeimEntryPoint/PeimEntryPoint/OUTPUT/PeimEntryPoint.lib(PeimEntryPoint.obj)
 .rodata.str1.1
                0x0000000000000ceb      0x10f /home/neo/development/uefi/UDK-uefi-development-kit/MyWorkSpace/Build/MdeModule/DEBUG_GCC44/X64/MdeModulePkg/Universal/Acpi/FirmwarePerformanceDataTablePei/FirmwarePerformancePei/OUTPUT/FirmwarePerformancePei.lib(AutoGen.obj)
 *fill*         0x0000000000000dfa        0x2 
 .rodata._gPeimRevision
                0x0000000000000dfc        0x4 /home/neo/development/uefi/UDK-uefi-development-kit/MyWorkSpace/Build/MdeModule/DEBUG_GCC44/X64/MdeModulePkg/Universal/Acpi/FirmwarePerformanceDataTablePei/FirmwarePerformancePei/OUTPUT/FirmwarePerformancePei.lib(AutoGen.obj)
                0x0000000000000dfc                _gPeimRevision
 .rodata._gPcd_FixedAtBuild_PcdFirmwarePerformanceDataTableS3Support
                0x0000000000000e00        0x1 /home/neo/development/uefi/UDK-uefi-development-kit/MyWorkSpace/Build/MdeModule/DEBUG_GCC44/X64/MdeModulePkg/Universal/Acpi/FirmwarePerformanceDataTablePei/FirmwarePerformancePei/OUTPUT/FirmwarePerformancePei.lib(AutoGen.obj)
                0x0000000000000e00                _gPcd_FixedAtBuild_PcdFirmwarePerformanceDataTableS3Support
 .rodata.str1.1
                0x0000000000000e01      0x258 /home/neo/development/uefi/UDK-uefi-development-kit/MyWorkSpace/Build/MdeModule/DEBUG_GCC44/X64/MdeModulePkg/Universal/Acpi/FirmwarePerformanceDataTablePei/FirmwarePerformancePei/OUTPUT/FirmwarePerformancePei.lib(FirmwarePerformancePei.obj)
                                        0x28d (size before relaxing)
 .rodata.str1.1
                0x0000000000001059       0xcc /home/neo/development/uefi/UDK-uefi-development-kit/MyWorkSpace/Build/MdeModule/DEBUG_GCC44/X64/MdePkg/Library/BaseMemoryLib/BaseMemoryLib/OUTPUT/BaseMemoryLib.lib(ZeroMemWrapper.obj)
 .rodata.str1.1
                0x0000000000001125      0x1c5 /home/neo/development/uefi/UDK-uefi-development-kit/MyWorkSpace/Build/MdeModule/DEBUG_GCC44/X64/MdePkg/Library/PeiHobLib/PeiHobLib/OUTPUT/PeiHobLib.lib(HobLib.obj)
                                        0x1fa (size before relaxing)
 .rodata.str1.1
                0x00000000000012ea       0x70 /home/neo/development/uefi/UDK-uefi-development-kit/MyWorkSpace/Build/MdeModule/DEBUG_GCC44/X64/MdePkg/Library/BaseLib/BaseLib/OUTPUT/BaseLib.lib(DivU64x32.obj)
 .rodata.str1.1
                0x000000000000135a       0xc9 /home/neo/development/uefi/UDK-uefi-development-kit/MyWorkSpace/Build/MdeModule/DEBUG_GCC44/X64/MdePkg/Library/PeiServicesTablePointerLib/PeiServicesTablePointerLib/OUTPUT/PeiServicesTablePointerLib.lib(PeiServicesTablePointer.obj)
 .rodata.str1.1
                0x0000000000001423       0x89 /home/neo/development/uefi/UDK-uefi-development-kit/MyWorkSpace/Build/MdeModule/DEBUG_GCC44/X64/MdePkg/Library/BaseTimerLibNullTemplate/BaseTimerLibNullTemplate/OUTPUT/BaseTimerLibNullTemplate.lib(TimerLibNull.obj)
 .rodata.str1.1
                0x00000000000014ac       0xef /home/neo/development/uefi/UDK-uefi-development-kit/MyWorkSpace/Build/MdeModule/DEBUG_GCC44/X64/MdePkg/Library/BaseMemoryLib/BaseMemoryLib/OUTPUT/BaseMemoryLib.lib(CopyMemWrapper.obj)
 .rodata.str1.1
                0x000000000000159b       0x7a /home/neo/development/uefi/UDK-uefi-development-kit/MyWorkSpace/Build/MdeModule/DEBUG_GCC44/X64/MdePkg/Library/BaseLib/BaseLib/OUTPUT/BaseLib.lib(Unaligned.obj)
 *(.got .got.*)
 *:AutoGen.obj(.data .data.* .bss .bss.*)
 *fill*         0x0000000000001615        0xb 
 .data.gPeiSecPerformancePpiGuid
                0x0000000000001620       0x10 /home/neo/development/uefi/UDK-uefi-development-kit/MyWorkSpace/Build/MdeModule/DEBUG_GCC44/X64/MdeModulePkg/Universal/Acpi/FirmwarePerformanceDataTablePei/FirmwarePerformancePei/OUTPUT/FirmwarePerformancePei.lib(AutoGen.obj)
                0x0000000000001620                gPeiSecPerformancePpiGuid
 .data.gEfiPeiRscHandlerPpiGuid
                0x0000000000001630       0x10 /home/neo/development/uefi/UDK-uefi-development-kit/MyWorkSpace/Build/MdeModule/DEBUG_GCC44/X64/MdeModulePkg/Universal/Acpi/FirmwarePerformanceDataTablePei/FirmwarePerformancePei/OUTPUT/FirmwarePerformancePei.lib(AutoGen.obj)
                0x0000000000001630                gEfiPeiRscHandlerPpiGuid
 .data.gFirmwarePerformanceS3PointerGuid
                0x0000000000001640       0x10 /home/neo/development/uefi/UDK-uefi-development-kit/MyWorkSpace/Build/MdeModule/DEBUG_GCC44/X64/MdeModulePkg/Universal/Acpi/FirmwarePerformanceDataTablePei/FirmwarePerformancePei/OUTPUT/FirmwarePerformancePei.lib(AutoGen.obj)
                0x0000000000001640                gFirmwarePerformanceS3PointerGuid
 .data.gEfiFirmwarePerformanceGuid
                0x0000000000001650       0x10 /home/neo/development/uefi/UDK-uefi-development-kit/MyWorkSpace/Build/MdeModule/DEBUG_GCC44/X64/MdeModulePkg/Universal/Acpi/FirmwarePerformanceDataTablePei/FirmwarePerformancePei/OUTPUT/FirmwarePerformancePei.lib(AutoGen.obj)
                0x0000000000001650                gEfiFirmwarePerformanceGuid

.iplt           0x0000000000001660        0x0
 .iplt          0x0000000000001660        0x0 /home/neo/development/uefi/UDK-uefi-development-kit/MyWorkSpace/Build/MdeModule/DEBUG_GCC44/X64/MdePkg/Library/PeimEntryPoint/PeimEntryPoint/OUTPUT/PeimEntryPoint.lib(PeimEntryPoint.obj)

.data           0x0000000000001660        0x8
 *(.data .data.* .gnu.linkonce.d.*)
 *(.bss .bss.*)
 .bss.gPeiServices
                0x0000000000001660        0x8 /home/neo/development/uefi/UDK-uefi-development-kit/MyWorkSpace/Build/MdeModule/DEBUG_GCC44/X64/MdePkg/Library/PeiServicesTablePointerLib/PeiServicesTablePointerLib/OUTPUT/PeiServicesTablePointerLib.lib(PeiServicesTablePointer.obj)
                0x0000000000001660                gPeiServices

.igot.plt       0x0000000000001668        0x0
 .igot.plt      0x0000000000001668        0x0 /home/neo/development/uefi/UDK-uefi-development-kit/MyWorkSpace/Build/MdeModule/DEBUG_GCC44/X64/MdePkg/Library/PeimEntryPoint/PeimEntryPoint/OUTPUT/PeimEntryPoint.lib(PeimEntryPoint.obj)

.eh_frame
 *(.eh_frame)

.rela           0x0000000000001680        0x0
 *(.rela .rela.*)
 .rela.iplt     0x0000000000001680        0x0 /home/neo/development/uefi/UDK-uefi-development-kit/MyWorkSpace/Build/MdeModule/DEBUG_GCC44/X64/MdePkg/Library/PeimEntryPoint/PeimEntryPoint/OUTPUT/PeimEntryPoint.lib(PeimEntryPoint.obj)
 .rela.text._ModuleEntryPoint
                0x0000000000001680        0x0 /home/neo/development/uefi/UDK-uefi-development-kit/MyWorkSpace/Build/MdeModule/DEBUG_GCC44/X64/MdePkg/Library/PeimEntryPoint/PeimEntryPoint/OUTPUT/PeimEntryPoint.lib(PeimEntryPoint.obj)
 .rela.text.ProcessLibraryConstructorList
                0x0000000000001680        0x0 /home/neo/development/uefi/UDK-uefi-development-kit/MyWorkSpace/Build/MdeModule/DEBUG_GCC44/X64/MdePkg/Library/PeimEntryPoint/PeimEntryPoint/OUTPUT/PeimEntryPoint.lib(PeimEntryPoint.obj)
 .rela.text.ProcessModuleEntryPointList
                0x0000000000001680        0x0 /home/neo/development/uefi/UDK-uefi-development-kit/MyWorkSpace/Build/MdeModule/DEBUG_GCC44/X64/MdePkg/Library/PeimEntryPoint/PeimEntryPoint/OUTPUT/PeimEntryPoint.lib(PeimEntryPoint.obj)
 .rela.text.FpdtStatusCodeListenerPei
                0x0000000000001680        0x0 /home/neo/development/uefi/UDK-uefi-development-kit/MyWorkSpace/Build/MdeModule/DEBUG_GCC44/X64/MdePkg/Library/PeimEntryPoint/PeimEntryPoint/OUTPUT/PeimEntryPoint.lib(PeimEntryPoint.obj)
 .rela.text.FirmwarePerformancePeiEntryPoint
                0x0000000000001680        0x0 /home/neo/development/uefi/UDK-uefi-development-kit/MyWorkSpace/Build/MdeModule/DEBUG_GCC44/X64/MdePkg/Library/PeimEntryPoint/PeimEntryPoint/OUTPUT/PeimEntryPoint.lib(PeimEntryPoint.obj)
 .rela.text.ZeroMem
                0x0000000000001680        0x0 /home/neo/development/uefi/UDK-uefi-development-kit/MyWorkSpace/Build/MdeModule/DEBUG_GCC44/X64/MdePkg/Library/PeimEntryPoint/PeimEntryPoint/OUTPUT/PeimEntryPoint.lib(PeimEntryPoint.obj)
 .rela.text.InternalMemZeroMem
                0x0000000000001680        0x0 /home/neo/development/uefi/UDK-uefi-development-kit/MyWorkSpace/Build/MdeModule/DEBUG_GCC44/X64/MdePkg/Library/PeimEntryPoint/PeimEntryPoint/OUTPUT/PeimEntryPoint.lib(PeimEntryPoint.obj)
 .rela.text.GetHobList
                0x0000000000001680        0x0 /home/neo/development/uefi/UDK-uefi-development-kit/MyWorkSpace/Build/MdeModule/DEBUG_GCC44/X64/MdePkg/Library/PeimEntryPoint/PeimEntryPoint/OUTPUT/PeimEntryPoint.lib(PeimEntryPoint.obj)
 .rela.text.GetNextHob
                0x0000000000001680        0x0 /home/neo/development/uefi/UDK-uefi-development-kit/MyWorkSpace/Build/MdeModule/DEBUG_GCC44/X64/MdePkg/Library/PeimEntryPoint/PeimEntryPoint/OUTPUT/PeimEntryPoint.lib(PeimEntryPoint.obj)
 .rela.text.GetNextGuidHob
                0x0000000000001680        0x0 /home/neo/development/uefi/UDK-uefi-development-kit/MyWorkSpace/Build/MdeModule/DEBUG_GCC44/X64/MdePkg/Library/PeimEntryPoint/PeimEntryPoint/OUTPUT/PeimEntryPoint.lib(PeimEntryPoint.obj)
 .rela.text.GetBootModeHob
                0x0000000000001680        0x0 /home/neo/development/uefi/UDK-uefi-development-kit/MyWorkSpace/Build/MdeModule/DEBUG_GCC44/X64/MdePkg/Library/PeimEntryPoint/PeimEntryPoint/OUTPUT/PeimEntryPoint.lib(PeimEntryPoint.obj)
 .rela.text.InternalPeiCreateHob
                0x0000000000001680        0x0 /home/neo/development/uefi/UDK-uefi-development-kit/MyWorkSpace/Build/MdeModule/DEBUG_GCC44/X64/MdePkg/Library/PeimEntryPoint/PeimEntryPoint/OUTPUT/PeimEntryPoint.lib(PeimEntryPoint.obj)
 .rela.text.BuildModuleHob
                0x0000000000001680        0x0 /home/neo/development/uefi/UDK-uefi-development-kit/MyWorkSpace/Build/MdeModule/DEBUG_GCC44/X64/MdePkg/Library/PeimEntryPoint/PeimEntryPoint/OUTPUT/PeimEntryPoint.lib(PeimEntryPoint.obj)
 .rela.text.BuildResourceDescriptorWithOwnerHob
                0x0000000000001680        0x0 /home/neo/development/uefi/UDK-uefi-development-kit/MyWorkSpace/Build/MdeModule/DEBUG_GCC44/X64/MdePkg/Library/PeimEntryPoint/PeimEntryPoint/OUTPUT/PeimEntryPoint.lib(PeimEntryPoint.obj)
 .rela.text.BuildGuidHob
                0x0000000000001680        0x0 /home/neo/development/uefi/UDK-uefi-development-kit/MyWorkSpace/Build/MdeModule/DEBUG_GCC44/X64/MdePkg/Library/PeimEntryPoint/PeimEntryPoint/OUTPUT/PeimEntryPoint.lib(PeimEntryPoint.obj)
 .rela.text.BuildGuidDataHob
                0x0000000000001680        0x0 /home/neo/development/uefi/UDK-uefi-development-kit/MyWorkSpace/Build/MdeModule/DEBUG_GCC44/X64/MdePkg/Library/PeimEntryPoint/PeimEntryPoint/OUTPUT/PeimEntryPoint.lib(PeimEntryPoint.obj)
 .rela.text.BuildFv2Hob
                0x0000000000001680        0x0 /home/neo/development/uefi/UDK-uefi-development-kit/MyWorkSpace/Build/MdeModule/DEBUG_GCC44/X64/MdePkg/Library/PeimEntryPoint/PeimEntryPoint/OUTPUT/PeimEntryPoint.lib(PeimEntryPoint.obj)
 .rela.text.BuildStackHob
                0x0000000000001680        0x0 /home/neo/development/uefi/UDK-uefi-development-kit/MyWorkSpace/Build/MdeModule/DEBUG_GCC44/X64/MdePkg/Library/PeimEntryPoint/PeimEntryPoint/OUTPUT/PeimEntryPoint.lib(PeimEntryPoint.obj)
 .rela.text.BuildBspStoreHob
                0x0000000000001680        0x0 /home/neo/development/uefi/UDK-uefi-development-kit/MyWorkSpace/Build/MdeModule/DEBUG_GCC44/X64/MdePkg/Library/PeimEntryPoint/PeimEntryPoint/OUTPUT/PeimEntryPoint.lib(PeimEntryPoint.obj)
 .rela.text.BuildMemoryAllocationHob
                0x0000000000001680        0x0 /home/neo/development/uefi/UDK-uefi-development-kit/MyWorkSpace/Build/MdeModule/DEBUG_GCC44/X64/MdePkg/Library/PeimEntryPoint/PeimEntryPoint/OUTPUT/PeimEntryPoint.lib(PeimEntryPoint.obj)
 .rela.text.MultU64x32
                0x0000000000001680        0x0 /home/neo/development/uefi/UDK-uefi-development-kit/MyWorkSpace/Build/MdeModule/DEBUG_GCC44/X64/MdePkg/Library/PeimEntryPoint/PeimEntryPoint/OUTPUT/PeimEntryPoint.lib(PeimEntryPoint.obj)
 .rela.text.DivU64x32
                0x0000000000001680        0x0 /home/neo/development/uefi/UDK-uefi-development-kit/MyWorkSpace/Build/MdeModule/DEBUG_GCC44/X64/MdePkg/Library/PeimEntryPoint/PeimEntryPoint/OUTPUT/PeimEntryPoint.lib(PeimEntryPoint.obj)
 .rela.text.InternalMathSwapBytes64
                0x0000000000001680        0x0 /home/neo/development/uefi/UDK-uefi-development-kit/MyWorkSpace/Build/MdeModule/DEBUG_GCC44/X64/MdePkg/Library/PeimEntryPoint/PeimEntryPoint/OUTPUT/PeimEntryPoint.lib(PeimEntryPoint.obj)
 .rela.text.SwapBytes32
                0x0000000000001680        0x0 /home/neo/development/uefi/UDK-uefi-development-kit/MyWorkSpace/Build/MdeModule/DEBUG_GCC44/X64/MdePkg/Library/PeimEntryPoint/PeimEntryPoint/OUTPUT/PeimEntryPoint.lib(PeimEntryPoint.obj)
 .rela.text.PeiServicesInstallPpi
                0x0000000000001680        0x0 /home/neo/development/uefi/UDK-uefi-development-kit/MyWorkSpace/Build/MdeModule/DEBUG_GCC44/X64/MdePkg/Library/PeimEntryPoint/PeimEntryPoint/OUTPUT/PeimEntryPoint.lib(PeimEntryPoint.obj)
 .rela.text.PeiServicesReInstallPpi
                0x0000000000001680        0x0 /home/neo/development/uefi/UDK-uefi-development-kit/MyWorkSpace/Build/MdeModule/DEBUG_GCC44/X64/MdePkg/Library/PeimEntryPoint/PeimEntryPoint/OUTPUT/PeimEntryPoint.lib(PeimEntryPoint.obj)
 .rela.text.PeiServicesLocatePpi
                0x0000000000001680        0x0 /home/neo/development/uefi/UDK-uefi-development-kit/MyWorkSpace/Build/MdeModule/DEBUG_GCC44/X64/MdePkg/Library/PeimEntryPoint/PeimEntryPoint/OUTPUT/PeimEntryPoint.lib(PeimEntryPoint.obj)
 .rela.text.PeiServicesNotifyPpi
                0x0000000000001680        0x0 /home/neo/development/uefi/UDK-uefi-development-kit/MyWorkSpace/Build/MdeModule/DEBUG_GCC44/X64/MdePkg/Library/PeimEntryPoint/PeimEntryPoint/OUTPUT/PeimEntryPoint.lib(PeimEntryPoint.obj)
 .rela.text.PeiServicesGetBootMode
                0x0000000000001680        0x0 /home/neo/development/uefi/UDK-uefi-development-kit/MyWorkSpace/Build/MdeModule/DEBUG_GCC44/X64/MdePkg/Library/PeimEntryPoint/PeimEntryPoint/OUTPUT/PeimEntryPoint.lib(PeimEntryPoint.obj)
 .rela.text.PeiServicesSetBootMode
                0x0000000000001680        0x0 /home/neo/development/uefi/UDK-uefi-development-kit/MyWorkSpace/Build/MdeModule/DEBUG_GCC44/X64/MdePkg/Library/PeimEntryPoint/PeimEntryPoint/OUTPUT/PeimEntryPoint.lib(PeimEntryPoint.obj)
 .rela.text.PeiServicesGetHobList
                0x0000000000001680        0x0 /home/neo/development/uefi/UDK-uefi-development-kit/MyWorkSpace/Build/MdeModule/DEBUG_GCC44/X64/MdePkg/Library/PeimEntryPoint/PeimEntryPoint/OUTPUT/PeimEntryPoint.lib(PeimEntryPoint.obj)
 .rela.text.PeiServicesCreateHob
                0x0000000000001680        0x0 /home/neo/development/uefi/UDK-uefi-development-kit/MyWorkSpace/Build/MdeModule/DEBUG_GCC44/X64/MdePkg/Library/PeimEntryPoint/PeimEntryPoint/OUTPUT/PeimEntryPoint.lib(PeimEntryPoint.obj)
 .rela.text.PeiServicesFfsFindNextVolume
                0x0000000000001680        0x0 /home/neo/development/uefi/UDK-uefi-development-kit/MyWorkSpace/Build/MdeModule/DEBUG_GCC44/X64/MdePkg/Library/PeimEntryPoint/PeimEntryPoint/OUTPUT/PeimEntryPoint.lib(PeimEntryPoint.obj)
 .rela.text.PeiServicesFfsFindNextFile
                0x0000000000001680        0x0 /home/neo/development/uefi/UDK-uefi-development-kit/MyWorkSpace/Build/MdeModule/DEBUG_GCC44/X64/MdePkg/Library/PeimEntryPoint/PeimEntryPoint/OUTPUT/PeimEntryPoint.lib(PeimEntryPoint.obj)
 .rela.text.PeiServicesFfsFindSectionData
                0x0000000000001680        0x0 /home/neo/development/uefi/UDK-uefi-development-kit/MyWorkSpace/Build/MdeModule/DEBUG_GCC44/X64/MdePkg/Library/PeimEntryPoint/PeimEntryPoint/OUTPUT/PeimEntryPoint.lib(PeimEntryPoint.obj)
 .rela.text.PeiServicesFfsFindSectionData3
                0x0000000000001680        0x0 /home/neo/development/uefi/UDK-uefi-development-kit/MyWorkSpace/Build/MdeModule/DEBUG_GCC44/X64/MdePkg/Library/PeimEntryPoint/PeimEntryPoint/OUTPUT/PeimEntryPoint.lib(PeimEntryPoint.obj)
 .rela.text.PeiServicesInstallPeiMemory
                0x0000000000001680        0x0 /home/neo/development/uefi/UDK-uefi-development-kit/MyWorkSpace/Build/MdeModule/DEBUG_GCC44/X64/MdePkg/Library/PeimEntryPoint/PeimEntryPoint/OUTPUT/PeimEntryPoint.lib(PeimEntryPoint.obj)
 .rela.text.PeiServicesAllocatePages
                0x0000000000001680        0x0 /home/neo/development/uefi/UDK-uefi-development-kit/MyWorkSpace/Build/MdeModule/DEBUG_GCC44/X64/MdePkg/Library/PeimEntryPoint/PeimEntryPoint/OUTPUT/PeimEntryPoint.lib(PeimEntryPoint.obj)
 .rela.text.PeiServicesAllocatePool
                0x0000000000001680        0x0 /home/neo/development/uefi/UDK-uefi-development-kit/MyWorkSpace/Build/MdeModule/DEBUG_GCC44/X64/MdePkg/Library/PeimEntryPoint/PeimEntryPoint/OUTPUT/PeimEntryPoint.lib(PeimEntryPoint.obj)
 .rela.text.PeiServicesResetSystem
                0x0000000000001680        0x0 /home/neo/development/uefi/UDK-uefi-development-kit/MyWorkSpace/Build/MdeModule/DEBUG_GCC44/X64/MdePkg/Library/PeimEntryPoint/PeimEntryPoint/OUTPUT/PeimEntryPoint.lib(PeimEntryPoint.obj)
 .rela.text.PeiServicesRegisterForShadow
                0x0000000000001680        0x0 /home/neo/development/uefi/UDK-uefi-development-kit/MyWorkSpace/Build/MdeModule/DEBUG_GCC44/X64/MdePkg/Library/PeimEntryPoint/PeimEntryPoint/OUTPUT/PeimEntryPoint.lib(PeimEntryPoint.obj)
 .rela.text.PeiServicesFfsGetFileInfo
                0x0000000000001680        0x0 /home/neo/development/uefi/UDK-uefi-development-kit/MyWorkSpace/Build/MdeModule/DEBUG_GCC44/X64/MdePkg/Library/PeimEntryPoint/PeimEntryPoint/OUTPUT/PeimEntryPoint.lib(PeimEntryPoint.obj)
 .rela.text.PeiServicesFfsGetFileInfo2
                0x0000000000001680        0x0 /home/neo/development/uefi/UDK-uefi-development-kit/MyWorkSpace/Build/MdeModule/DEBUG_GCC44/X64/MdePkg/Library/PeimEntryPoint/PeimEntryPoint/OUTPUT/PeimEntryPoint.lib(PeimEntryPoint.obj)
 .rela.text.PeiServicesFfsFindFileByName
                0x0000000000001680        0x0 /home/neo/development/uefi/UDK-uefi-development-kit/MyWorkSpace/Build/MdeModule/DEBUG_GCC44/X64/MdePkg/Library/PeimEntryPoint/PeimEntryPoint/OUTPUT/PeimEntryPoint.lib(PeimEntryPoint.obj)
 .rela.text.PeiServicesFfsGetVolumeInfo
                0x0000000000001680        0x0 /home/neo/development/uefi/UDK-uefi-development-kit/MyWorkSpace/Build/MdeModule/DEBUG_GCC44/X64/MdePkg/Library/PeimEntryPoint/PeimEntryPoint/OUTPUT/PeimEntryPoint.lib(PeimEntryPoint.obj)
 .rela.text.InternalPeiServicesInstallFvInfoPpi
                0x0000000000001680        0x0 /home/neo/development/uefi/UDK-uefi-development-kit/MyWorkSpace/Build/MdeModule/DEBUG_GCC44/X64/MdePkg/Library/PeimEntryPoint/PeimEntryPoint/OUTPUT/PeimEntryPoint.lib(PeimEntryPoint.obj)
 .rela.text.InternalAllocateCopyPool
                0x0000000000001680        0x0 /home/neo/development/uefi/UDK-uefi-development-kit/MyWorkSpace/Build/MdeModule/DEBUG_GCC44/X64/MdePkg/Library/PeimEntryPoint/PeimEntryPoint/OUTPUT/PeimEntryPoint.lib(PeimEntryPoint.obj)
 .rela.text.AllocateCopyPool
                0x0000000000001680        0x0 /home/neo/development/uefi/UDK-uefi-development-kit/MyWorkSpace/Build/MdeModule/DEBUG_GCC44/X64/MdePkg/Library/PeimEntryPoint/PeimEntryPoint/OUTPUT/PeimEntryPoint.lib(PeimEntryPoint.obj)
 .rela.text.InternalReallocatePool
                0x0000000000001680        0x0 /home/neo/development/uefi/UDK-uefi-development-kit/MyWorkSpace/Build/MdeModule/DEBUG_GCC44/X64/MdePkg/Library/PeimEntryPoint/PeimEntryPoint/OUTPUT/PeimEntryPoint.lib(PeimEntryPoint.obj)
 .rela.text.CopyMem
                0x0000000000001680        0x0 /home/neo/development/uefi/UDK-uefi-development-kit/MyWorkSpace/Build/MdeModule/DEBUG_GCC44/X64/MdePkg/Library/PeimEntryPoint/PeimEntryPoint/OUTPUT/PeimEntryPoint.lib(PeimEntryPoint.obj)
 .rela.text.CopyGuid
                0x0000000000001680        0x0 /home/neo/development/uefi/UDK-uefi-development-kit/MyWorkSpace/Build/MdeModule/DEBUG_GCC44/X64/MdePkg/Library/PeimEntryPoint/PeimEntryPoint/OUTPUT/PeimEntryPoint.lib(PeimEntryPoint.obj)
 .rela.text.CompareGuid
                0x0000000000001680        0x0 /home/neo/development/uefi/UDK-uefi-development-kit/MyWorkSpace/Build/MdeModule/DEBUG_GCC44/X64/MdePkg/Library/PeimEntryPoint/PeimEntryPoint/OUTPUT/PeimEntryPoint.lib(PeimEntryPoint.obj)
 .rela.text.WriteUnaligned24
                0x0000000000001680        0x0 /home/neo/development/uefi/UDK-uefi-development-kit/MyWorkSpace/Build/MdeModule/DEBUG_GCC44/X64/MdePkg/Library/PeimEntryPoint/PeimEntryPoint/OUTPUT/PeimEntryPoint.lib(PeimEntryPoint.obj)
 .rela.text.BitFieldRead64
                0x0000000000001680        0x0 /home/neo/development/uefi/UDK-uefi-development-kit/MyWorkSpace/Build/MdeModule/DEBUG_GCC44/X64/MdePkg/Library/PeimEntryPoint/PeimEntryPoint/OUTPUT/PeimEntryPoint.lib(PeimEntryPoint.obj)
 .rela.text.BitFieldOr64
                0x0000000000001680        0x0 /home/neo/development/uefi/UDK-uefi-development-kit/MyWorkSpace/Build/MdeModule/DEBUG_GCC44/X64/MdePkg/Library/PeimEntryPoint/PeimEntryPoint/OUTPUT/PeimEntryPoint.lib(PeimEntryPoint.obj)
 .rela.text.BitFieldAnd64
                0x0000000000001680        0x0 /home/neo/development/uefi/UDK-uefi-development-kit/MyWorkSpace/Build/MdeModule/DEBUG_GCC44/X64/MdePkg/Library/PeimEntryPoint/PeimEntryPoint/OUTPUT/PeimEntryPoint.lib(PeimEntryPoint.obj)

.hii
 *(.hii)

/DISCARD/
 *(.note.GNU-stack)
 *(.gnu_debuglink)
 *(.interp)
 *(.dynsym)
 *(.dynstr)
 *(.dynamic)
 *(.hash)
 *(.comment)
 *(COMMON)
OUTPUT(/home/neo/development/uefi/UDK-uefi-development-kit/MyWorkSpace/Build/MdeModule/DEBUG_GCC44/X64/MdeModulePkg/Universal/Acpi/FirmwarePerformanceDataTablePei/FirmwarePerformancePei/DEBUG/FirmwarePerformancePei.dll elf64-x86-64)

.debug_info     0x0000000000000000     0xa30e
 .debug_info    0x0000000000000000     0x109a /home/neo/development/uefi/UDK-uefi-development-kit/MyWorkSpace/Build/MdeModule/DEBUG_GCC44/X64/MdePkg/Library/PeimEntryPoint/PeimEntryPoint/OUTPUT/PeimEntryPoint.lib(PeimEntryPoint.obj)
 .debug_info    0x000000000000109a     0x1360 /home/neo/development/uefi/UDK-uefi-development-kit/MyWorkSpace/Build/MdeModule/DEBUG_GCC44/X64/MdeModulePkg/Universal/Acpi/FirmwarePerformanceDataTablePei/FirmwarePerformancePei/OUTPUT/FirmwarePerformancePei.lib(AutoGen.obj)
 .debug_info    0x00000000000023fa     0x1aa3 /home/neo/development/uefi/UDK-uefi-development-kit/MyWorkSpace/Build/MdeModule/DEBUG_GCC44/X64/MdeModulePkg/Universal/Acpi/FirmwarePerformanceDataTablePei/FirmwarePerformancePei/OUTPUT/FirmwarePerformancePei.lib(FirmwarePerformancePei.obj)
 .debug_info    0x0000000000003e9d      0x18a /home/neo/development/uefi/UDK-uefi-development-kit/MyWorkSpace/Build/MdeModule/DEBUG_GCC44/X64/MdePkg/Library/BaseMemoryLib/BaseMemoryLib/OUTPUT/BaseMemoryLib.lib(ZeroMemWrapper.obj)
 .debug_info    0x0000000000004027      0x406 /home/neo/development/uefi/UDK-uefi-development-kit/MyWorkSpace/Build/MdeModule/DEBUG_GCC44/X64/MdePkg/Library/BaseMemoryLib/BaseMemoryLib/OUTPUT/BaseMemoryLib.lib(MemLibGeneric.obj)
 .debug_info    0x000000000000442d       0xf6 /home/neo/development/uefi/UDK-uefi-development-kit/MyWorkSpace/Build/MdeModule/DEBUG_GCC44/X64/MdePkg/Library/BaseMemoryLib/BaseMemoryLib/OUTPUT/BaseMemoryLib.lib(SetMem.obj)
 .debug_info    0x0000000000004523     0x1599 /home/neo/development/uefi/UDK-uefi-development-kit/MyWorkSpace/Build/MdeModule/DEBUG_GCC44/X64/MdePkg/Library/PeiHobLib/PeiHobLib/OUTPUT/PeiHobLib.lib(HobLib.obj)
 .debug_info    0x0000000000005abc      0x1b6 /home/neo/development/uefi/UDK-uefi-development-kit/MyWorkSpace/Build/MdeModule/DEBUG_GCC44/X64/MdePkg/Library/BaseDebugLibNull/BaseDebugLibNull/OUTPUT/BaseDebugLibNull.lib(DebugLib.obj)
 .debug_info    0x0000000000005c72       0xf4 /home/neo/development/uefi/UDK-uefi-development-kit/MyWorkSpace/Build/MdeModule/DEBUG_GCC44/X64/MdePkg/Library/BaseLib/BaseLib/OUTPUT/BaseLib.lib(MultU64x32.obj)
 .debug_info    0x0000000000005d66      0x149 /home/neo/development/uefi/UDK-uefi-development-kit/MyWorkSpace/Build/MdeModule/DEBUG_GCC44/X64/MdePkg/Library/BaseLib/BaseLib/OUTPUT/BaseLib.lib(DivU64x32.obj)
 .debug_info    0x0000000000005eaf      0x463 /home/neo/development/uefi/UDK-uefi-development-kit/MyWorkSpace/Build/MdeModule/DEBUG_GCC44/X64/MdePkg/Library/BaseLib/BaseLib/OUTPUT/BaseLib.lib(Math64.obj)
 .debug_info    0x0000000000006312     0x1efb /home/neo/development/uefi/UDK-uefi-development-kit/MyWorkSpace/Build/MdeModule/DEBUG_GCC44/X64/MdePkg/Library/PeiServicesLib/PeiServicesLib/OUTPUT/PeiServicesLib.lib(PeiServicesLib.obj)
 .debug_info    0x000000000000820d     0x108e /home/neo/development/uefi/UDK-uefi-development-kit/MyWorkSpace/Build/MdeModule/DEBUG_GCC44/X64/MdePkg/Library/PeiServicesTablePointerLib/PeiServicesTablePointerLib/OUTPUT/PeiServicesTablePointerLib.lib(PeiServicesTablePointer.obj)
 .debug_info    0x000000000000929b      0x2c5 /home/neo/development/uefi/UDK-uefi-development-kit/MyWorkSpace/Build/MdeModule/DEBUG_GCC44/X64/MdePkg/Library/BaseTimerLibNullTemplate/BaseTimerLibNullTemplate/OUTPUT/BaseTimerLibNullTemplate.lib(TimerLibNull.obj)
 .debug_info    0x0000000000009560      0x252 /home/neo/development/uefi/UDK-uefi-development-kit/MyWorkSpace/Build/MdeModule/DEBUG_GCC44/X64/MdeModulePkg/Library/LockBoxNullLib/LockBoxNullLib/OUTPUT/LockBoxNullLib.lib(LockBoxNullLib.obj)
 .debug_info    0x00000000000097b2      0x1a7 /home/neo/development/uefi/UDK-uefi-development-kit/MyWorkSpace/Build/MdeModule/DEBUG_GCC44/X64/MdePkg/Library/BaseMemoryLib/BaseMemoryLib/OUTPUT/BaseMemoryLib.lib(CopyMemWrapper.obj)
 .debug_info    0x0000000000009959      0x3f3 /home/neo/development/uefi/UDK-uefi-development-kit/MyWorkSpace/Build/MdeModule/DEBUG_GCC44/X64/MdePkg/Library/BaseMemoryLib/BaseMemoryLib/OUTPUT/BaseMemoryLib.lib(MemLibGuid.obj)
 .debug_info    0x0000000000009d4c      0x117 /home/neo/development/uefi/UDK-uefi-development-kit/MyWorkSpace/Build/MdeModule/DEBUG_GCC44/X64/MdePkg/Library/BaseMemoryLib/BaseMemoryLib/OUTPUT/BaseMemoryLib.lib(CopyMem.obj)
 .debug_info    0x0000000000009e63      0x4ab /home/neo/development/uefi/UDK-uefi-development-kit/MyWorkSpace/Build/MdeModule/DEBUG_GCC44/X64/MdePkg/Library/BaseLib/BaseLib/OUTPUT/BaseLib.lib(Unaligned.obj)

.debug_abbrev   0x0000000000000000     0x15fe
 .debug_abbrev  0x0000000000000000      0x191 /home/neo/development/uefi/UDK-uefi-development-kit/MyWorkSpace/Build/MdeModule/DEBUG_GCC44/X64/MdePkg/Library/PeimEntryPoint/PeimEntryPoint/OUTPUT/PeimEntryPoint.lib(PeimEntryPoint.obj)
 .debug_abbrev  0x0000000000000191      0x1c9 /home/neo/development/uefi/UDK-uefi-development-kit/MyWorkSpace/Build/MdeModule/DEBUG_GCC44/X64/MdeModulePkg/Universal/Acpi/FirmwarePerformanceDataTablePei/FirmwarePerformancePei/OUTPUT/FirmwarePerformancePei.lib(AutoGen.obj)
 .debug_abbrev  0x000000000000035a      0x23d /home/neo/development/uefi/UDK-uefi-development-kit/MyWorkSpace/Build/MdeModule/DEBUG_GCC44/X64/MdeModulePkg/Universal/Acpi/FirmwarePerformanceDataTablePei/FirmwarePerformancePei/OUTPUT/FirmwarePerformancePei.lib(FirmwarePerformancePei.obj)
 .debug_abbrev  0x0000000000000597       0xaa /home/neo/development/uefi/UDK-uefi-development-kit/MyWorkSpace/Build/MdeModule/DEBUG_GCC44/X64/MdePkg/Library/BaseMemoryLib/BaseMemoryLib/OUTPUT/BaseMemoryLib.lib(ZeroMemWrapper.obj)
 .debug_abbrev  0x0000000000000641       0xc5 /home/neo/development/uefi/UDK-uefi-development-kit/MyWorkSpace/Build/MdeModule/DEBUG_GCC44/X64/MdePkg/Library/BaseMemoryLib/BaseMemoryLib/OUTPUT/BaseMemoryLib.lib(MemLibGeneric.obj)
 .debug_abbrev  0x0000000000000706       0x95 /home/neo/development/uefi/UDK-uefi-development-kit/MyWorkSpace/Build/MdeModule/DEBUG_GCC44/X64/MdePkg/Library/BaseMemoryLib/BaseMemoryLib/OUTPUT/BaseMemoryLib.lib(SetMem.obj)
 .debug_abbrev  0x000000000000079b      0x2c2 /home/neo/development/uefi/UDK-uefi-development-kit/MyWorkSpace/Build/MdeModule/DEBUG_GCC44/X64/MdePkg/Library/PeiHobLib/PeiHobLib/OUTPUT/PeiHobLib.lib(HobLib.obj)
 .debug_abbrev  0x0000000000000a5d       0xb9 /home/neo/development/uefi/UDK-uefi-development-kit/MyWorkSpace/Build/MdeModule/DEBUG_GCC44/X64/MdePkg/Library/BaseDebugLibNull/BaseDebugLibNull/OUTPUT/BaseDebugLibNull.lib(DebugLib.obj)
 .debug_abbrev  0x0000000000000b16       0x98 /home/neo/development/uefi/UDK-uefi-development-kit/MyWorkSpace/Build/MdeModule/DEBUG_GCC44/X64/MdePkg/Library/BaseLib/BaseLib/OUTPUT/BaseLib.lib(MultU64x32.obj)
 .debug_abbrev  0x0000000000000bae       0xa3 /home/neo/development/uefi/UDK-uefi-development-kit/MyWorkSpace/Build/MdeModule/DEBUG_GCC44/X64/MdePkg/Library/BaseLib/BaseLib/OUTPUT/BaseLib.lib(DivU64x32.obj)
 .debug_abbrev  0x0000000000000c51      0x105 /home/neo/development/uefi/UDK-uefi-development-kit/MyWorkSpace/Build/MdeModule/DEBUG_GCC44/X64/MdePkg/Library/BaseLib/BaseLib/OUTPUT/BaseLib.lib(Math64.obj)
 .debug_abbrev  0x0000000000000d56      0x261 /home/neo/development/uefi/UDK-uefi-development-kit/MyWorkSpace/Build/MdeModule/DEBUG_GCC44/X64/MdePkg/Library/PeiServicesLib/PeiServicesLib/OUTPUT/PeiServicesLib.lib(PeiServicesLib.obj)
 .debug_abbrev  0x0000000000000fb7      0x1c2 /home/neo/development/uefi/UDK-uefi-development-kit/MyWorkSpace/Build/MdeModule/DEBUG_GCC44/X64/MdePkg/Library/PeiServicesTablePointerLib/PeiServicesTablePointerLib/OUTPUT/PeiServicesTablePointerLib.lib(PeiServicesTablePointer.obj)
 .debug_abbrev  0x0000000000001179       0x9c /home/neo/development/uefi/UDK-uefi-development-kit/MyWorkSpace/Build/MdeModule/DEBUG_GCC44/X64/MdePkg/Library/BaseTimerLibNullTemplate/BaseTimerLibNullTemplate/OUTPUT/BaseTimerLibNullTemplate.lib(TimerLibNull.obj)
 .debug_abbrev  0x0000000000001215       0xc5 /home/neo/development/uefi/UDK-uefi-development-kit/MyWorkSpace/Build/MdeModule/DEBUG_GCC44/X64/MdeModulePkg/Library/LockBoxNullLib/LockBoxNullLib/OUTPUT/LockBoxNullLib.lib(LockBoxNullLib.obj)
 .debug_abbrev  0x00000000000012da       0xb8 /home/neo/development/uefi/UDK-uefi-development-kit/MyWorkSpace/Build/MdeModule/DEBUG_GCC44/X64/MdePkg/Library/BaseMemoryLib/BaseMemoryLib/OUTPUT/BaseMemoryLib.lib(CopyMemWrapper.obj)
 .debug_abbrev  0x0000000000001392      0x10a /home/neo/development/uefi/UDK-uefi-development-kit/MyWorkSpace/Build/MdeModule/DEBUG_GCC44/X64/MdePkg/Library/BaseMemoryLib/BaseMemoryLib/OUTPUT/BaseMemoryLib.lib(MemLibGuid.obj)
 .debug_abbrev  0x000000000000149c       0xa1 /home/neo/development/uefi/UDK-uefi-development-kit/MyWorkSpace/Build/MdeModule/DEBUG_GCC44/X64/MdePkg/Library/BaseMemoryLib/BaseMemoryLib/OUTPUT/BaseMemoryLib.lib(CopyMem.obj)
 .debug_abbrev  0x000000000000153d       0xc1 /home/neo/development/uefi/UDK-uefi-development-kit/MyWorkSpace/Build/MdeModule/DEBUG_GCC44/X64/MdePkg/Library/BaseLib/BaseLib/OUTPUT/BaseLib.lib(Unaligned.obj)

.debug_loc      0x0000000000000000     0x453f
 .debug_loc     0x0000000000000000      0x130 /home/neo/development/uefi/UDK-uefi-development-kit/MyWorkSpace/Build/MdeModule/DEBUG_GCC44/X64/MdePkg/Library/PeimEntryPoint/PeimEntryPoint/OUTPUT/PeimEntryPoint.lib(PeimEntryPoint.obj)
 .debug_loc     0x0000000000000130      0x12d /home/neo/development/uefi/UDK-uefi-development-kit/MyWorkSpace/Build/MdeModule/DEBUG_GCC44/X64/MdeModulePkg/Universal/Acpi/FirmwarePerformanceDataTablePei/FirmwarePerformancePei/OUTPUT/FirmwarePerformancePei.lib(AutoGen.obj)
 .debug_loc     0x000000000000025d      0x49e /home/neo/development/uefi/UDK-uefi-development-kit/MyWorkSpace/Build/MdeModule/DEBUG_GCC44/X64/MdeModulePkg/Universal/Acpi/FirmwarePerformanceDataTablePei/FirmwarePerformancePei/OUTPUT/FirmwarePerformancePei.lib(FirmwarePerformancePei.obj)
 .debug_loc     0x00000000000006fb       0xbe /home/neo/development/uefi/UDK-uefi-development-kit/MyWorkSpace/Build/MdeModule/DEBUG_GCC44/X64/MdePkg/Library/BaseMemoryLib/BaseMemoryLib/OUTPUT/BaseMemoryLib.lib(ZeroMemWrapper.obj)
 .debug_loc     0x00000000000007b9      0x48e /home/neo/development/uefi/UDK-uefi-development-kit/MyWorkSpace/Build/MdeModule/DEBUG_GCC44/X64/MdePkg/Library/BaseMemoryLib/BaseMemoryLib/OUTPUT/BaseMemoryLib.lib(MemLibGeneric.obj)
 .debug_loc     0x0000000000000c47      0x123 /home/neo/development/uefi/UDK-uefi-development-kit/MyWorkSpace/Build/MdeModule/DEBUG_GCC44/X64/MdePkg/Library/BaseMemoryLib/BaseMemoryLib/OUTPUT/BaseMemoryLib.lib(SetMem.obj)
 .debug_loc     0x0000000000000d6a     0x145a /home/neo/development/uefi/UDK-uefi-development-kit/MyWorkSpace/Build/MdeModule/DEBUG_GCC44/X64/MdePkg/Library/PeiHobLib/PeiHobLib/OUTPUT/PeiHobLib.lib(HobLib.obj)
 .debug_loc     0x00000000000021c4       0x72 /home/neo/development/uefi/UDK-uefi-development-kit/MyWorkSpace/Build/MdeModule/DEBUG_GCC44/X64/MdePkg/Library/BaseLib/BaseLib/OUTPUT/BaseLib.lib(MultU64x32.obj)
 .debug_loc     0x0000000000002236       0xbe /home/neo/development/uefi/UDK-uefi-development-kit/MyWorkSpace/Build/MdeModule/DEBUG_GCC44/X64/MdePkg/Library/BaseLib/BaseLib/OUTPUT/BaseLib.lib(DivU64x32.obj)
 .debug_loc     0x00000000000022f4      0x347 /home/neo/development/uefi/UDK-uefi-development-kit/MyWorkSpace/Build/MdeModule/DEBUG_GCC44/X64/MdePkg/Library/BaseLib/BaseLib/OUTPUT/BaseLib.lib(Math64.obj)
 .debug_loc     0x000000000000263b     0x1431 /home/neo/development/uefi/UDK-uefi-development-kit/MyWorkSpace/Build/MdeModule/DEBUG_GCC44/X64/MdePkg/Library/PeiServicesLib/PeiServicesLib/OUTPUT/PeiServicesLib.lib(PeiServicesLib.obj)
 .debug_loc     0x0000000000003a6c       0x51 /home/neo/development/uefi/UDK-uefi-development-kit/MyWorkSpace/Build/MdeModule/DEBUG_GCC44/X64/MdePkg/Library/PeiServicesTablePointerLib/PeiServicesTablePointerLib/OUTPUT/PeiServicesTablePointerLib.lib(PeiServicesTablePointer.obj)
 .debug_loc     0x0000000000003abd      0x12d /home/neo/development/uefi/UDK-uefi-development-kit/MyWorkSpace/Build/MdeModule/DEBUG_GCC44/X64/MdePkg/Library/BaseTimerLibNullTemplate/BaseTimerLibNullTemplate/OUTPUT/BaseTimerLibNullTemplate.lib(TimerLibNull.obj)
 .debug_loc     0x0000000000003bea      0x143 /home/neo/development/uefi/UDK-uefi-development-kit/MyWorkSpace/Build/MdeModule/DEBUG_GCC44/X64/MdePkg/Library/BaseMemoryLib/BaseMemoryLib/OUTPUT/BaseMemoryLib.lib(CopyMemWrapper.obj)
 .debug_loc     0x0000000000003d2d      0x313 /home/neo/development/uefi/UDK-uefi-development-kit/MyWorkSpace/Build/MdeModule/DEBUG_GCC44/X64/MdePkg/Library/BaseMemoryLib/BaseMemoryLib/OUTPUT/BaseMemoryLib.lib(MemLibGuid.obj)
 .debug_loc     0x0000000000004040      0x18b /home/neo/development/uefi/UDK-uefi-development-kit/MyWorkSpace/Build/MdeModule/DEBUG_GCC44/X64/MdePkg/Library/BaseMemoryLib/BaseMemoryLib/OUTPUT/BaseMemoryLib.lib(CopyMem.obj)
 .debug_loc     0x00000000000041cb      0x374 /home/neo/development/uefi/UDK-uefi-development-kit/MyWorkSpace/Build/MdeModule/DEBUG_GCC44/X64/MdePkg/Library/BaseLib/BaseLib/OUTPUT/BaseLib.lib(Unaligned.obj)

.debug_aranges  0x0000000000000000      0x930
 .debug_aranges
                0x0000000000000000       0x40 /home/neo/development/uefi/UDK-uefi-development-kit/MyWorkSpace/Build/MdeModule/DEBUG_GCC44/X64/MdePkg/Library/PeimEntryPoint/PeimEntryPoint/OUTPUT/PeimEntryPoint.lib(PeimEntryPoint.obj)
 .debug_aranges
                0x0000000000000040       0x60 /home/neo/development/uefi/UDK-uefi-development-kit/MyWorkSpace/Build/MdeModule/DEBUG_GCC44/X64/MdeModulePkg/Universal/Acpi/FirmwarePerformanceDataTablePei/FirmwarePerformancePei/OUTPUT/FirmwarePerformancePei.lib(AutoGen.obj)
 .debug_aranges
                0x00000000000000a0       0x40 /home/neo/development/uefi/UDK-uefi-development-kit/MyWorkSpace/Build/MdeModule/DEBUG_GCC44/X64/MdeModulePkg/Universal/Acpi/FirmwarePerformanceDataTablePei/FirmwarePerformancePei/OUTPUT/FirmwarePerformancePei.lib(FirmwarePerformancePei.obj)
 .debug_aranges
                0x00000000000000e0       0x30 /home/neo/development/uefi/UDK-uefi-development-kit/MyWorkSpace/Build/MdeModule/DEBUG_GCC44/X64/MdePkg/Library/BaseMemoryLib/BaseMemoryLib/OUTPUT/BaseMemoryLib.lib(ZeroMemWrapper.obj)
 .debug_aranges
                0x0000000000000110       0xb0 /home/neo/development/uefi/UDK-uefi-development-kit/MyWorkSpace/Build/MdeModule/DEBUG_GCC44/X64/MdePkg/Library/BaseMemoryLib/BaseMemoryLib/OUTPUT/BaseMemoryLib.lib(MemLibGeneric.obj)
 .debug_aranges
                0x00000000000001c0       0x30 /home/neo/development/uefi/UDK-uefi-development-kit/MyWorkSpace/Build/MdeModule/DEBUG_GCC44/X64/MdePkg/Library/BaseMemoryLib/BaseMemoryLib/OUTPUT/BaseMemoryLib.lib(SetMem.obj)
 .debug_aranges
                0x00000000000001f0      0x150 /home/neo/development/uefi/UDK-uefi-development-kit/MyWorkSpace/Build/MdeModule/DEBUG_GCC44/X64/MdePkg/Library/PeiHobLib/PeiHobLib/OUTPUT/PeiHobLib.lib(HobLib.obj)
 .debug_aranges
                0x0000000000000340       0x70 /home/neo/development/uefi/UDK-uefi-development-kit/MyWorkSpace/Build/MdeModule/DEBUG_GCC44/X64/MdePkg/Library/BaseDebugLibNull/BaseDebugLibNull/OUTPUT/BaseDebugLibNull.lib(DebugLib.obj)
 .debug_aranges
                0x00000000000003b0       0x30 /home/neo/development/uefi/UDK-uefi-development-kit/MyWorkSpace/Build/MdeModule/DEBUG_GCC44/X64/MdePkg/Library/BaseLib/BaseLib/OUTPUT/BaseLib.lib(MultU64x32.obj)
 .debug_aranges
                0x00000000000003e0       0x30 /home/neo/development/uefi/UDK-uefi-development-kit/MyWorkSpace/Build/MdeModule/DEBUG_GCC44/X64/MdePkg/Library/BaseLib/BaseLib/OUTPUT/BaseLib.lib(DivU64x32.obj)
 .debug_aranges
                0x0000000000000410       0xf0 /home/neo/development/uefi/UDK-uefi-development-kit/MyWorkSpace/Build/MdeModule/DEBUG_GCC44/X64/MdePkg/Library/BaseLib/BaseLib/OUTPUT/BaseLib.lib(Math64.obj)
 .debug_aranges
                0x0000000000000500      0x1a0 /home/neo/development/uefi/UDK-uefi-development-kit/MyWorkSpace/Build/MdeModule/DEBUG_GCC44/X64/MdePkg/Library/PeiServicesLib/PeiServicesLib/OUTPUT/PeiServicesLib.lib(PeiServicesLib.obj)
 .debug_aranges
                0x00000000000006a0       0x60 /home/neo/development/uefi/UDK-uefi-development-kit/MyWorkSpace/Build/MdeModule/DEBUG_GCC44/X64/MdePkg/Library/PeiServicesTablePointerLib/PeiServicesTablePointerLib/OUTPUT/PeiServicesTablePointerLib.lib(PeiServicesTablePointer.obj)
 .debug_aranges
                0x0000000000000700       0x70 /home/neo/development/uefi/UDK-uefi-development-kit/MyWorkSpace/Build/MdeModule/DEBUG_GCC44/X64/MdePkg/Library/BaseTimerLibNullTemplate/BaseTimerLibNullTemplate/OUTPUT/BaseTimerLibNullTemplate.lib(TimerLibNull.obj)
 .debug_aranges
                0x0000000000000770       0x70 /home/neo/development/uefi/UDK-uefi-development-kit/MyWorkSpace/Build/MdeModule/DEBUG_GCC44/X64/MdeModulePkg/Library/LockBoxNullLib/LockBoxNullLib/OUTPUT/LockBoxNullLib.lib(LockBoxNullLib.obj)
 .debug_aranges
                0x00000000000007e0       0x30 /home/neo/development/uefi/UDK-uefi-development-kit/MyWorkSpace/Build/MdeModule/DEBUG_GCC44/X64/MdePkg/Library/BaseMemoryLib/BaseMemoryLib/OUTPUT/BaseMemoryLib.lib(CopyMemWrapper.obj)
 .debug_aranges
                0x0000000000000810       0x50 /home/neo/development/uefi/UDK-uefi-development-kit/MyWorkSpace/Build/MdeModule/DEBUG_GCC44/X64/MdePkg/Library/BaseMemoryLib/BaseMemoryLib/OUTPUT/BaseMemoryLib.lib(MemLibGuid.obj)
 .debug_aranges
                0x0000000000000860       0x30 /home/neo/development/uefi/UDK-uefi-development-kit/MyWorkSpace/Build/MdeModule/DEBUG_GCC44/X64/MdePkg/Library/BaseMemoryLib/BaseMemoryLib/OUTPUT/BaseMemoryLib.lib(CopyMem.obj)
 .debug_aranges
                0x0000000000000890       0xa0 /home/neo/development/uefi/UDK-uefi-development-kit/MyWorkSpace/Build/MdeModule/DEBUG_GCC44/X64/MdePkg/Library/BaseLib/BaseLib/OUTPUT/BaseLib.lib(Unaligned.obj)

.debug_ranges   0x0000000000000000      0x800
 .debug_ranges  0x0000000000000000       0x30 /home/neo/development/uefi/UDK-uefi-development-kit/MyWorkSpace/Build/MdeModule/DEBUG_GCC44/X64/MdePkg/Library/PeimEntryPoint/PeimEntryPoint/OUTPUT/PeimEntryPoint.lib(PeimEntryPoint.obj)
 .debug_ranges  0x0000000000000030       0x50 /home/neo/development/uefi/UDK-uefi-development-kit/MyWorkSpace/Build/MdeModule/DEBUG_GCC44/X64/MdeModulePkg/Universal/Acpi/FirmwarePerformanceDataTablePei/FirmwarePerformancePei/OUTPUT/FirmwarePerformancePei.lib(AutoGen.obj)
 .debug_ranges  0x0000000000000080       0x30 /home/neo/development/uefi/UDK-uefi-development-kit/MyWorkSpace/Build/MdeModule/DEBUG_GCC44/X64/MdeModulePkg/Universal/Acpi/FirmwarePerformanceDataTablePei/FirmwarePerformancePei/OUTPUT/FirmwarePerformancePei.lib(FirmwarePerformancePei.obj)
 .debug_ranges  0x00000000000000b0       0x20 /home/neo/development/uefi/UDK-uefi-development-kit/MyWorkSpace/Build/MdeModule/DEBUG_GCC44/X64/MdePkg/Library/BaseMemoryLib/BaseMemoryLib/OUTPUT/BaseMemoryLib.lib(ZeroMemWrapper.obj)
 .debug_ranges  0x00000000000000d0       0xa0 /home/neo/development/uefi/UDK-uefi-development-kit/MyWorkSpace/Build/MdeModule/DEBUG_GCC44/X64/MdePkg/Library/BaseMemoryLib/BaseMemoryLib/OUTPUT/BaseMemoryLib.lib(MemLibGeneric.obj)
 .debug_ranges  0x0000000000000170       0x20 /home/neo/development/uefi/UDK-uefi-development-kit/MyWorkSpace/Build/MdeModule/DEBUG_GCC44/X64/MdePkg/Library/BaseMemoryLib/BaseMemoryLib/OUTPUT/BaseMemoryLib.lib(SetMem.obj)
 .debug_ranges  0x0000000000000190      0x140 /home/neo/development/uefi/UDK-uefi-development-kit/MyWorkSpace/Build/MdeModule/DEBUG_GCC44/X64/MdePkg/Library/PeiHobLib/PeiHobLib/OUTPUT/PeiHobLib.lib(HobLib.obj)
 .debug_ranges  0x00000000000002d0       0x60 /home/neo/development/uefi/UDK-uefi-development-kit/MyWorkSpace/Build/MdeModule/DEBUG_GCC44/X64/MdePkg/Library/BaseDebugLibNull/BaseDebugLibNull/OUTPUT/BaseDebugLibNull.lib(DebugLib.obj)
 .debug_ranges  0x0000000000000330       0x20 /home/neo/development/uefi/UDK-uefi-development-kit/MyWorkSpace/Build/MdeModule/DEBUG_GCC44/X64/MdePkg/Library/BaseLib/BaseLib/OUTPUT/BaseLib.lib(MultU64x32.obj)
 .debug_ranges  0x0000000000000350       0x20 /home/neo/development/uefi/UDK-uefi-development-kit/MyWorkSpace/Build/MdeModule/DEBUG_GCC44/X64/MdePkg/Library/BaseLib/BaseLib/OUTPUT/BaseLib.lib(DivU64x32.obj)
 .debug_ranges  0x0000000000000370       0xe0 /home/neo/development/uefi/UDK-uefi-development-kit/MyWorkSpace/Build/MdeModule/DEBUG_GCC44/X64/MdePkg/Library/BaseLib/BaseLib/OUTPUT/BaseLib.lib(Math64.obj)
 .debug_ranges  0x0000000000000450      0x190 /home/neo/development/uefi/UDK-uefi-development-kit/MyWorkSpace/Build/MdeModule/DEBUG_GCC44/X64/MdePkg/Library/PeiServicesLib/PeiServicesLib/OUTPUT/PeiServicesLib.lib(PeiServicesLib.obj)
 .debug_ranges  0x00000000000005e0       0x50 /home/neo/development/uefi/UDK-uefi-development-kit/MyWorkSpace/Build/MdeModule/DEBUG_GCC44/X64/MdePkg/Library/PeiServicesTablePointerLib/PeiServicesTablePointerLib/OUTPUT/PeiServicesTablePointerLib.lib(PeiServicesTablePointer.obj)
 .debug_ranges  0x0000000000000630       0x60 /home/neo/development/uefi/UDK-uefi-development-kit/MyWorkSpace/Build/MdeModule/DEBUG_GCC44/X64/MdePkg/Library/BaseTimerLibNullTemplate/BaseTimerLibNullTemplate/OUTPUT/BaseTimerLibNullTemplate.lib(TimerLibNull.obj)
 .debug_ranges  0x0000000000000690       0x60 /home/neo/development/uefi/UDK-uefi-development-kit/MyWorkSpace/Build/MdeModule/DEBUG_GCC44/X64/MdeModulePkg/Library/LockBoxNullLib/LockBoxNullLib/OUTPUT/LockBoxNullLib.lib(LockBoxNullLib.obj)
 .debug_ranges  0x00000000000006f0       0x20 /home/neo/development/uefi/UDK-uefi-development-kit/MyWorkSpace/Build/MdeModule/DEBUG_GCC44/X64/MdePkg/Library/BaseMemoryLib/BaseMemoryLib/OUTPUT/BaseMemoryLib.lib(CopyMemWrapper.obj)
 .debug_ranges  0x0000000000000710       0x40 /home/neo/development/uefi/UDK-uefi-development-kit/MyWorkSpace/Build/MdeModule/DEBUG_GCC44/X64/MdePkg/Library/BaseMemoryLib/BaseMemoryLib/OUTPUT/BaseMemoryLib.lib(MemLibGuid.obj)
 .debug_ranges  0x0000000000000750       0x20 /home/neo/development/uefi/UDK-uefi-development-kit/MyWorkSpace/Build/MdeModule/DEBUG_GCC44/X64/MdePkg/Library/BaseMemoryLib/BaseMemoryLib/OUTPUT/BaseMemoryLib.lib(CopyMem.obj)
 .debug_ranges  0x0000000000000770       0x90 /home/neo/development/uefi/UDK-uefi-development-kit/MyWorkSpace/Build/MdeModule/DEBUG_GCC44/X64/MdePkg/Library/BaseLib/BaseLib/OUTPUT/BaseLib.lib(Unaligned.obj)

.debug_line     0x0000000000000000     0x35f9
 .debug_line    0x0000000000000000      0x394 /home/neo/development/uefi/UDK-uefi-development-kit/MyWorkSpace/Build/MdeModule/DEBUG_GCC44/X64/MdePkg/Library/PeimEntryPoint/PeimEntryPoint/OUTPUT/PeimEntryPoint.lib(PeimEntryPoint.obj)
 .debug_line    0x0000000000000394      0x425 /home/neo/development/uefi/UDK-uefi-development-kit/MyWorkSpace/Build/MdeModule/DEBUG_GCC44/X64/MdeModulePkg/Universal/Acpi/FirmwarePerformanceDataTablePei/FirmwarePerformancePei/OUTPUT/FirmwarePerformancePei.lib(AutoGen.obj)
 .debug_line    0x00000000000007b9      0x72c /home/neo/development/uefi/UDK-uefi-development-kit/MyWorkSpace/Build/MdeModule/DEBUG_GCC44/X64/MdeModulePkg/Universal/Acpi/FirmwarePerformanceDataTablePei/FirmwarePerformancePei/OUTPUT/FirmwarePerformancePei.lib(FirmwarePerformancePei.obj)
 .debug_line    0x0000000000000ee5      0x1a1 /home/neo/development/uefi/UDK-uefi-development-kit/MyWorkSpace/Build/MdeModule/DEBUG_GCC44/X64/MdePkg/Library/BaseMemoryLib/BaseMemoryLib/OUTPUT/BaseMemoryLib.lib(ZeroMemWrapper.obj)
 .debug_line    0x0000000000001086      0x21b /home/neo/development/uefi/UDK-uefi-development-kit/MyWorkSpace/Build/MdeModule/DEBUG_GCC44/X64/MdePkg/Library/BaseMemoryLib/BaseMemoryLib/OUTPUT/BaseMemoryLib.lib(MemLibGeneric.obj)
 .debug_line    0x00000000000012a1      0x104 /home/neo/development/uefi/UDK-uefi-development-kit/MyWorkSpace/Build/MdeModule/DEBUG_GCC44/X64/MdePkg/Library/BaseMemoryLib/BaseMemoryLib/OUTPUT/BaseMemoryLib.lib(SetMem.obj)
 .debug_line    0x00000000000013a5      0x613 /home/neo/development/uefi/UDK-uefi-development-kit/MyWorkSpace/Build/MdeModule/DEBUG_GCC44/X64/MdePkg/Library/PeiHobLib/PeiHobLib/OUTPUT/PeiHobLib.lib(HobLib.obj)
 .debug_line    0x00000000000019b8      0x159 /home/neo/development/uefi/UDK-uefi-development-kit/MyWorkSpace/Build/MdeModule/DEBUG_GCC44/X64/MdePkg/Library/BaseDebugLibNull/BaseDebugLibNull/OUTPUT/BaseDebugLibNull.lib(DebugLib.obj)
 .debug_line    0x0000000000001b11      0x114 /home/neo/development/uefi/UDK-uefi-development-kit/MyWorkSpace/Build/MdeModule/DEBUG_GCC44/X64/MdePkg/Library/BaseLib/BaseLib/OUTPUT/BaseLib.lib(MultU64x32.obj)
 .debug_line    0x0000000000001c25      0x184 /home/neo/development/uefi/UDK-uefi-development-kit/MyWorkSpace/Build/MdeModule/DEBUG_GCC44/X64/MdePkg/Library/BaseLib/BaseLib/OUTPUT/BaseLib.lib(DivU64x32.obj)
 .debug_line    0x0000000000001da9      0x27e /home/neo/development/uefi/UDK-uefi-development-kit/MyWorkSpace/Build/MdeModule/DEBUG_GCC44/X64/MdePkg/Library/BaseLib/BaseLib/OUTPUT/BaseLib.lib(Math64.obj)
 .debug_line    0x0000000000002027      0x71d /home/neo/development/uefi/UDK-uefi-development-kit/MyWorkSpace/Build/MdeModule/DEBUG_GCC44/X64/MdePkg/Library/PeiServicesLib/PeiServicesLib/OUTPUT/PeiServicesLib.lib(PeiServicesLib.obj)
 .debug_line    0x0000000000002744      0x3c3 /home/neo/development/uefi/UDK-uefi-development-kit/MyWorkSpace/Build/MdeModule/DEBUG_GCC44/X64/MdePkg/Library/PeiServicesTablePointerLib/PeiServicesTablePointerLib/OUTPUT/PeiServicesTablePointerLib.lib(PeiServicesTablePointer.obj)
 .debug_line    0x0000000000002b07      0x1f6 /home/neo/development/uefi/UDK-uefi-development-kit/MyWorkSpace/Build/MdeModule/DEBUG_GCC44/X64/MdePkg/Library/BaseTimerLibNullTemplate/BaseTimerLibNullTemplate/OUTPUT/BaseTimerLibNullTemplate.lib(TimerLibNull.obj)
 .debug_line    0x0000000000002cfd      0x1bb /home/neo/development/uefi/UDK-uefi-development-kit/MyWorkSpace/Build/MdeModule/DEBUG_GCC44/X64/MdeModulePkg/Library/LockBoxNullLib/LockBoxNullLib/OUTPUT/LockBoxNullLib.lib(LockBoxNullLib.obj)
 .debug_line    0x0000000000002eb8      0x1a4 /home/neo/development/uefi/UDK-uefi-development-kit/MyWorkSpace/Build/MdeModule/DEBUG_GCC44/X64/MdePkg/Library/BaseMemoryLib/BaseMemoryLib/OUTPUT/BaseMemoryLib.lib(CopyMemWrapper.obj)
 .debug_line    0x000000000000305c      0x23a /home/neo/development/uefi/UDK-uefi-development-kit/MyWorkSpace/Build/MdeModule/DEBUG_GCC44/X64/MdePkg/Library/BaseMemoryLib/BaseMemoryLib/OUTPUT/BaseMemoryLib.lib(MemLibGuid.obj)
 .debug_line    0x0000000000003296      0x10f /home/neo/development/uefi/UDK-uefi-development-kit/MyWorkSpace/Build/MdeModule/DEBUG_GCC44/X64/MdePkg/Library/BaseMemoryLib/BaseMemoryLib/OUTPUT/BaseMemoryLib.lib(CopyMem.obj)
 .debug_line    0x00000000000033a5      0x254 /home/neo/development/uefi/UDK-uefi-development-kit/MyWorkSpace/Build/MdeModule/DEBUG_GCC44/X64/MdePkg/Library/BaseLib/BaseLib/OUTPUT/BaseLib.lib(Unaligned.obj)

.debug_str      0x0000000000000000     0x29db
 .debug_str     0x0000000000000000      0xde2 /home/neo/development/uefi/UDK-uefi-development-kit/MyWorkSpace/Build/MdeModule/DEBUG_GCC44/X64/MdePkg/Library/PeimEntryPoint/PeimEntryPoint/OUTPUT/PeimEntryPoint.lib(PeimEntryPoint.obj)
                                        0xfd3 (size before relaxing)
 .debug_str     0x0000000000000de2      0x446 /home/neo/development/uefi/UDK-uefi-development-kit/MyWorkSpace/Build/MdeModule/DEBUG_GCC44/X64/MdeModulePkg/Universal/Acpi/FirmwarePerformanceDataTablePei/FirmwarePerformancePei/OUTPUT/FirmwarePerformancePei.lib(AutoGen.obj)
                                       0x13a2 (size before relaxing)
 .debug_str     0x0000000000001228      0x394 /home/neo/development/uefi/UDK-uefi-development-kit/MyWorkSpace/Build/MdeModule/DEBUG_GCC44/X64/MdeModulePkg/Universal/Acpi/FirmwarePerformanceDataTablePei/FirmwarePerformancePei/OUTPUT/FirmwarePerformancePei.lib(FirmwarePerformancePei.obj)
                                       0x1434 (size before relaxing)
 .debug_str     0x00000000000015bc       0x81 /home/neo/development/uefi/UDK-uefi-development-kit/MyWorkSpace/Build/MdeModule/DEBUG_GCC44/X64/MdePkg/Library/BaseMemoryLib/BaseMemoryLib/OUTPUT/BaseMemoryLib.lib(ZeroMemWrapper.obj)
                                        0x248 (size before relaxing)
 .debug_str     0x000000000000163d      0x143 /home/neo/development/uefi/UDK-uefi-development-kit/MyWorkSpace/Build/MdeModule/DEBUG_GCC44/X64/MdePkg/Library/BaseMemoryLib/BaseMemoryLib/OUTPUT/BaseMemoryLib.lib(MemLibGeneric.obj)
                                        0x320 (size before relaxing)
 .debug_str     0x0000000000001780       0x66 /home/neo/development/uefi/UDK-uefi-development-kit/MyWorkSpace/Build/MdeModule/DEBUG_GCC44/X64/MdePkg/Library/BaseMemoryLib/BaseMemoryLib/OUTPUT/BaseMemoryLib.lib(SetMem.obj)
                                        0x224 (size before relaxing)
 .debug_str     0x00000000000017e6      0x586 /home/neo/development/uefi/UDK-uefi-development-kit/MyWorkSpace/Build/MdeModule/DEBUG_GCC44/X64/MdePkg/Library/PeiHobLib/PeiHobLib/OUTPUT/PeiHobLib.lib(HobLib.obj)
                                        0xa35 (size before relaxing)
 .debug_str     0x0000000000001d6c       0xb6 /home/neo/development/uefi/UDK-uefi-development-kit/MyWorkSpace/Build/MdeModule/DEBUG_GCC44/X64/MdePkg/Library/BaseDebugLibNull/BaseDebugLibNull/OUTPUT/BaseDebugLibNull.lib(DebugLib.obj)
                                        0x29a (size before relaxing)
 .debug_str     0x0000000000001e22       0x9a /home/neo/development/uefi/UDK-uefi-development-kit/MyWorkSpace/Build/MdeModule/DEBUG_GCC44/X64/MdePkg/Library/BaseLib/BaseLib/OUTPUT/BaseLib.lib(MultU64x32.obj)
                                        0x230 (size before relaxing)
 .debug_str     0x0000000000001ebc       0x8a /home/neo/development/uefi/UDK-uefi-development-kit/MyWorkSpace/Build/MdeModule/DEBUG_GCC44/X64/MdePkg/Library/BaseLib/BaseLib/OUTPUT/BaseLib.lib(DivU64x32.obj)
                                        0x246 (size before relaxing)
 .debug_str     0x0000000000001f46      0x19a /home/neo/development/uefi/UDK-uefi-development-kit/MyWorkSpace/Build/MdeModule/DEBUG_GCC44/X64/MdePkg/Library/BaseLib/BaseLib/OUTPUT/BaseLib.lib(Math64.obj)
                                        0x392 (size before relaxing)
 .debug_str     0x00000000000020e0      0x3b9 /home/neo/development/uefi/UDK-uefi-development-kit/MyWorkSpace/Build/MdeModule/DEBUG_GCC44/X64/MdePkg/Library/PeiServicesLib/PeiServicesLib/OUTPUT/PeiServicesLib.lib(PeiServicesLib.obj)
                                       0x14b5 (size before relaxing)
 .debug_str     0x0000000000002499       0xcb /home/neo/development/uefi/UDK-uefi-development-kit/MyWorkSpace/Build/MdeModule/DEBUG_GCC44/X64/MdePkg/Library/PeiServicesTablePointerLib/PeiServicesTablePointerLib/OUTPUT/PeiServicesTablePointerLib.lib(PeiServicesTablePointer.obj)
                                       0x1025 (size before relaxing)
 .debug_str     0x0000000000002564       0xeb /home/neo/development/uefi/UDK-uefi-development-kit/MyWorkSpace/Build/MdeModule/DEBUG_GCC44/X64/MdePkg/Library/BaseTimerLibNullTemplate/BaseTimerLibNullTemplate/OUTPUT/BaseTimerLibNullTemplate.lib(TimerLibNull.obj)
                                        0x2c6 (size before relaxing)
 .debug_str     0x000000000000264f       0xc4 /home/neo/development/uefi/UDK-uefi-development-kit/MyWorkSpace/Build/MdeModule/DEBUG_GCC44/X64/MdeModulePkg/Library/LockBoxNullLib/LockBoxNullLib/OUTPUT/LockBoxNullLib.lib(LockBoxNullLib.obj)
                                        0x2ba (size before relaxing)
 .debug_str     0x0000000000002713       0x81 /home/neo/development/uefi/UDK-uefi-development-kit/MyWorkSpace/Build/MdeModule/DEBUG_GCC44/X64/MdePkg/Library/BaseMemoryLib/BaseMemoryLib/OUTPUT/BaseMemoryLib.lib(CopyMemWrapper.obj)
                                        0x260 (size before relaxing)
 .debug_str     0x0000000000002794       0xf5 /home/neo/development/uefi/UDK-uefi-development-kit/MyWorkSpace/Build/MdeModule/DEBUG_GCC44/X64/MdePkg/Library/BaseMemoryLib/BaseMemoryLib/OUTPUT/BaseMemoryLib.lib(MemLibGuid.obj)
                                        0x30b (size before relaxing)
 .debug_str     0x0000000000002889       0x7c /home/neo/development/uefi/UDK-uefi-development-kit/MyWorkSpace/Build/MdeModule/DEBUG_GCC44/X64/MdePkg/Library/BaseMemoryLib/BaseMemoryLib/OUTPUT/BaseMemoryLib.lib(CopyMem.obj)
                                        0x245 (size before relaxing)
 .debug_str     0x0000000000002905       0xd6 /home/neo/development/uefi/UDK-uefi-development-kit/MyWorkSpace/Build/MdeModule/DEBUG_GCC44/X64/MdePkg/Library/BaseLib/BaseLib/OUTPUT/BaseLib.lib(Unaligned.obj)
                                        0x2bd (size before relaxing)

.debug_frame    0x0000000000000000     0x1368
 .debug_frame   0x0000000000000000       0x70 /home/neo/development/uefi/UDK-uefi-development-kit/MyWorkSpace/Build/MdeModule/DEBUG_GCC44/X64/MdePkg/Library/PeimEntryPoint/PeimEntryPoint/OUTPUT/PeimEntryPoint.lib(PeimEntryPoint.obj)
 .debug_frame   0x0000000000000070       0x98 /home/neo/development/uefi/UDK-uefi-development-kit/MyWorkSpace/Build/MdeModule/DEBUG_GCC44/X64/MdeModulePkg/Universal/Acpi/FirmwarePerformanceDataTablePei/FirmwarePerformancePei/OUTPUT/FirmwarePerformancePei.lib(AutoGen.obj)
 .debug_frame   0x0000000000000108       0xa0 /home/neo/development/uefi/UDK-uefi-development-kit/MyWorkSpace/Build/MdeModule/DEBUG_GCC44/X64/MdeModulePkg/Universal/Acpi/FirmwarePerformanceDataTablePei/FirmwarePerformancePei/OUTPUT/FirmwarePerformancePei.lib(FirmwarePerformancePei.obj)
 .debug_frame   0x00000000000001a8       0x50 /home/neo/development/uefi/UDK-uefi-development-kit/MyWorkSpace/Build/MdeModule/DEBUG_GCC44/X64/MdePkg/Library/BaseMemoryLib/BaseMemoryLib/OUTPUT/BaseMemoryLib.lib(ZeroMemWrapper.obj)
 .debug_frame   0x00000000000001f8       0xf0 /home/neo/development/uefi/UDK-uefi-development-kit/MyWorkSpace/Build/MdeModule/DEBUG_GCC44/X64/MdePkg/Library/BaseMemoryLib/BaseMemoryLib/OUTPUT/BaseMemoryLib.lib(MemLibGeneric.obj)
 .debug_frame   0x00000000000002e8       0x30 /home/neo/development/uefi/UDK-uefi-development-kit/MyWorkSpace/Build/MdeModule/DEBUG_GCC44/X64/MdePkg/Library/BaseMemoryLib/BaseMemoryLib/OUTPUT/BaseMemoryLib.lib(SetMem.obj)
 .debug_frame   0x0000000000000318      0x4a8 /home/neo/development/uefi/UDK-uefi-development-kit/MyWorkSpace/Build/MdeModule/DEBUG_GCC44/X64/MdePkg/Library/PeiHobLib/PeiHobLib/OUTPUT/PeiHobLib.lib(HobLib.obj)
 .debug_frame   0x00000000000007c0       0xd8 /home/neo/development/uefi/UDK-uefi-development-kit/MyWorkSpace/Build/MdeModule/DEBUG_GCC44/X64/MdePkg/Library/BaseDebugLibNull/BaseDebugLibNull/OUTPUT/BaseDebugLibNull.lib(DebugLib.obj)
 .debug_frame   0x0000000000000898       0x30 /home/neo/development/uefi/UDK-uefi-development-kit/MyWorkSpace/Build/MdeModule/DEBUG_GCC44/X64/MdePkg/Library/BaseLib/BaseLib/OUTPUT/BaseLib.lib(MultU64x32.obj)
 .debug_frame   0x00000000000008c8       0x48 /home/neo/development/uefi/UDK-uefi-development-kit/MyWorkSpace/Build/MdeModule/DEBUG_GCC44/X64/MdePkg/Library/BaseLib/BaseLib/OUTPUT/BaseLib.lib(DivU64x32.obj)
 .debug_frame   0x0000000000000910      0x168 /home/neo/development/uefi/UDK-uefi-development-kit/MyWorkSpace/Build/MdeModule/DEBUG_GCC44/X64/MdePkg/Library/BaseLib/BaseLib/OUTPUT/BaseLib.lib(Math64.obj)
 .debug_frame   0x0000000000000a78      0x430 /home/neo/development/uefi/UDK-uefi-development-kit/MyWorkSpace/Build/MdeModule/DEBUG_GCC44/X64/MdePkg/Library/PeiServicesLib/PeiServicesLib/OUTPUT/PeiServicesLib.lib(PeiServicesLib.obj)
 .debug_frame   0x0000000000000ea8       0x90 /home/neo/development/uefi/UDK-uefi-development-kit/MyWorkSpace/Build/MdeModule/DEBUG_GCC44/X64/MdePkg/Library/PeiServicesTablePointerLib/PeiServicesTablePointerLib/OUTPUT/PeiServicesTablePointerLib.lib(PeiServicesTablePointer.obj)
 .debug_frame   0x0000000000000f38       0xc0 /home/neo/development/uefi/UDK-uefi-development-kit/MyWorkSpace/Build/MdeModule/DEBUG_GCC44/X64/MdePkg/Library/BaseTimerLibNullTemplate/BaseTimerLibNullTemplate/OUTPUT/BaseTimerLibNullTemplate.lib(TimerLibNull.obj)
 .debug_frame   0x0000000000000ff8       0x90 /home/neo/development/uefi/UDK-uefi-development-kit/MyWorkSpace/Build/MdeModule/DEBUG_GCC44/X64/MdeModulePkg/Library/LockBoxNullLib/LockBoxNullLib/OUTPUT/LockBoxNullLib.lib(LockBoxNullLib.obj)
 .debug_frame   0x0000000000001088       0x68 /home/neo/development/uefi/UDK-uefi-development-kit/MyWorkSpace/Build/MdeModule/DEBUG_GCC44/X64/MdePkg/Library/BaseMemoryLib/BaseMemoryLib/OUTPUT/BaseMemoryLib.lib(CopyMemWrapper.obj)
 .debug_frame   0x00000000000010f0       0xd0 /home/neo/development/uefi/UDK-uefi-development-kit/MyWorkSpace/Build/MdeModule/DEBUG_GCC44/X64/MdePkg/Library/BaseMemoryLib/BaseMemoryLib/OUTPUT/BaseMemoryLib.lib(MemLibGuid.obj)
 .debug_frame   0x00000000000011c0       0x30 /home/neo/development/uefi/UDK-uefi-development-kit/MyWorkSpace/Build/MdeModule/DEBUG_GCC44/X64/MdePkg/Library/BaseMemoryLib/BaseMemoryLib/OUTPUT/BaseMemoryLib.lib(CopyMem.obj)
 .debug_frame   0x00000000000011f0      0x178 /home/neo/development/uefi/UDK-uefi-development-kit/MyWorkSpace/Build/MdeModule/DEBUG_GCC44/X64/MdePkg/Library/BaseLib/BaseLib/OUTPUT/BaseLib.lib(Unaligned.obj)
